Component: ARM Compiler 5.06 update 3 (build 300) Tool: armlink [4d35c9]

==============================================================================

Section Cross References

    bitmap.o(i.bitmapClear) refers to assert.o(.text) for __aeabi_assert
    bitmap.o(i.bitmapGetFirstSet) refers to bitmap.o(i.bitmapPosCount) for bitmapPosCount
    bitmap.o(i.bitmapGetFirstSet) refers to bitmap.o(.constdata) for quickFindTable
    bitmap.o(i.bitmapSet) refers to assert.o(.text) for __aeabi_assert
    lock.o(i.lockSched) refers to lock.o(i.enterCritical) for enterCritical
    lock.o(i.lockSched) refers to lock.o(i.leaveCritical) for leaveCritical
    lock.o(i.lockSched) refers to lock.o(.data) for schedLockCount
    lock.o(i.schedLockInit) refers to lock.o(.data) for schedLockCount
    lock.o(i.unlockSched) refers to lock.o(i.enterCritical) for enterCritical
    lock.o(i.unlockSched) refers to rt_task.o(i.taskSched) for taskSched
    lock.o(i.unlockSched) refers to lock.o(i.leaveCritical) for leaveCritical
    lock.o(i.unlockSched) refers to lock.o(.data) for schedLockCount
    main.o(i.main) refers to main.o(i.rtosInit) for rtosInit
    main.o(i.main) refers to rt_task.o(i.getHighestReadyTask) for getHighestReadyTask
    main.o(i.main) refers to switch.o(i.runFirstTask2) for runFirstTask2
    main.o(i.main) refers to rt_task.o(.data) for nextTask
    main.o(i.rtosInit) refers to lock.o(i.schedLockInit) for schedLockInit
    main.o(i.rtosInit) refers to bitmap.o(i.bitmapInit) for bitmapInit
    main.o(i.rtosInit) refers to rt_task.o(i.taskDelayedListInit) for taskDelayedListInit
    main.o(i.rtosInit) refers to rt_list.o(i.listHeadInit) for listHeadInit
    main.o(i.rtosInit) refers to rt_task.o(i.taskInit) for taskInit
    main.o(i.rtosInit) refers to rt_task.o(.data) for taskPriorityBitmap
    main.o(i.rtosInit) refers to rt_task.o(.bss) for taskTable
    main.o(i.rtosInit) refers to rt_idletask.o(.bss) for idleTaskEnv
    main.o(i.rtosInit) refers to rt_idletask.o(i.idleTaskEntry) for idleTaskEntry
    main.o(i.rtosInit) refers to rt_idletask.o(.data) for idleTask
    rt_cpu.o(i.setSysTick) refers to system_armcm3.o(.data) for SystemCoreClock
    rt_eflaggroup.o(i.eFlagGroupDestory) refers to lock.o(i.enterCritical) for enterCritical
    rt_eflaggroup.o(i.eFlagGroupDestory) refers to rt_event.o(i.eventRemoveAllTask) for eventRemoveAllTask
    rt_eflaggroup.o(i.eFlagGroupDestory) refers to rt_task.o(i.taskSched) for taskSched
    rt_eflaggroup.o(i.eFlagGroupDestory) refers to lock.o(i.leaveCritical) for leaveCritical
    rt_eflaggroup.o(i.eFlagGroupGetInfo) refers to lock.o(i.enterCritical) for enterCritical
    rt_eflaggroup.o(i.eFlagGroupGetInfo) refers to rt_list.o(i.getListNodeNum) for getListNodeNum
    rt_eflaggroup.o(i.eFlagGroupGetInfo) refers to lock.o(i.leaveCritical) for leaveCritical
    rt_eflaggroup.o(i.eFlagGroupGetWithNoWait) refers to lock.o(i.enterCritical) for enterCritical
    rt_eflaggroup.o(i.eFlagGroupGetWithNoWait) refers to rt_eflaggroup.o(i.eFlagGroupCheckExpected) for eFlagGroupCheckExpected
    rt_eflaggroup.o(i.eFlagGroupGetWithNoWait) refers to lock.o(i.leaveCritical) for leaveCritical
    rt_eflaggroup.o(i.eFlagGroupInit) refers to rt_event.o(i.eventInit) for eventInit
    rt_eflaggroup.o(i.eFlagGroupPost) refers to lock.o(i.enterCritical) for enterCritical
    rt_eflaggroup.o(i.eFlagGroupPost) refers to rt_eflaggroup.o(i.eFlagGroupCheckExpected) for eFlagGroupCheckExpected
    rt_eflaggroup.o(i.eFlagGroupPost) refers to rt_event.o(i.eventWakeUpGivenTask) for eventWakeUpGivenTask
    rt_eflaggroup.o(i.eFlagGroupPost) refers to rt_task.o(i.taskSched) for taskSched
    rt_eflaggroup.o(i.eFlagGroupPost) refers to lock.o(i.leaveCritical) for leaveCritical
    rt_eflaggroup.o(i.eFlagGroupPost) refers to rt_task.o(.data) for currentTask
    rt_eflaggroup.o(i.eFlagGroupWait) refers to lock.o(i.enterCritical) for enterCritical
    rt_eflaggroup.o(i.eFlagGroupWait) refers to rt_eflaggroup.o(i.eFlagGroupCheckExpected) for eFlagGroupCheckExpected
    rt_eflaggroup.o(i.eFlagGroupWait) refers to rt_event.o(i.eventWait) for eventWait
    rt_eflaggroup.o(i.eFlagGroupWait) refers to rt_task.o(i.taskSched) for taskSched
    rt_eflaggroup.o(i.eFlagGroupWait) refers to lock.o(i.leaveCritical) for leaveCritical
    rt_eflaggroup.o(i.eFlagGroupWait) refers to rt_task.o(.data) for currentTask
    rt_event.o(i.eventGetWaitNum) refers to lock.o(i.enterCritical) for enterCritical
    rt_event.o(i.eventGetWaitNum) refers to rt_list.o(i.getListNodeNum) for getListNodeNum
    rt_event.o(i.eventGetWaitNum) refers to lock.o(i.leaveCritical) for leaveCritical
    rt_event.o(i.eventInit) refers to rt_list.o(i.listHeadInit) for listHeadInit
    rt_event.o(i.eventInsertTaskByPriority) refers to rt_list.o(i.getListNodeNum) for getListNodeNum
    rt_event.o(i.eventInsertTaskByPriority) refers to rt_list.o(i.listNodeInsert2Tail) for listNodeInsert2Tail
[...]
    startup_armcm3.o(HEAP) refers (Special) to heapauxi.o(.text) for __use_two_region_memory
    startup_armcm3.o(RESET) refers (Special) to heapauxi.o(.text) for __use_two_region_memory
    startup_armcm3.o(RESET) refers to startup_armcm3.o(STACK) for __initial_sp
    startup_armcm3.o(RESET) refers to startup_armcm3.o(.text) for Reset_Handler
    startup_armcm3.o(RESET) refers to switch.o(.emb_text) for PendSV_Handler
    startup_armcm3.o(RESET) refers to rt_time.o(i.SysTick_Handler) for SysTick_Handler
    startup_armcm3.o(.text) refers (Special) to heapauxi.o(.text) for __use_two_region_memory
    startup_armcm3.o(.text) refers to system_armcm3.o(i.SystemInit) for SystemInit
    startup_armcm3.o(.text) refers to __main.o(!!!main) for __main
    startup_armcm3.o(.text) refers to startup_armcm3.o(HEAP) for Heap_Mem
    startup_armcm3.o(.text) refers to startup_armcm3.o(STACK) for Stack_Mem
    system_armcm3.o(i.SystemCoreClockUpdate) refers to system_armcm3.o(.data) for SystemCoreClock
    system_armcm3.o(i.SystemInit) refers to system_armcm3.o(.data) for SystemCoreClock
    assert.o(.text) refers to assert_puts.o(.text) for __assert_puts
    assert.o(.text) refers to abort.o(.text) for abort
    __main.o(!!!main) refers to __rtentry.o(.ARM.Collect$$rtentry$$00000000) for __rt_entry
    d2f.o(x$fpl$d2f) refers (Special) to usenofp.o(x$fpl$usenofp) for __I$use$fp
    d2f.o(x$fpl$d2f) refers to fretinf.o(x$fpl$fretinf) for __fpl_fretinf
    d2f.o(x$fpl$d2f) refers to dnaninf.o(x$fpl$dnaninf) for __fpl_dnaninf
    daddsub_clz.o(x$fpl$dadd) refers (Special) to usenofp.o(x$fpl$usenofp) for __I$use$fp
    daddsub_clz.o(x$fpl$dadd) refers to daddsub_clz.o(x$fpl$dsub) for _dsub1
    daddsub_clz.o(x$fpl$dadd) refers to dretinf.o(x$fpl$dretinf) for __fpl_dretinf
    daddsub_clz.o(x$fpl$dadd) refers to dnaninf.o(x$fpl$dnaninf) for __fpl_dnaninf
    daddsub_clz.o(x$fpl$drsb) refers (Special) to usenofp.o(x$fpl$usenofp) for __I$use$fp
    daddsub_clz.o(x$fpl$drsb) refers to daddsub_clz.o(x$fpl$dadd) for _dadd1
    daddsub_clz.o(x$fpl$drsb) refers to daddsub_clz.o(x$fpl$dsub) for _dsub1
    daddsub_clz.o(x$fpl$dsub) refers (Special) to usenofp.o(x$fpl$usenofp) for __I$use$fp
    daddsub_clz.o(x$fpl$dsub) refers to daddsub_clz.o(x$fpl$dadd) for _dadd1
    daddsub_clz.o(x$fpl$dsub) refers to dnaninf.o(x$fpl$dnaninf) for __fpl_dnaninf
    ddiv.o(x$fpl$drdiv) refers (Special) to usenofp.o(x$fpl$usenofp) for __I$use$fp
    ddiv.o(x$fpl$drdiv) refers to ddiv.o(x$fpl$ddiv) for ddiv_entry
    ddiv.o(x$fpl$ddiv) refers (Special) to usenofp.o(x$fpl$usenofp) for __I$use$fp
    ddiv.o(x$fpl$ddiv) refers to dretinf.o(x$fpl$dretinf) for __fpl_dretinf
    ddiv.o(x$fpl$ddiv) refers to dnaninf.o(x$fpl$dnaninf) for __fpl_dnaninf
    dflt_clz.o(x$fpl$dfltu) refers (Special) to usenofp.o(x$fpl$usenofp) for __I$use$fp
    dflt_clz.o(x$fpl$dflt) refers (Special) to usenofp.o(x$fpl$usenofp) for __I$use$fp
    dflt_clz.o(x$fpl$dfltn) refers (Special) to usenofp.o(x$fpl$usenofp) for __I$use$fp
    dmul.o(x$fpl$dmul) refers (Special) to usenofp.o(x$fpl$usenofp) for __I$use$fp
    dmul.o(x$fpl$dmul) refers to dretinf.o(x$fpl$dretinf) for __fpl_dretinf
    dmul.o(x$fpl$dmul) refers to dnaninf.o(x$fpl$dnaninf) for __fpl_dnaninf
    __rtentry.o(.ARM.Collect$$rtentry$$00000000) refers (Special) to __rtentry2.o(.ARM.Collect$$rtentry$$0000000A) for __rt_entry_li
    __rtentry.o(.ARM.Collect$$rtentry$$00000000) refers (Special) to __rtentry2.o(.ARM.Collect$$rtentry$$0000000D) for __rt_entry_main
    __rtentry.o(.ARM.Collect$$rtentry$$00000000) refers (Special) to __rtentry2.o(.ARM.Collect$$rtentry$$0000000C) for __rt_entry_postli_1
    __rtentry.o(.ARM.Collect$$rtentry$$00000000) refers (Special) to __rtentry2.o(.ARM.Collect$$rtentry$$00000009) for __rt_entry_postsh_1
    __rtentry.o(.ARM.Collect$$rtentry$$00000000) refers (Special) to __rtentry2.o(.ARM.Collect$$rtentry$$00000002) for __rt_entry_presh_1
    __rtentry.o(.ARM.Collect$$rtentry$$00000000) refers (Special) to __rtentry4.o(.ARM.Collect$$rtentry$$00000004) for __rt_entry_sh
    abort.o(.text) refers to defsig_abrt_outer.o(.text) for __rt_SIGABRT
    abort.o(.text) refers (Weak) to libshutdown.o(.ARM.Collect$$libshutdown$$00000000) for __rt_lib_shutdown
    abort.o(.text) refers to sys_exit.o(.text) for _sys_exit
    assert_puts.o(.text) refers to sys_wrch.o(.text) for _ttywrch
    dnaninf.o(x$fpl$dnaninf) refers (Special) to usenofp.o(x$fpl$usenofp) for __I$use$fp
    dretinf.o(x$fpl$dretinf) refers (Special) to usenofp.o(x$fpl$usenofp) for __I$use$fp
    fretinf.o(x$fpl$fretinf) refers (Special) to usenofp.o(x$fpl$usenofp) for __I$use$fp
    sys_wrch.o(.text) refers (Special) to use_no_semi.o(.text) for __I$use$semihosting
    sys_wrch.o(.text) refers (Special) to indicate_semi.o(.text) for __semihosting_library_function
    sys_exit.o(.text) refers (Special) to use_no_semi.o(.text) for __I$use$semihosting
    sys_exit.o(.text) refers (Special) to indicate_semi.o(.text) for __semihosting_library_function
    __rtentry2.o(.ARM.Collect$$rtentry$$00000008) refers to boardinit2.o(.text) for _platform_post_stackheap_init
    __rtentry2.o(.ARM.Collect$$rtentry$$0000000A) refers to libinit.o(.ARM.Collect$$libinit$$00000000) for __rt_lib_init
    __rtentry2.o(.ARM.Collect$$rtentry$$0000000B) refers to boardinit3.o(.text) for _platform_post_lib_init
    __rtentry2.o(.ARM.Collect$$rtentry$$0000000D) refers to main.o(i.main) for main
    __rtentry2.o(.ARM.Collect$$rtentry$$0000000D) refers to exit.o(.text) for exit
    __rtentry2.o(.ARM.exidx) refers to __rtentry2.o(.ARM.Collect$$rtentry$$00000001) for .ARM.Collect$$rtentry$$00000001
    __rtentry2.o(.ARM.exidx) refers to __rtentry2.o(.ARM.Collect$$rtentry$$00000008) for .ARM.Collect$$rtentry$$00000008
    __rtentry2.o(.ARM.exidx) refers to __rtentry2.o(.ARM.Collect$$rtentry$$0000000A) for .ARM.Collect$$rtentry$$0000000A
    __rtentry2.o(.ARM.exidx) refers to __rtentry2.o(.ARM.Collect$$rtentry$$0000000B) for .ARM.Collect$$rtentry$$0000000B
    __rtentry2.o(.ARM.exidx) refers to __rtentry2.o(.ARM.Collect$$rtentry$$0000000D) for .ARM.Collect$$rtentry$$0000000D
    __rtentry4.o(.ARM.Collect$$rtentry$$00000004) refers to sys_stackheap_outer.o(.text) for __user_setup_stackheap
    __rtentry4.o(.ARM.exidx) refers to __rtentry4.o(.ARM.Collect$$rtentry$$00000004) for .ARM.Collect$$rtentry$$00000004
    defsig_abrt_outer.o(.text) refers to defsig_abrt_inner.o(.text) for __rt_SIGABRT_inner
    defsig_abrt_outer.o(.text) refers to defsig_exit.o(.text) for __sig_exit
    defsig_abrt_formal.o(.text) refers to rt_raise.o(.text) for __rt_raise
    sys_stackheap_outer.o(.text) refers to libspace.o(.text) for __user_perproc_libspace
    sys_stackheap_outer.o(.text) refers to startup_armcm3.o(.text) for __user_initial_stackheap
    rt_raise.o(.text) refers to __raise.o(.text) for __raise
    rt_raise.o(.text) refers to sys_exit.o(.text) for _sys_exit
    exit.o(.text) refers to rtexit.o(.ARM.Collect$$rtexit$$00000000) for __rt_exit
    defsig_exit.o(.text) refers to sys_exit.o(.text) for _sys_exit
    defsig_abrt_inner.o(.text) refers to defsig_general.o(.text) for __default_signal_display
    libinit.o(.ARM.Collect$$libinit$$00000000) refers (Special) to libinit2.o(.ARM.Collect$$libinit$$0000002E) for __rt_lib_init_alloca_1
    libinit.o(.ARM.Collect$$libinit$$00000000) refers (Special) to libinit2.o(.ARM.Collect$$libinit$$0000002C) for __rt_lib_init_argv_1
    libinit.o(.ARM.Collect$$libinit$$00000000) refers (Special) to libinit2.o(.ARM.Collect$$libinit$$0000001B) for __rt_lib_init_atexit_1
    libinit.o(.ARM.Collect$$libinit$$00000000) refers (Special) to libinit2.o(.ARM.Collect$$libinit$$00000021) for __rt_lib_init_clock_1
    libinit.o(.ARM.Collect$$libinit$$00000000) refers (Special) to libinit2.o(.ARM.Collect$$libinit$$00000032) for __rt_lib_init_cpp_1
    libinit.o(.ARM.Collect$$libinit$$00000000) refers (Special) to libinit2.o(.ARM.Collect$$libinit$$00000030) for __rt_lib_init_exceptions_1
    libinit.o(.ARM.Collect$$libinit$$00000000) refers (Special) to libinit2.o(.ARM.Collect$$libinit$$00000002) for __rt_lib_init_fp_1
    libinit.o(.ARM.Collect$$libinit$$00000000) refers (Special) to libinit2.o(.ARM.Collect$$libinit$$0000001F) for __rt_lib_init_fp_trap_1
    libinit.o(.ARM.Collect$$libinit$$00000000) refers (Special) to libinit2.o(.ARM.Collect$$libinit$$00000023) for __rt_lib_init_getenv_1
    libinit.o(.ARM.Collect$$libinit$$00000000) refers (Special) to libinit2.o(.ARM.Collect$$libinit$$0000000A) for __rt_lib_init_heap_1
    libinit.o(.ARM.Collect$$libinit$$00000000) refers (Special) to libinit2.o(.ARM.Collect$$libinit$$00000011) for __rt_lib_init_lc_collate_1
    libinit.o(.ARM.Collect$$libinit$$00000000) refers (Special) to libinit2.o(.ARM.Collect$$libinit$$00000013) for __rt_lib_init_lc_ctype_1
    libinit.o(.ARM.Collect$$libinit$$00000000) refers (Special) to libinit2.o(.ARM.Collect$$libinit$$00000015) for __rt_lib_init_lc_monetary_1
    libinit.o(.ARM.Collect$$libinit$$00000000) refers (Special) to libinit2.o(.ARM.Collect$$libinit$$00000017) for __rt_lib_init_lc_numeric_1
    libinit.o(.ARM.Collect$$libinit$$00000000) refers (Special) to libinit2.o(.ARM.Collect$$libinit$$00000019) for __rt_lib_init_lc_time_1
    libinit.o(.ARM.Collect$$libinit$$00000000) refers (Special) to libinit2.o(.ARM.Collect$$libinit$$00000004) for __rt_lib_init_preinit_1
    libinit.o(.ARM.Collect$$libinit$$00000000) refers (Special) to libinit2.o(.ARM.Collect$$libinit$$0000000E) for __rt_lib_init_rand_1
    libinit.o(.ARM.Collect$$libinit$$00000000) refers (Special) to libinit2.o(.ARM.Collect$$libinit$$00000033) for __rt_lib_init_return
    libinit.o(.ARM.Collect$$libinit$$00000000) refers (Special) to libinit2.o(.ARM.Collect$$libinit$$0000001D) for __rt_lib_init_signal_1
    libinit.o(.ARM.Collect$$libinit$$00000000) refers (Special) to libinit2.o(.ARM.Collect$$libinit$$00000025) for __rt_lib_init_stdio_1
    libinit.o(.ARM.Collect$$libinit$$00000000) refers (Special) to libinit2.o(.ARM.Collect$$libinit$$0000000C) for __rt_lib_init_user_alloc_1
    libspace.o(.text) refers to libspace.o(.bss) for __libspace_start
    rtexit.o(.ARM.Collect$$rtexit$$00000000) refers (Special) to rtexit2.o(.ARM.Collect$$rtexit$$00000004) for __rt_exit_exit
    rtexit.o(.ARM.Collect$$rtexit$$00000000) refers (Special) to rtexit2.o(.ARM.Collect$$rtexit$$00000003) for __rt_exit_ls
    rtexit.o(.ARM.Collect$$rtexit$$00000000) refers (Special) to rtexit2.o(.ARM.Collect$$rtexit$$00000002) for __rt_exit_prels_1
    rtexit.o(.ARM.exidx) refers (Special) to rtexit2.o(.ARM.Collect$$rtexit$$00000004) for __rt_exit_exit
    rtexit.o(.ARM.exidx) refers (Special) to rtexit2.o(.ARM.Collect$$rtexit$$00000003) for __rt_exit_ls
    rtexit.o(.ARM.exidx) refers (Special) to rtexit2.o(.ARM.Collect$$rtexit$$00000002) for __rt_exit_prels_1
    rtexit.o(.ARM.exidx) refers to rtexit.o(.ARM.Collect$$rtexit$$00000000) for .ARM.Collect$$rtexit$$00000000
    __raise.o(.text) refers to defsig.o(CL$$defsig) for __default_signal_handler
    defsig_general.o(.text) refers to sys_wrch.o(.text) for _ttywrch
    libinit2.o(.ARM.Collect$$libinit$$00000010) refers to libinit2.o(.ARM.Collect$$libinit$$0000000F) for .ARM.Collect$$libinit$$0000000F
    libinit2.o(.ARM.Collect$$libinit$$00000012) refers to libinit2.o(.ARM.Collect$$libinit$$0000000F) for .ARM.Collect$$libinit$$0000000F
    libinit2.o(.ARM.Collect$$libinit$$00000014) refers to libinit2.o(.ARM.Collect$$libinit$$0000000F) for .ARM.Collect$$libinit$$0000000F
    libinit2.o(.ARM.Collect$$libinit$$00000016) refers to libinit2.o(.ARM.Collect$$libinit$$0000000F) for .ARM.Collect$$libinit$$0000000F
    libinit2.o(.ARM.Collect$$libinit$$00000018) refers to libinit2.o(.ARM.Collect$$libinit$$0000000F) for .ARM.Collect$$libinit$$0000000F
    libinit2.o(.ARM.Collect$$libinit$$00000026) refers to argv_veneer.o(.emb_text) for __ARM_argv_veneer
    libinit2.o(.ARM.Collect$$libinit$$00000027) refers to argv_veneer.o(.emb_text) for __ARM_argv_veneer
    rtexit2.o(.ARM.Collect$$rtexit$$00000003) refers to libshutdown.o(.ARM.Collect$$libshutdown$$00000000) for __rt_lib_shutdown
    rtexit2.o(.ARM.Collect$$rtexit$$00000004) refers to sys_exit.o(.text) for _sys_exit
    rtexit2.o(.ARM.exidx) refers to rtexit2.o(.ARM.Collect$$rtexit$$00000001) for .ARM.Collect$$rtexit$$00000001
    rtexit2.o(.ARM.exidx) refers to rtexit2.o(.ARM.Collect$$rtexit$$00000003) for .ARM.Collect$$rtexit$$00000003
    rtexit2.o(.ARM.exidx) refers to rtexit2.o(.ARM.Collect$$rtexit$$00000004) for .ARM.Collect$$rtexit$$00000004
    defsig.o(CL$$defsig) refers to defsig_abrt_inner.o(.text) for __rt_SIGABRT_inner
    defsig.o(CL$$defsig) refers to defsig_rtmem_inner.o(.text) for __rt_SIGRTMEM_inner
    argv_veneer.o(.emb_text) refers to no_argv.o(.text) for __ARM_get_argv
    defsig_fpe_inner.o(.text) refers to defsig_general.o(.text) for __default_signal_display
    defsig_rtred_inner.o(.text) refers to defsig_general.o(.text) for __default_signal_display
    defsig_rtmem_inner.o(.text) refers to defsig_general.o(.text) for __default_signal_display
    defsig_stak_inner.o(.text) refers to defsig_general.o(.text) for __default_signal_display
    defsig_pvfn_inner.o(.text) refers to defsig_general.o(.text) for __default_signal_display
    defsig_cppl_inner.o(.text) refers to defsig_general.o(.text) for __default_signal_display
    defsig_segv_inner.o(.text) refers to defsig_general.o(.text) for __default_signal_display
    defsig_other.o(.text) refers to defsig_general.o(.text) for __default_signal_display
    _get_argv_nomalloc.o(.text) refers (Special) to hrguard.o(.text) for __heap_region$guard
    _get_argv_nomalloc.o(.text) refers to defsig_rtmem_outer.o(.text) for __rt_SIGRTMEM
    _get_argv_nomalloc.o(.text) refers to sys_command.o(.text) for _sys_command_string
    libshutdown.o(.ARM.Collect$$libshutdown$$00000000) refers (Special) to libshutdown2.o(.ARM.Collect$$libshutdown$$00000002) for __rt_lib_shutdown_cpp_1
    libshutdown.o(.ARM.Collect$$libshutdown$$00000000) refers (Special) to libshutdown2.o(.ARM.Collect$$libshutdown$$00000007) for __rt_lib_shutdown_fp_trap_1
    libshutdown.o(.ARM.Collect$$libshutdown$$00000000) refers (Special) to libshutdown2.o(.ARM.Collect$$libshutdown$$0000000F) for __rt_lib_shutdown_heap_1
    libshutdown.o(.ARM.Collect$$libshutdown$$00000000) refers (Special) to libshutdown2.o(.ARM.Collect$$libshutdown$$00000010) for __rt_lib_shutdown_return
    libshutdown.o(.ARM.Collect$$libshutdown$$00000000) refers (Special) to libshutdown2.o(.ARM.Collect$$libshutdown$$0000000A) for __rt_lib_shutdown_signal_1
    libshutdown.o(.ARM.Collect$$libshutdown$$00000000) refers (Special) to libshutdown2.o(.ARM.Collect$$libshutdown$$00000004) for __rt_lib_shutdown_stdio_1
    libshutdown.o(.ARM.Collect$$libshutdown$$00000000) refers (Special) to libshutdown2.o(.ARM.Collect$$libshutdown$$0000000C) for __rt_lib_shutdown_user_alloc_1
    sys_command.o(.text) refers (Special) to use_no_semi.o(.text) for __I$use$semihosting
    sys_command.o(.text) refers (Special) to indicate_semi.o(.text) for __semihosting_library_function
    defsig_rtmem_outer.o(.text) refers to defsig_rtmem_inner.o(.text) for __rt_SIGRTMEM_inner
    defsig_rtmem_outer.o(.text) refers to defsig_exit.o(.text) for __sig_exit
    defsig_rtmem_formal.o(.text) refers to rt_raise.o(.text) for __rt_raise


==============================================================================

Removing Unused input sections from the image.

    Removing lock.o(.rev16_text), (4 bytes).
    Removing lock.o(.revsh_text), (4 bytes).
    Removing lock.o(.rrx_text), (6 bytes).
    Removing rt_cpu.o(.rev16_text), (4 bytes).
    Removing rt_cpu.o(.revsh_text), (4 bytes).
    Removing rt_cpu.o(.rrx_text), (6 bytes).
    Removing rt_eflaggroup.o(i.eFlagGroupCheckExpected), (86 bytes).
    Removing rt_eflaggroup.o(i.eFlagGroupDestory), (38 bytes).
    Removing rt_eflaggroup.o(i.eFlagGroupGetInfo), (42 bytes).
    Removing rt_eflaggroup.o(i.eFlagGroupGetWithNoWait), (68 bytes).
    Removing rt_eflaggroup.o(i.eFlagGroupInit), (18 bytes).
    Removing rt_eflaggroup.o(i.eFlagGroupPost), (140 bytes).
    Removing rt_eflaggroup.o(i.eFlagGroupWait), (120 bytes).
    Removing rt_event.o(i.eventRemoveAllTask), (86 bytes).
    Removing rt_event.o(i.eventWakeUpGivenTask), (64 bytes).
    Removing rt_hooks.o(.rev16_text), (4 bytes).
    Removing rt_hooks.o(.revsh_text), (4 bytes).
    Removing rt_hooks.o(.rrx_text), (6 bytes).
    Removing rt_idletask.o(i.cpuGetUsage), (12 bytes).
    Removing rt_list.o(i.getLastListNode), (14 bytes).
    Removing rt_list.o(i.getNextListNode), (16 bytes).
    Removing rt_list.o(i.getPrevListNode), (16 bytes).
    Removing rt_list.o(i.listClearALL), (34 bytes).
    Removing rt_mailbox.o(i.mboxDestory), (46 bytes).
    Removing rt_mailbox.o(i.mboxFlush), (34 bytes).
    Removing rt_mailbox.o(i.mboxGetInfo), (44 bytes).
    Removing rt_mailbox.o(i.mboxGetWithNoWait), (68 bytes).
    Removing rt_mailbox.o(i.mboxInit), (30 bytes).
    Removing rt_mailbox.o(i.mboxPost), (164 bytes).
    Removing rt_mailbox.o(i.mboxWait), (108 bytes).
    Removing rt_memblock.o(i.memBlockDestory), (38 bytes).
    Removing rt_memblock.o(i.memBlockGetInfo), (54 bytes).
    Removing rt_memblock.o(i.memBlockGetWithNoWait), (52 bytes).
    Removing rt_memblock.o(i.memBlockInit), (80 bytes).
    Removing rt_memblock.o(i.memBlockPost), (84 bytes).
    Removing rt_memblock.o(i.memBlockWait), (92 bytes).
    Removing rt_mutex.o(i.mutexDestory), (102 bytes).
    Removing rt_mutex.o(i.mutexGetInfo), (72 bytes).
    Removing rt_mutex.o(i.mutexGetWithNoWait), (84 bytes).
    Removing rt_mutex.o(i.mutexInit), (24 bytes).
    Removing rt_mutex.o(i.mutexPost), (152 bytes).
    Removing rt_mutex.o(i.mutexWait), (228 bytes).
    Removing rt_task.o(.rev16_text), (4 bytes).
    Removing rt_task.o(.revsh_text), (4 bytes).
    Removing rt_task.o(.rrx_text), (6 bytes).
    Removing rt_task.o(i.taskDeleteSelf), (56 bytes).
    Removing rt_task.o(i.taskForceDelete), (80 bytes).
    Removing rt_task.o(i.taskGetInfo), (96 bytes).
    Removing rt_task.o(i.taskIsRequestedDelete), (8 bytes).
    Removing rt_task.o(i.taskRequestDelete), (8 bytes).
    Removing rt_task.o(i.taskSetCleanCallFunc), (6 bytes).
    Removing rt_task.o(i.taskSuspend), (76 bytes).
    Removing rt_task.o(i.taskWakeUp), (72 bytes).
    Removing rt_timer.o(i.timerDestory), (100 bytes).
    Removing rt_timer.o(i.timerGetInfo), (58 bytes).
    Removing rt_timer.o(i.timerResume), (92 bytes).
    Removing rt_timer.o(i.timerStop), (100 bytes).
    Removing semaphore.o(i.semDestory), (42 bytes).
    Removing semaphore.o(i.semGetInfo), (44 bytes).
    Removing semaphore.o(i.semGetWithNoWait), (40 bytes).
    Removing switch.o(.rev16_text), (4 bytes).
    Removing switch.o(.revsh_text), (4 bytes).
    Removing switch.o(.rrx_text), (6 bytes).
    Removing switch.o(i.runFirstTask), (28 bytes).
    Removing system_armcm3.o(.rev16_text), (4 bytes).
    Removing system_armcm3.o(.revsh_text), (4 bytes).
    Removing system_armcm3.o(.rrx_text), (6 bytes).
    Removing system_armcm3.o(i.SystemCoreClockUpdate), (16 bytes).

68 unused section(s) (total 3316 bytes) removed from the image.

==============================================================================

Image Symbol Table

    Local Symbols

    Symbol Name                              Value     Ov Type        Size  Object(Section)

    RESET                                    0x00000000   Section      192  startup_armcm3.o(RESET)
    ../clib/angel/boardlib.s                 0x00000000   Number         0  boardinit1.o ABSOLUTE
    ../clib/angel/boardlib.s                 0x00000000   Number         0  boardinit2.o ABSOLUTE
    ../clib/angel/boardlib.s                 0x00000000   Number         0  boardinit3.o ABSOLUTE
    ../clib/angel/boardlib.s                 0x00000000   Number         0  boardshut.o ABSOLUTE
    ../clib/angel/handlers.s                 0x00000000   Number         0  __scatter_copy.o ABSOLUTE
    ../clib/angel/handlers.s                 0x00000000   Number         0  __scatter_zi.o ABSOLUTE
    ../clib/angel/kernel.s                   0x00000000   Number         0  rtexit.o ABSOLUTE
    ../clib/angel/kernel.s                   0x00000000   Number         0  __rtentry4.o ABSOLUTE
    ../clib/angel/kernel.s                   0x00000000   Number         0  rtexit2.o ABSOLUTE
    ../clib/angel/kernel.s                   0x00000000   Number         0  __rtentry2.o ABSOLUTE
    ../clib/angel/kernel.s                   0x00000000   Number         0  __rtentry.o ABSOLUTE
    ../clib/angel/rt.s                       0x00000000   Number         0  rt_raise.o ABSOLUTE
    ../clib/angel/scatter.s                  0x00000000   Number         0  __scatter.o ABSOLUTE
    ../clib/angel/startup.s                  0x00000000   Number         0  __main.o ABSOLUTE
    ../clib/angel/sys.s                      0x00000000   Number         0  sys_stackheap_outer.o ABSOLUTE
    ../clib/angel/sys.s                      0x00000000   Number         0  libspace.o ABSOLUTE
    ../clib/angel/sys.s                      0x00000000   Number         0  use_no_semi.o ABSOLUTE
    ../clib/angel/sys.s                      0x00000000   Number         0  indicate_semi.o ABSOLUTE
    ../clib/angel/sysapp.c                   0x00000000   Number         0  sys_wrch.o ABSOLUTE
    ../clib/angel/sysapp.c                   0x00000000   Number         0  sys_exit.o ABSOLUTE
    ../clib/angel/sysapp.c                   0x00000000   Number         0  sys_command.o ABSOLUTE
    ../clib/armsys.c                         0x00000000   Number         0  _get_argv_nomalloc.o ABSOLUTE
    ../clib/armsys.c                         0x00000000   Number         0  no_argv.o ABSOLUTE
    ../clib/armsys.c                         0x00000000   Number         0  argv_veneer.o ABSOLUTE
    ../clib/armsys.c                         0x00000000   Number         0  argv_veneer.o ABSOLUTE
    ../clib/assert.c                         0x00000000   Number         0  assert.o ABSOLUTE
    ../clib/assert.c                         0x00000000   Number         0  assert_puts.o ABSOLUTE
    ../clib/heapalloc.c                      0x00000000   Number         0  hrguard.o ABSOLUTE
    ../clib/heapaux.c                        0x00000000   Number         0  heapauxi.o ABSOLUTE
    ../clib/libinit.s                        0x00000000   Number         0  libshutdown.o ABSOLUTE
    ../clib/libinit.s                        0x00000000   Number         0  libshutdown2.o ABSOLUTE
    ../clib/libinit.s                        0x00000000   Number         0  libinit2.o ABSOLUTE
    ../clib/libinit.s                        0x00000000   Number         0  libinit.o ABSOLUTE
    ../clib/memcpset.s                       0x00000000   Number         0  rt_memclr_w.o ABSOLUTE
    ../clib/memcpset.s                       0x00000000   Number         0  rt_memcpy_w.o ABSOLUTE
    ../clib/signal.c                         0x00000000   Number         0  defsig_pvfn_inner.o ABSOLUTE
    ../clib/signal.c                         0x00000000   Number         0  defsig_stak_inner.o ABSOLUTE
    ../clib/signal.c                         0x00000000   Number         0  defsig_rtmem_inner.o ABSOLUTE
    ../clib/signal.c                         0x00000000   Number         0  defsig_rtred_inner.o ABSOLUTE
    ../clib/signal.c                         0x00000000   Number         0  defsig_fpe_inner.o ABSOLUTE
    ../clib/signal.c                         0x00000000   Number         0  defsig_other.o ABSOLUTE
    ../clib/signal.c                         0x00000000   Number         0  defsig_exit.o ABSOLUTE
    ../clib/signal.c                         0x00000000   Number         0  defsig_general.o ABSOLUTE
    ../clib/signal.c                         0x00000000   Number         0  defsig_cppl_inner.o ABSOLUTE
    ../clib/signal.c                         0x00000000   Number         0  defsig_abrt_formal.o ABSOLUTE
    ../clib/signal.c                         0x00000000   Number         0  defsig_abrt_outer.o ABSOLUTE
    ../clib/signal.c                         0x00000000   Number         0  defsig_rtmem_outer.o ABSOLUTE
    ../clib/signal.c                         0x00000000   Number         0  defsig_rtmem_formal.o ABSOLUTE
    ../clib/signal.c                         0x00000000   Number         0  __raise.o ABSOLUTE
    ../clib/signal.c                         0x00000000   Number         0  defsig_segv_inner.o ABSOLUTE
    ../clib/signal.c                         0x00000000   Number         0  defsig_abrt_inner.o ABSOLUTE
    ../clib/signal.s                         0x00000000   Number         0  defsig.o ABSOLUTE
    ../clib/stdlib.c                         0x00000000   Number         0  abort.o ABSOLUTE
    ../clib/stdlib.c                         0x00000000   Number         0  exit.o ABSOLUTE
    ../fplib/d2f.s                           0x00000000   Number         0  d2f.o ABSOLUTE
    ../fplib/daddsub.s                       0x00000000   Number         0  daddsub_clz.o ABSOLUTE
    ../fplib/ddiv.s                          0x00000000   Number         0  ddiv.o ABSOLUTE
    ../fplib/dflt.s                          0x00000000   Number         0  dflt_clz.o ABSOLUTE
    ../fplib/dmul.s                          0x00000000   Number         0  dmul.o ABSOLUTE
    ../fplib/dnaninf.s                       0x00000000   Number         0  dnaninf.o ABSOLUTE
    ../fplib/dretinf.s                       0x00000000   Number         0  dretinf.o ABSOLUTE
    ../fplib/fpinit.s                        0x00000000   Number         0  fpinit.o ABSOLUTE
    ../fplib/fretinf.s                       0x00000000   Number         0  fretinf.o ABSOLUTE
    ../fplib/usenofp.s                       0x00000000   Number         0  usenofp.o ABSOLUTE
    RTE\Device\ARMCM3\startup_ARMCM3.s       0x00000000   Number         0  startup_armcm3.o ABSOLUTE
    RTE\Device\ARMCM3\system_ARMCM3.c        0x00000000   Number         0  system_armcm3.o ABSOLUTE
    RTE\\Device\\ARMCM3\\system_ARMCM3.c     0x00000000   Number         0  system_armcm3.o ABSOLUTE
    SRC\Source\bitmap.c                      0x00000000   Number         0  bitmap.o ABSOLUTE
    SRC\Source\lock.c                        0x00000000   Number         0  lock.o ABSOLUTE
    SRC\Source\main.c                        0x00000000   Number         0  main.o ABSOLUTE
    SRC\Source\rt_cpu.c                      0x00000000   Number         0  rt_cpu.o ABSOLUTE
    SRC\Source\rt_eflaggroup.c               0x00000000   Number         0  rt_eflaggroup.o ABSOLUTE
    SRC\Source\rt_event.c                    0x00000000   Number         0  rt_event.o ABSOLUTE
    SRC\Source\rt_hooks.c                    0x00000000   Number         0  rt_hooks.o ABSOLUTE
    SRC\Source\rt_idletask.c                 0x00000000   Number         0  rt_idletask.o ABSOLUTE
    SRC\Source\rt_list.c                     0x00000000   Number         0  rt_list.o ABSOLUTE
    SRC\Source\rt_mailbox.c                  0x00000000   Number         0  rt_mailbox.o ABSOLUTE
    SRC\Source\rt_memblock.c                 0x00000000   Number         0  rt_memblock.o ABSOLUTE
    SRC\Source\rt_mutex.c                    0x00000000   Number         0  rt_mutex.o ABSOLUTE
    SRC\Source\rt_task.c                     0x00000000   Number         0  rt_task.o ABSOLUTE
    SRC\Source\rt_time.c                     0x00000000   Number         0  rt_time.o ABSOLUTE
    SRC\Source\rt_timer.c                    0x00000000   Number         0  rt_timer.o ABSOLUTE
    SRC\Source\semaphore.c                   0x00000000   Number         0  semaphore.o ABSOLUTE
    SRC\Source\switch.c                      0x00000000   Number         0  switch.o ABSOLUTE
    SRC\\Source\\lock.c                      0x00000000   Number         0  lock.o ABSOLUTE
    SRC\\Source\\rt_cpu.c                    0x00000000   Number         0  rt_cpu.o ABSOLUTE
    SRC\\Source\\rt_hooks.c                  0x00000000   Number         0  rt_hooks.o ABSOLUTE
    SRC\\Source\\rt_task.c                   0x00000000   Number         0  rt_task.o ABSOLUTE
    SRC\\Source\\switch.c                    0x00000000   Number         0  switch.o ABSOLUTE
    SRC\application.c                        0x00000000   Number         0  application.o ABSOLUTE
    dc.s                                     0x00000000   Number         0  dc.o ABSOLUTE
    !!!main                                  0x000000c0   Section        8  __main.o(!!!main)
    !!!scatter                               0x000000c8   Section       52  __scatter.o(!!!scatter)
    !!handler_copy                           0x000000fc   Section       26  __scatter_copy.o(!!handler_copy)
    !!handler_zi                             0x00000118   Section       28  __scatter_zi.o(!!handler_zi)
    .ARM.Collect$$libinit$$00000000          0x00000134   Section        2  libinit.o(.ARM.Collect$$libinit$$00000000)
    .ARM.Collect$$libinit$$00000002          0x00000136   Section        0  libinit2.o(.ARM.Collect$$libinit$$00000002)
    .ARM.Collect$$libinit$$00000004          0x00000136   Section        0  libinit2.o(.ARM.Collect$$libinit$$00000004)
    .ARM.Collect$$libinit$$0000000A          0x00000136   Section        0  libinit2.o(.ARM.Collect$$libinit$$0000000A)
    .ARM.Collect$$libinit$$0000000C          0x00000136   Section        0  libinit2.o(.ARM.Collect$$libinit$$0000000C)
    .ARM.Collect$$libinit$$0000000E          0x00000136   Section        0  libinit2.o(.ARM.Collect$$libinit$$0000000E)
    .ARM.Collect$$libinit$$00000011          0x00000136   Section        0  libinit2.o(.ARM.Collect$$libinit$$00000011)
    .ARM.Collect$$libinit$$00000013          0x00000136   Section        0  libinit2.o(.ARM.Collect$$libinit$$00000013)
    .ARM.Collect$$libinit$$00000015          0x00000136   Section        0  libinit2.o(.ARM.Collect$$libinit$$00000015)
    .ARM.Collect$$libinit$$00000017          0x00000136   Section        0  libinit2.o(.ARM.Collect$$libinit$$00000017)
    .ARM.Collect$$libinit$$00000019          0x00000136   Section        0  libinit2.o(.ARM.Collect$$libinit$$00000019)
    .ARM.Collect$$libinit$$0000001B          0x00000136   Section        0  libinit2.o(.ARM.Collect$$libinit$$0000001B)
    .ARM.Collect$$libinit$$0000001D          0x00000136   Section        0  libinit2.o(.ARM.Collect$$libinit$$0000001D)
    .ARM.Collect$$libinit$$0000001F          0x00000136   Section        0  libinit2.o(.ARM.Collect$$libinit$$0000001F)
    .ARM.Collect$$libinit$$00000021          0x00000136   Section        0  libinit2.o(.ARM.Collect$$libinit$$00000021)
    .ARM.Collect$$libinit$$00000023          0x00000136   Section        0  libinit2.o(.ARM.Collect$$libinit$$00000023)
    .ARM.Collect$$libinit$$00000025          0x00000136   Section        0  libinit2.o(.ARM.Collect$$libinit$$00000025)
    .ARM.Collect$$libinit$$0000002C          0x00000136   Section        0  libinit2.o(.ARM.Collect$$libinit$$0000002C)
    .ARM.Collect$$libinit$$0000002E          0x00000136   Section        0  libinit2.o(.ARM.Collect$$libinit$$0000002E)
    .ARM.Collect$$libinit$$00000030          0x00000136   Section        0  libinit2.o(.ARM.Collect$$libinit$$00000030)
    .ARM.Collect$$libinit$$00000032          0x00000136   Section        0  libinit2.o(.ARM.Collect$$libinit$$00000032)
    .ARM.Collect$$libinit$$00000033          0x00000136   Section        2  libinit2.o(.ARM.Collect$$libinit$$00000033)
    .ARM.Collect$$libshutdown$$00000000      0x00000138   Section        2  libshutdown.o(.ARM.Collect$$libshutdown$$00000000)
    .ARM.Collect$$libshutdown$$00000002      0x0000013a   Section        0  libshutdown2.o(.ARM.Collect$$libshutdown$$00000002)
    .ARM.Collect$$libshutdown$$00000004      0x0000013a   Section        0  libshutdown2.o(.ARM.Collect$$libshutdown$$00000004)
    .ARM.Collect$$libshutdown$$00000007      0x0000013a   Section        0  libshutdown2.o(.ARM.Collect$$libshutdown$$00000007)
    .ARM.Collect$$libshutdown$$0000000A      0x0000013a   Section        0  libshutdown2.o(.ARM.Collect$$libshutdown$$0000000A)
    .ARM.Collect$$libshutdown$$0000000C      0x0000013a   Section        0  libshutdown2.o(.ARM.Collect$$libshutdown$$0000000C)
    .ARM.Collect$$libshutdown$$0000000F      0x0000013a   Section        0  libshutdown2.o(.ARM.Collect$$libshutdown$$0000000F)
    .ARM.Collect$$libshutdown$$00000010      0x0000013a   Section        2  libshutdown2.o(.ARM.Collect$$libshutdown$$00000010)
    .ARM.Collect$$rtentry$$00000000          0x0000013c   Section        0  __rtentry.o(.ARM.Collect$$rtentry$$00000000)
    .ARM.Collect$$rtentry$$00000002          0x0000013c   Section        0  __rtentry2.o(.ARM.Collect$$rtentry$$00000002)
    .ARM.Collect$$rtentry$$00000004          0x0000013c   Section        6  __rtentry4.o(.ARM.Collect$$rtentry$$00000004)
    .ARM.Collect$$rtentry$$00000009          0x00000142   Section        0  __rtentry2.o(.ARM.Collect$$rtentry$$00000009)
    .ARM.Collect$$rtentry$$0000000A          0x00000142   Section        4  __rtentry2.o(.ARM.Collect$$rtentry$$0000000A)
    .ARM.Collect$$rtentry$$0000000C          0x00000146   Section        0  __rtentry2.o(.ARM.Collect$$rtentry$$0000000C)
    .ARM.Collect$$rtentry$$0000000D          0x00000146   Section        8  __rtentry2.o(.ARM.Collect$$rtentry$$0000000D)
    .ARM.Collect$$rtexit$$00000000           0x0000014e   Section        2  rtexit.o(.ARM.Collect$$rtexit$$00000000)
    .ARM.Collect$$rtexit$$00000002           0x00000150   Section        0  rtexit2.o(.ARM.Collect$$rtexit$$00000002)
    .ARM.Collect$$rtexit$$00000003           0x00000150   Section        4  rtexit2.o(.ARM.Collect$$rtexit$$00000003)
    .ARM.Collect$$rtexit$$00000004           0x00000154   Section        6  rtexit2.o(.ARM.Collect$$rtexit$$00000004)
    .emb_text                                0x0000015c   Section       48  switch.o(.emb_text)
    .text                                    0x0000018c   Section       64  startup_armcm3.o(.text)
    .text                                    0x000001cc   Section        0  assert.o(.text)
    .text                                    0x0000024c   Section       78  rt_memclr_w.o(.text)
    .text                                    0x0000029a   Section        0  heapauxi.o(.text)
    .text                                    0x000002a0   Section        0  abort.o(.text)
    .text                                    0x000002b6   Section        0  assert_puts.o(.text)
    .text                                    0x000002ca   Section        0  sys_wrch.o(.text)
    .text                                    0x000002d8   Section        0  sys_exit.o(.text)
    .text                                    0x000002e4   Section        0  defsig_abrt_outer.o(.text)
    .text                                    0x000002f2   Section        2  use_no_semi.o(.text)
    .text                                    0x000002f4   Section       74  sys_stackheap_outer.o(.text)
    .text                                    0x000002f4   Section        0  indicate_semi.o(.text)
    .text                                    0x0000033e   Section        0  exit.o(.text)
    .text                                    0x00000350   Section        0  defsig_exit.o(.text)
    .text                                    0x0000035c   Section        0  defsig_abrt_inner.o(.text)
    .text                                    0x0000038c   Section        8  libspace.o(.text)
    .text                                    0x00000394   Section        0  defsig_general.o(.text)
    i.SysTick_Handler                        0x000003c6   Section        0  rt_time.o(i.SysTick_Handler)
    i.SystemInit                             0x000003d0   Section        0  system_armcm3.o(i.SystemInit)
    i.appInit                                0x000003e0   Section        0  application.o(i.appInit)
    i.bitmapClear                            0x00000474   Section        0  bitmap.o(i.bitmapClear)
    i.bitmapGetFirstSet                      0x000004b8   Section        0  bitmap.o(i.bitmapGetFirstSet)
    i.bitmapInit                             0x00000514   Section        0  bitmap.o(i.bitmapInit)
    i.bitmapPosCount                         0x0000051a   Section        0  bitmap.o(i.bitmapPosCount)
    i.bitmapSet                              0x00000520   Section        0  bitmap.o(i.bitmapSet)
    i.checkCpuUsage                          0x00000564   Section        0  rt_idletask.o(i.checkCpuUsage)
    i.checkNodeIsInList                      0x00000618   Section        0  rt_list.o(i.checkNodeIsInList)
    i.cpuUsageSyncWithSysTick                0x00000634   Section        0  rt_idletask.o(i.cpuUsageSyncWithSysTick)
    cpuUsageSyncWithSysTick                  0x00000635   Thumb Code    12  rt_idletask.o(i.cpuUsageSyncWithSysTick)
    i.enterCritical                          0x00000644   Section        0  lock.o(i.enterCritical)
    i.eventGetWaitNum                        0x00000650   Section        0  rt_event.o(i.eventGetWaitNum)
    i.eventInit                              0x0000066e   Section        0  rt_event.o(i.eventInit)
    i.eventInsertTaskByPriority              0x0000067e   Section        0  rt_event.o(i.eventInsertTaskByPriority)
    eventInsertTaskByPriority                0x0000067f   Thumb Code    76  rt_event.o(i.eventInsertTaskByPriority)
    i.eventRemoveTask                        0x000006ca   Section        0  rt_event.o(i.eventRemoveTask)
    i.eventWait                              0x00000700   Section        0  rt_event.o(i.eventWait)
    i.eventWakeUp                            0x0000074a   Section        0  rt_event.o(i.eventWakeUp)
    i.getFirstListNode                       0x000007ac   Section        0  rt_list.o(i.getFirstListNode)
    i.getHighestReadyTask                    0x000007bc   Section        0  rt_task.o(i.getHighestReadyTask)
    i.getListNodeNum                         0x000007e4   Section        0  rt_list.o(i.getListNodeNum)
    i.hooksCpuIdle                           0x000007ec   Section        0  rt_hooks.o(i.hooksCpuIdle)
    i.hooksSysTick                           0x000007fc   Section        0  rt_hooks.o(i.hooksSysTick)
    i.hooksTaskInit                          0x000007fe   Section        0  rt_hooks.o(i.hooksTaskInit)
    i.hooksTaskSwitch                        0x00000800   Section        0  rt_hooks.o(i.hooksTaskSwitch)
    i.idleTaskEntry                          0x00000804   Section        0  rt_idletask.o(i.idleTaskEntry)
    i.leaveCritical                          0x00000840   Section        0  lock.o(i.leaveCritical)
    i.listHeadInit                           0x0000084a   Section        0  rt_list.o(i.listHeadInit)
    i.listInsert                             0x00000854   Section        0  rt_list.o(i.listInsert)
    i.listNodeInit                           0x000008b4   Section        0  rt_list.o(i.listNodeInit)
    i.listNodeInsert2Head                    0x000008bc   Section        0  rt_list.o(i.listNodeInsert2Head)
    i.listNodeInsert2Tail                    0x000008d4   Section        0  rt_list.o(i.listNodeInsert2Tail)
    i.listRemove                             0x000008ec   Section        0  rt_list.o(i.listRemove)
    i.listRemoveFirst                        0x00000918   Section        0  rt_list.o(i.listRemoveFirst)
    i.lockSched                              0x00000940   Section        0  lock.o(i.lockSched)
    i.main                                   0x00000968   Section        0  main.o(i.main)
    i.rtosInit                               0x00000984   Section        0  main.o(i.rtosInit)
    i.runFirstTask2                          0x000009e4   Section        0  switch.o(i.runFirstTask2)
    i.schedLockInit                          0x00000a20   Section        0  lock.o(i.schedLockInit)
    i.semInit                                0x00000a2c   Section        0  semaphore.o(i.semInit)
    i.semPost                                0x00000a54   Section        0  semaphore.o(i.semPost)
    i.semWait                                0x00000aa8   Section        0  semaphore.o(i.semWait)
    i.setSysTick                             0x00000af0   Section        0  rt_cpu.o(i.setSysTick)
    i.task1Entry                             0x00000b48   Section        0  application.o(i.task1Entry)
    i.task2Entry                             0x00000b94   Section        0  application.o(i.task2Entry)
    i.task3Entry                             0x00000bb4   Section        0  application.o(i.task3Entry)
    i.task4Entry                             0x00000bd4   Section        0  application.o(i.task4Entry)
    i.taskDelay                              0x00000bf4   Section        0  rt_time.o(i.taskDelay)
    i.taskDelayedListInit                    0x00000c28   Section        0  rt_task.o(i.taskDelayedListInit)
    i.taskInit                               0x00000c38   Section        0  rt_task.o(i.taskInit)
    i.taskSched                              0x00000d20   Section        0  rt_task.o(i.taskSched)
    i.taskSched2Delay                        0x00000d70   Section        0  rt_task.o(i.taskSched2Delay)
    i.taskSched2Ready                        0x00000da8   Section        0  rt_task.o(i.taskSched2Ready)
    i.taskSched2Undelay                      0x00000dd8   Section        0  rt_task.o(i.taskSched2Undelay)
    i.taskSched2Unready                      0x00000e08   Section        0  rt_task.o(i.taskSched2Unready)
    i.taskSwitch                             0x00000e68   Section        0  switch.o(i.taskSwitch)
    i.taskTimeSliceHandler                   0x00000e78   Section        0  rt_time.o(i.taskTimeSliceHandler)
    i.timerCallFuncList                      0x00000f38   Section        0  rt_timer.o(i.timerCallFuncList)
    timerCallFuncList                        0x00000f39   Thumb Code    72  rt_timer.o(i.timerCallFuncList)
    i.timerFunc                              0x00000f80   Section        0  application.o(i.timerFunc)
    i.timerFuncInit                          0x00000f8c   Section        0  rt_timer.o(i.timerFuncInit)
    i.timerFuncPost                          0x00000fe4   Section        0  rt_timer.o(i.timerFuncPost)
    i.timerInit                              0x00000ffc   Section        0  rt_timer.o(i.timerInit)
    i.timerResetSemForTimerNotify            0x00001034   Section        0  rt_timer.o(i.timerResetSemForTimerNotify)
    i.timerStart                             0x00001040   Section        0  rt_timer.o(i.timerStart)
    i.timerTaskFunc                          0x000010b8   Section        0  rt_timer.o(i.timerTaskFunc)
    timerTaskFunc                            0x000010b9   Thumb Code    32  rt_timer.o(i.timerTaskFunc)
    i.unlockSched                            0x000010e4   Section        0  lock.o(i.unlockSched)
    x$fpl$d2f                                0x00001114   Section       98  d2f.o(x$fpl$d2f)
    x$fpl$dadd                               0x00001178   Section      336  daddsub_clz.o(x$fpl$dadd)
    _dadd1                                   0x00001189   Thumb Code     0  daddsub_clz.o(x$fpl$dadd)
    x$fpl$ddiv                               0x000012c8   Section      688  ddiv.o(x$fpl$ddiv)
    ddiv_entry                               0x000012cf   Thumb Code     0  ddiv.o(x$fpl$ddiv)
    x$fpl$dfltu                              0x00001578   Section       38  dflt_clz.o(x$fpl$dfltu)
    x$fpl$dmul                               0x000015a0   Section      340  dmul.o(x$fpl$dmul)
    x$fpl$dnaninf                            0x000016f4   Section      156  dnaninf.o(x$fpl$dnaninf)
    x$fpl$dretinf                            0x00001790   Section       12  dretinf.o(x$fpl$dretinf)
    x$fpl$drsb                               0x0000179c   Section       22  daddsub_clz.o(x$fpl$drsb)
    x$fpl$dsub                               0x000017b4   Section      468  daddsub_clz.o(x$fpl$dsub)
    _dsub1                                   0x000017c5   Thumb Code     0  daddsub_clz.o(x$fpl$dsub)
    x$fpl$fretinf                            0x00001988   Section       10  fretinf.o(x$fpl$fretinf)
    .constdata                               0x00001992   Section      256  bitmap.o(.constdata)
    x$fpl$usenofp                            0x00001992   Section        0  usenofp.o(x$fpl$usenofp)
    quickFindTable                           0x00001992   Data         256  bitmap.o(.constdata)
    .data                                    0x20000000   Section        1  lock.o(.data)
    .data                                    0x20000001   Section        1  rt_hooks.o(.data)
    .data                                    0x20000004   Section       24  rt_idletask.o(.data)
    cpuUsage                                 0x20000014   Data           4  rt_idletask.o(.data)
    enableCpuUsageState                      0x20000018   Data           4  rt_idletask.o(.data)
    .data                                    0x2000001c   Section       12  rt_task.o(.data)
    .data                                    0x20000028   Section       20  application.o(.data)
    .data                                    0x2000003c   Section        4  system_armcm3.o(.data)
    .bss                                     0x20000040   Section     4176  rt_idletask.o(.bss)
    .bss                                     0x20001090   Section      384  rt_task.o(.bss)
    .bss                                     0x20001210   Section       12  rt_time.o(.bss)
    .bss                                     0x2000121c   Section     4248  rt_timer.o(.bss)
    timerStrictList                          0x2000121c   Data          12  rt_timer.o(.bss)
    timerLooseList                           0x20001228   Data          12  rt_timer.o(.bss)
    semForTimerProtect                       0x20001234   Data          24  rt_timer.o(.bss)
    semForTimerNotify                        0x2000124c   Data          24  rt_timer.o(.bss)
    timerTask                                0x20001264   Data          80  rt_timer.o(.bss)
    timerTaskStack                           0x200012b4   Data        4096  rt_timer.o(.bss)
    .bss                                     0x200022b4   Section    16740  application.o(.bss)
    .bss                                     0x20006418   Section       96  libspace.o(.bss)
    HEAP                                     0x20006478   Section     3072  startup_armcm3.o(HEAP)
    Heap_Mem                                 0x20006478   Data        3072  startup_armcm3.o(HEAP)
    STACK                                    0x20007078   Section     1024  startup_armcm3.o(STACK)
    Stack_Mem                                0x20007078   Data        1024  startup_armcm3.o(STACK)
    __initial_sp                             0x20007478   Data           0  startup_armcm3.o(STACK)

    Global Symbols

    Symbol Name                              Value     Ov Type        Size  Object(Section)

    BuildAttributes$$THM_ISAv4$P$D$K$B$S$PE$A:L22UL41UL21$X:L11$S22US41US21$IEEE1$IW$USESV6$~STKCKD$USESV7$~SHL$OSPACE$ROPI$EBA8$UX$STANDARDLIB$REQ8$PRES8$EABIv2 0x00000000   Number         0  anon$$obj.o ABSOLUTE
    __ARM_use_no_argv                        0x00000000   Number         0  main.o ABSOLUTE
    __Vectors                                0x00000000   Data           4  startup_armcm3.o(RESET)
    __ARM_exceptions_init                     - Undefined Weak Reference
    __alloca_initialize                       - Undefined Weak Reference
    __arm_preinit_                            - Undefined Weak Reference
    __cpp_initialize__aeabi_                  - Undefined Weak Reference
    __cxa_finalize                            - Undefined Weak Reference
    __rt_locale                               - Undefined Weak Reference
    __sigvec_lookup                           - Undefined Weak Reference
    _atexit_init                              - Undefined Weak Reference
    _call_atexit_fns                          - Undefined Weak Reference
    _clock_init                               - Undefined Weak Reference
    _fp_trap_init                             - Undefined Weak Reference
    _fp_trap_shutdown                         - Undefined Weak Reference
    _get_lc_collate                           - Undefined Weak Reference
    _get_lc_ctype                             - Undefined Weak Reference
    _get_lc_monetary                          - Undefined Weak Reference
    _get_lc_numeric                           - Undefined Weak Reference
    _get_lc_time                              - Undefined Weak Reference
    _getenv_init                              - Undefined Weak Reference
    _handle_redirection                       - Undefined Weak Reference
    _init_alloc                               - Undefined Weak Reference
    _init_user_alloc                          - Undefined Weak Reference
    _initio                                   - Undefined Weak Reference
    _rand_init                                - Undefined Weak Reference
    _signal_finish                            - Undefined Weak Reference
    _signal_init                              - Undefined Weak Reference
    _terminate_alloc                          - Undefined Weak Reference
    _terminate_user_alloc                     - Undefined Weak Reference
    _terminateio                              - Undefined Weak Reference
    __Vectors_End                            0x000000c0   Data           0  startup_armcm3.o(RESET)
    __Vectors_Size                           0x000000c0   Number         0  startup_armcm3.o ABSOLUTE
    __main                                   0x000000c1   Thumb Code     8  __main.o(!!!main)
    __scatterload                            0x000000c9   Thumb Code     0  __scatter.o(!!!scatter)
    __scatterload_rt2                        0x000000c9   Thumb Code    44  __scatter.o(!!!scatter)
    __scatterload_rt2_thumb_only             0x000000c9   Thumb Code     0  __scatter.o(!!!scatter)
    __scatterload_null                       0x000000d7   Thumb Code     0  __scatter.o(!!!scatter)
    __scatterload_copy                       0x000000fd   Thumb Code    26  __scatter_copy.o(!!handler_copy)
    __scatterload_zeroinit                   0x00000119   Thumb Code    28  __scatter_zi.o(!!handler_zi)
    __rt_lib_init                            0x00000135   Thumb Code     0  libinit.o(.ARM.Collect$$libinit$$00000000)
    __rt_lib_init_alloca_1                   0x00000137   Thumb Code     0  libinit2.o(.ARM.Collect$$libinit$$0000002E)
    __rt_lib_init_argv_1                     0x00000137   Thumb Code     0  libinit2.o(.ARM.Collect$$libinit$$0000002C)
    __rt_lib_init_atexit_1                   0x00000137   Thumb Code     0  libinit2.o(.ARM.Collect$$libinit$$0000001B)
    __rt_lib_init_clock_1                    0x00000137   Thumb Code     0  libinit2.o(.ARM.Collect$$libinit$$00000021)
    __rt_lib_init_cpp_1                      0x00000137   Thumb Code     0  libinit2.o(.ARM.Collect$$libinit$$00000032)
    __rt_lib_init_exceptions_1               0x00000137   Thumb Code     0  libinit2.o(.ARM.Collect$$libinit$$00000030)
    __rt_lib_init_fp_1                       0x00000137   Thumb Code     0  libinit2.o(.ARM.Collect$$libinit$$00000002)
    __rt_lib_init_fp_trap_1                  0x00000137   Thumb Code     0  libinit2.o(.ARM.Collect$$libinit$$0000001F)
    __rt_lib_init_getenv_1                   0x00000137   Thumb Code     0  libinit2.o(.ARM.Collect$$libinit$$00000023)
    __rt_lib_init_heap_1                     0x00000137   Thumb Code     0  libinit2.o(.ARM.Collect$$libinit$$0000000A)
    __rt_lib_init_lc_collate_1               0x00000137   Thumb Code     0  libinit2.o(.ARM.Collect$$libinit$$00000011)
    __rt_lib_init_lc_ctype_1                 0x00000137   Thumb Code     0  libinit2.o(.ARM.Collect$$libinit$$00000013)
    __rt_lib_init_lc_monetary_1              0x00000137   Thumb Code     0  libinit2.o(.ARM.Collect$$libinit$$00000015)
    __rt_lib_init_lc_numeric_1               0x00000137   Thumb Code     0  libinit2.o(.ARM.Collect$$libinit$$00000017)
    __rt_lib_init_lc_time_1                  0x00000137   Thumb Code     0  libinit2.o(.ARM.Collect$$libinit$$00000019)
    __rt_lib_init_preinit_1                  0x00000137   Thumb Code     0  libinit2.o(.ARM.Collect$$libinit$$00000004)
    __rt_lib_init_rand_1                     0x00000137   Thumb Code     0  libinit2.o(.ARM.Collect$$libinit$$0000000E)
    __rt_lib_init_return                     0x00000137   Thumb Code     0  libinit2.o(.ARM.Collect$$libinit$$00000033)
    __rt_lib_init_signal_1                   0x00000137   Thumb Code     0  libinit2.o(.ARM.Collect$$libinit$$0000001D)
    __rt_lib_init_stdio_1                    0x00000137   Thumb Code     0  libinit2.o(.ARM.Collect$$libinit$$00000025)
    __rt_lib_init_user_alloc_1               0x00000137   Thumb Code     0  libinit2.o(.ARM.Collect$$libinit$$0000000C)
    __rt_lib_shutdown                        0x00000139   Thumb Code     0  libshutdown.o(.ARM.Collect$$libshutdown$$00000000)
    __rt_lib_shutdown_cpp_1                  0x0000013b   Thumb Code     0  libshutdown2.o(.ARM.Collect$$libshutdown$$00000002)
    __rt_lib_shutdown_fp_trap_1              0x0000013b   Thumb Code     0  libshutdown2.o(.ARM.Collect$$libshutdown$$00000007)
    __rt_lib_shutdown_heap_1                 0x0000013b   Thumb Code     0  libshutdown2.o(.ARM.Collect$$libshutdown$$0000000F)
    __rt_lib_shutdown_return                 0x0000013b   Thumb Code     0  libshutdown2.o(.ARM.Collect$$libshutdown$$00000010)
    __rt_lib_shutdown_signal_1               0x0000013b   Thumb Code     0  libshutdown2.o(.ARM.Collect$$libshutdown$$0000000A)
    __rt_lib_shutdown_stdio_1                0x0000013b   Thumb Code     0  libshutdown2.o(.ARM.Collect$$libshutdown$$00000004)
    __rt_lib_shutdown_user_alloc_1           0x0000013b   Thumb Code     0  libshutdown2.o(.ARM.Collect$$libshutdown$$0000000C)
    __rt_entry                               0x0000013d   Thumb Code     0  __rtentry.o(.ARM.Collect$$rtentry$$00000000)
    __rt_entry_presh_1                       0x0000013d   Thumb Code     0  __rtentry2.o(.ARM.Collect$$rtentry$$00000002)
    __rt_entry_sh                            0x0000013d   Thumb Code     0  __rtentry4.o(.ARM.Collect$$rtentry$$00000004)
    __rt_entry_li                            0x00000143   Thumb Code     0  __rtentry2.o(.ARM.Collect$$rtentry$$0000000A)
    __rt_entry_postsh_1                      0x00000143   Thumb Code     0  __rtentry2.o(.ARM.Collect$$rtentry$$00000009)
    __rt_entry_main                          0x00000147   Thumb Code     0  __rtentry2.o(.ARM.Collect$$rtentry$$0000000D)
    __rt_entry_postli_1                      0x00000147   Thumb Code     0  __rtentry2.o(.ARM.Collect$$rtentry$$0000000C)
    __rt_exit                                0x0000014f   Thumb Code     0  rtexit.o(.ARM.Collect$$rtexit$$00000000)
    __rt_exit_ls                             0x00000151   Thumb Code     0  rtexit2.o(.ARM.Collect$$rtexit$$00000003)
    __rt_exit_prels_1                        0x00000151   Thumb Code     0  rtexit2.o(.ARM.Collect$$rtexit$$00000002)
    __rt_exit_exit                           0x00000155   Thumb Code     0  rtexit2.o(.ARM.Collect$$rtexit$$00000004)
    PendSV_Handler                           0x0000015d   Thumb Code    40  switch.o(.emb_text)
    Reset_Handler                            0x0000018d   Thumb Code     8  startup_armcm3.o(.text)
    NMI_Handler                              0x00000195   Thumb Code     2  startup_armcm3.o(.text)
    HardFault_Handler                        0x00000197   Thumb Code     2  startup_armcm3.o(.text)
    MemManage_Handler                        0x00000199   Thumb Code     2  startup_armcm3.o(.text)
    BusFault_Handler                         0x0000019b   Thumb Code     2  startup_armcm3.o(.text)
    UsageFault_Handler                       0x0000019d   Thumb Code     2  startup_armcm3.o(.text)
    SVC_Handler                              0x0000019f   Thumb Code     2  startup_armcm3.o(.text)
    DebugMon_Handler                         0x000001a1   Thumb Code     2  startup_armcm3.o(.text)
    AACI_IRQHandler                          0x000001a7   Thumb Code     0  startup_armcm3.o(.text)
    CAN_IRQHandler                           0x000001a7   Thumb Code     0  startup_armcm3.o(.text)
    CHLCD_IRQHandler                         0x000001a7   Thumb Code     0  startup_armcm3.o(.text)
    CLCD_IRQHandler                          0x000001a7   Thumb Code     0  startup_armcm3.o(.text)
    CPU_CLCD_IRQHandler                      0x000001a7   Thumb Code     0  startup_armcm3.o(.text)
    ENET_IRQHandler                          0x000001a7   Thumb Code     0  startup_armcm3.o(.text)
    FLEXRAY_IRQHandler                       0x000001a7   Thumb Code     0  startup_armcm3.o(.text)
    I2C_IRQHandler                           0x000001a7   Thumb Code     0  startup_armcm3.o(.text)
    LIN_IRQHandler                           0x000001a7   Thumb Code     0  startup_armcm3.o(.text)
    MCIA_IRQHandler                          0x000001a7   Thumb Code     0  startup_armcm3.o(.text)
    MCIB_IRQHandler                          0x000001a7   Thumb Code     0  startup_armcm3.o(.text)
    RTC_IRQHandler                           0x000001a7   Thumb Code     0  startup_armcm3.o(.text)
    SPI_IRQHandler                           0x000001a7   Thumb Code     0  startup_armcm3.o(.text)
    TIM0_IRQHandler                          0x000001a7   Thumb Code     0  startup_armcm3.o(.text)
    TIM2_IRQHandler                          0x000001a7   Thumb Code     0  startup_armcm3.o(.text)
    UART0_IRQHandler                         0x000001a7   Thumb Code     0  startup_armcm3.o(.text)
    UART1_IRQHandler                         0x000001a7   Thumb Code     0  startup_armcm3.o(.text)
    UART2_IRQHandler                         0x000001a7   Thumb Code     0  startup_armcm3.o(.text)
    UART3_IRQHandler                         0x000001a7   Thumb Code     0  startup_armcm3.o(.text)
    UART4_IRQHandler                         0x000001a7   Thumb Code     0  startup_armcm3.o(.text)
    USBDC_IRQHandler                         0x000001a7   Thumb Code     0  startup_armcm3.o(.text)
    USBHC_IRQHandler                         0x000001a7   Thumb Code     0  startup_armcm3.o(.text)
    WDT_IRQHandler                           0x000001a7   Thumb Code     0  startup_armcm3.o(.text)
    __user_initial_stackheap                 0x000001a9   Thumb Code    10  startup_armcm3.o(.text)
    __aeabi_assert                           0x000001cd   Thumb Code    86  assert.o(.text)
    __assert                                 0x000001cd   Thumb Code     0  assert.o(.text)
    __aeabi_memclr4                          0x0000024d   Thumb Code     0  rt_memclr_w.o(.text)
    __aeabi_memclr8                          0x0000024d   Thumb Code     0  rt_memclr_w.o(.text)
    __rt_memclr_w                            0x0000024d   Thumb Code    78  rt_memclr_w.o(.text)
    _memset_w                                0x00000251   Thumb Code     0  rt_memclr_w.o(.text)
    __use_two_region_memory                  0x0000029b   Thumb Code     2  heapauxi.o(.text)
    __rt_heap_escrow$2region                 0x0000029d   Thumb Code     2  heapauxi.o(.text)
    __rt_heap_expand$2region                 0x0000029f   Thumb Code     2  heapauxi.o(.text)
    abort                                    0x000002a1   Thumb Code    22  abort.o(.text)
    __assert_puts                            0x000002b7   Thumb Code    20  assert_puts.o(.text)
    _ttywrch                                 0x000002cb   Thumb Code    14  sys_wrch.o(.text)
    _sys_exit                                0x000002d9   Thumb Code     8  sys_exit.o(.text)
    __rt_SIGABRT                             0x000002e5   Thumb Code    14  defsig_abrt_outer.o(.text)
    __I$use$semihosting                      0x000002f3   Thumb Code     0  use_no_semi.o(.text)
    __use_no_semihosting_swi                 0x000002f3   Thumb Code     2  use_no_semi.o(.text)
    __semihosting_library_function           0x000002f5   Thumb Code     0  indicate_semi.o(.text)
    __user_setup_stackheap                   0x000002f5   Thumb Code    74  sys_stackheap_outer.o(.text)
    exit                                     0x0000033f   Thumb Code    18  exit.o(.text)
    __sig_exit                               0x00000351   Thumb Code    10  defsig_exit.o(.text)
    __rt_SIGABRT_inner                       0x0000035d   Thumb Code    14  defsig_abrt_inner.o(.text)
    __user_libspace                          0x0000038d   Thumb Code     8  libspace.o(.text)
    __user_perproc_libspace                  0x0000038d   Thumb Code     0  libspace.o(.text)
    __user_perthread_libspace                0x0000038d   Thumb Code     0  libspace.o(.text)
    __default_signal_display                 0x00000395   Thumb Code    50  defsig_general.o(.text)
    SysTick_Handler                          0x000003c7   Thumb Code     8  rt_time.o(i.SysTick_Handler)
    SystemInit                               0x000003d1   Thumb Code     8  system_armcm3.o(i.SystemInit)
    appInit                                  0x000003e1   Thumb Code   100  application.o(i.appInit)
    bitmapClear                              0x00000475   Thumb Code    34  bitmap.o(i.bitmapClear)
    bitmapGetFirstSet                        0x000004b9   Thumb Code    86  bitmap.o(i.bitmapGetFirstSet)
    bitmapInit                               0x00000515   Thumb Code     6  bitmap.o(i.bitmapInit)
    bitmapPosCount                           0x0000051b   Thumb Code     4  bitmap.o(i.bitmapPosCount)
    bitmapSet                                0x00000521   Thumb Code    34  bitmap.o(i.bitmapSet)
    checkCpuUsage                            0x00000565   Thumb Code   156  rt_idletask.o(i.checkCpuUsage)
    checkNodeIsInList                        0x00000619   Thumb Code    26  rt_list.o(i.checkNodeIsInList)
    enterCritical                            0x00000645   Thumb Code    12  lock.o(i.enterCritical)
    eventGetWaitNum                          0x00000651   Thumb Code    30  rt_event.o(i.eventGetWaitNum)
    eventInit                                0x0000066f   Thumb Code    16  rt_event.o(i.eventInit)
    eventRemoveTask                          0x000006cb   Thumb Code    54  rt_event.o(i.eventRemoveTask)
    eventWait                                0x00000701   Thumb Code    74  rt_event.o(i.eventWait)
    eventWakeUp                              0x0000074b   Thumb Code    98  rt_event.o(i.eventWakeUp)
    getFirstListNode                         0x000007ad   Thumb Code    14  rt_list.o(i.getFirstListNode)
    getHighestReadyTask                      0x000007bd   Thumb Code    32  rt_task.o(i.getHighestReadyTask)
    getListNodeNum                           0x000007e5   Thumb Code     6  rt_list.o(i.getListNodeNum)
    hooksCpuIdle                             0x000007ed   Thumb Code    10  rt_hooks.o(i.hooksCpuIdle)
    hooksSysTick                             0x000007fd   Thumb Code     2  rt_hooks.o(i.hooksSysTick)
    hooksTaskInit                            0x000007ff   Thumb Code     2  rt_hooks.o(i.hooksTaskInit)
    hooksTaskSwitch                          0x00000801   Thumb Code     2  rt_hooks.o(i.hooksTaskSwitch)
    idleTaskEntry                            0x00000805   Thumb Code    54  rt_idletask.o(i.idleTaskEntry)
    leaveCritical                            0x00000841   Thumb Code    10  lock.o(i.leaveCritical)
    listHeadInit                             0x0000084b   Thumb Code    10  rt_list.o(i.listHeadInit)
    listInsert                               0x00000855   Thumb Code    58  rt_list.o(i.listInsert)
    listNodeInit                             0x000008b5   Thumb Code     8  rt_list.o(i.listNodeInit)
    listNodeInsert2Head                      0x000008bd   Thumb Code    24  rt_list.o(i.listNodeInsert2Head)
    listNodeInsert2Tail                      0x000008d5   Thumb Code    24  rt_list.o(i.listNodeInsert2Tail)
    listRemove                               0x000008ed   Thumb Code    44  rt_list.o(i.listRemove)
    listRemoveFirst                          0x00000919   Thumb Code    38  rt_list.o(i.listRemoveFirst)
    lockSched                                0x00000941   Thumb Code    34  lock.o(i.lockSched)
    main                                     0x00000969   Thumb Code    22  main.o(i.main)
    rtosInit                                 0x00000985   Thumb Code    70  main.o(i.rtosInit)
    runFirstTask2                            0x000009e5   Thumb Code    48  switch.o(i.runFirstTask2)
    schedLockInit                            0x00000a21   Thumb Code     8  lock.o(i.schedLockInit)
    semInit                                  0x00000a2d   Thumb Code    38  semaphore.o(i.semInit)
    semPost                                  0x00000a55   Thumb Code    78  semaphore.o(i.semPost)
    semWait                                  0x00000aa9   Thumb Code    68  semaphore.o(i.semWait)
    setSysTick                               0x00000af1   Thumb Code    74  rt_cpu.o(i.setSysTick)
    task1Entry                               0x00000b49   Thumb Code    60  application.o(i.task1Entry)
    task2Entry                               0x00000b95   Thumb Code    28  application.o(i.task2Entry)
    task3Entry                               0x00000bb5   Thumb Code    28  application.o(i.task3Entry)
    task4Entry                               0x00000bd5   Thumb Code    28  application.o(i.task4Entry)
    taskDelay                                0x00000bf5   Thumb Code    46  rt_time.o(i.taskDelay)
    taskDelayedListInit                      0x00000c29   Thumb Code    10  rt_task.o(i.taskDelayedListInit)
    taskInit                                 0x00000c39   Thumb Code   232  rt_task.o(i.taskInit)
    taskSched                                0x00000d21   Thumb Code    66  rt_task.o(i.taskSched)
    taskSched2Delay                          0x00000d71   Thumb Code    46  rt_task.o(i.taskSched2Delay)
    taskSched2Ready                          0x00000da9   Thumb Code    38  rt_task.o(i.taskSched2Ready)
    taskSched2Undelay                        0x00000dd9   Thumb Code    44  rt_task.o(i.taskSched2Undelay)
    taskSched2Unready                        0x00000e09   Thumb Code    86  rt_task.o(i.taskSched2Unready)
    taskSwitch                               0x00000e69   Thumb Code    10  switch.o(i.taskSwitch)
    taskTimeSliceHandler                     0x00000e79   Thumb Code   178  rt_time.o(i.taskTimeSliceHandler)
    timerFunc                                0x00000f81   Thumb Code    10  application.o(i.timerFunc)
    timerFuncInit                            0x00000f8d   Thumb Code    58  rt_timer.o(i.timerFuncInit)
    timerFuncPost                            0x00000fe5   Thumb Code    16  rt_timer.o(i.timerFuncPost)
    timerInit                                0x00000ffd   Thumb Code    56  rt_timer.o(i.timerInit)
    timerResetSemForTimerNotify              0x00001035   Thumb Code     8  rt_timer.o(i.timerResetSemForTimerNotify)
    timerStart                               0x00001041   Thumb Code   108  rt_timer.o(i.timerStart)
    unlockSched                              0x000010e5   Thumb Code    42  lock.o(i.unlockSched)
    __aeabi_d2f                              0x00001115   Thumb Code     0  d2f.o(x$fpl$d2f)
    _d2f                                     0x00001115   Thumb Code    98  d2f.o(x$fpl$d2f)
    __aeabi_dadd                             0x00001179   Thumb Code     0  daddsub_clz.o(x$fpl$dadd)
    _dadd                                    0x00001179   Thumb Code   332  daddsub_clz.o(x$fpl$dadd)
    __aeabi_ddiv                             0x000012c9   Thumb Code     0  ddiv.o(x$fpl$ddiv)
    _ddiv                                    0x000012c9   Thumb Code   552  ddiv.o(x$fpl$ddiv)
    __aeabi_ui2d                             0x00001579   Thumb Code     0  dflt_clz.o(x$fpl$dfltu)
    _dfltu                                   0x00001579   Thumb Code    38  dflt_clz.o(x$fpl$dfltu)
    __aeabi_dmul                             0x000015a1   Thumb Code     0  dmul.o(x$fpl$dmul)
    _dmul                                    0x000015a1   Thumb Code   332  dmul.o(x$fpl$dmul)
    __fpl_dnaninf                            0x000016f5   Thumb Code   156  dnaninf.o(x$fpl$dnaninf)
    __fpl_dretinf                            0x00001791   Thumb Code    12  dretinf.o(x$fpl$dretinf)
    __aeabi_drsub                            0x0000179d   Thumb Code     0  daddsub_clz.o(x$fpl$drsb)
    _drsb                                    0x0000179d   Thumb Code    22  daddsub_clz.o(x$fpl$drsb)
    __aeabi_dsub                             0x000017b5   Thumb Code     0  daddsub_clz.o(x$fpl$dsub)
    _dsub                                    0x000017b5   Thumb Code   464  daddsub_clz.o(x$fpl$dsub)
    __fpl_fretinf                            0x00001989   Thumb Code    10  fretinf.o(x$fpl$fretinf)
    __I$use$fp                               0x00001992   Number         0  usenofp.o(x$fpl$usenofp)
    Region$$Table$$Base                      0x00001a94   Number         0  anon$$obj.o(Region$$Table)
    Region$$Table$$Limit                     0x00001ab4   Number         0  anon$$obj.o(Region$$Table)
    schedLockCount                           0x20000000   Data           1  lock.o(.data)
    isenableLowPowerMode                     0x20000001   Data           1  rt_hooks.o(.data)
    idleTask                                 0x20000004   Data           4  rt_idletask.o(.data)
    idleCount                                0x20000008   Data           4  rt_idletask.o(.data)
    tickCount                                0x2000000c   Data           4  rt_idletask.o(.data)
    maxIdleCount                             0x20000010   Data           4  rt_idletask.o(.data)
    taskPriorityBitmap                       0x2000001c   Data           4  rt_task.o(.data)
    currentTask                              0x20000020   Data           4  rt_task.o(.data)
    nextTask                                 0x20000024   Data           4  rt_task.o(.data)
    bit                                      0x20000028   Data           4  application.o(.data)
    task1Flag                                0x2000002c   Data           4  application.o(.data)
    task2Flag                                0x20000030   Data           4  application.o(.data)
    task3Flag                                0x20000034   Data           4  application.o(.data)
    task4Flag                                0x20000038   Data           4  application.o(.data)
    SystemCoreClock                          0x2000003c   Data           4  system_armcm3.o(.data)
    _idleTask                                0x20000040   Data          80  rt_idletask.o(.bss)
    idleTaskEnv                              0x20000090   Data        4096  rt_idletask.o(.bss)
    taskTable                                0x20001090   Data         384  rt_task.o(.bss)
    taskDelayedList                          0x20001210   Data          12  rt_time.o(.bss)
    task1Env                                 0x200022b4   Data        4096  application.o(.bss)
    task2Env                                 0x200032b4   Data        4096  application.o(.bss)
    task3Env                                 0x200042b4   Data        4096  application.o(.bss)
    task4Env                                 0x200052b4   Data        4096  application.o(.bss)
    ttask1                                   0x200062b4   Data          80  application.o(.bss)
    ttask2                                   0x20006304   Data          80  application.o(.bss)
    ttask3                                   0x20006354   Data          80  application.o(.bss)
    ttask4                                   0x200063a4   Data          80  application.o(.bss)
    timer                                    0x200063f4   Data          36  application.o(.bss)
    __libspace_start                         0x20006418   Data          96  libspace.o(.bss)
    __temporary_stack_top$libspace           0x20006478   Data           0  libspace.o(.bss)



==============================================================================

Memory Map of the image

  Image Entry point : 0x0000018d

  Load Region LR_1 (Base: 0x00000000, Size: 0x00001af4, Max: 0xffffffff, ABSOLUTE)

    Execution Region ER_RO (Base: 0x00000000, Size: 0x00001ab4, Max: 0xffffffff, ABSOLUTE)

    Base Addr    Size         Type   Attr      Idx    E Section Name        Object

    0x00000000   0x000000c0   Data   RO          989    RESET               startup_armcm3.o
    0x000000c0   0x00000008   Code   RO         1040  * !!!main             c_w.l(__main.o)
    0x000000c8   0x00000034   Code   RO         1232    !!!scatter          c_w.l(__scatter.o)
    0x000000fc   0x0000001a   Code   RO         1234    !!handler_copy      c_w.l(__scatter_copy.o)
    0x00000116   0x00000002   PAD
    0x00000118   0x0000001c   Code   RO         1236    !!handler_zi        c_w.l(__scatter_zi.o)
    0x00000134   0x00000002   Code   RO         1115    .ARM.Collect$$libinit$$00000000  c_w.l(libinit.o)
    0x00000136   0x00000000   Code   RO         1126    .ARM.Collect$$libinit$$00000002  c_w.l(libinit2.o)
    0x00000136   0x00000000   Code   RO         1128    .ARM.Collect$$libinit$$00000004  c_w.l(libinit2.o)
    0x00000136   0x00000000   Code   RO         1131    .ARM.Collect$$libinit$$0000000A  c_w.l(libinit2.o)
    0x00000136   0x00000000   Code   RO         1133    .ARM.Collect$$libinit$$0000000C  c_w.l(libinit2.o)
    0x00000136   0x00000000   Code   RO         1135    .ARM.Collect$$libinit$$0000000E  c_w.l(libinit2.o)
    0x00000136   0x00000000   Code   RO         1138    .ARM.Collect$$libinit$$00000011  c_w.l(libinit2.o)
    0x00000136   0x00000000   Code   RO         1140    .ARM.Collect$$libinit$$00000013  c_w.l(libinit2.o)
    0x00000136   0x00000000   Code   RO         1142    .ARM.Collect$$libinit$$00000015  c_w.l(libinit2.o)
    0x00000136   0x00000000   Code   RO         1144    .ARM.Collect$$libinit$$00000017  c_w.l(libinit2.o)
    0x00000136   0x00000000   Code   RO         1146    .ARM.Collect$$libinit$$00000019  c_w.l(libinit2.o)
    0x00000136   0x00000000   Code   RO         1148    .ARM.Collect$$libinit$$0000001B  c_w.l(libinit2.o)
    0x00000136   0x00000000   Code   RO         1150    .ARM.Collect$$libinit$$0000001D  c_w.l(libinit2.o)
    0x00000136   0x00000000   Code   RO         1152    .ARM.Collect$$libinit$$0000001F  c_w.l(libinit2.o)
    0x00000136   0x00000000   Code   RO         1154    .ARM.Collect$$libinit$$00000021  c_w.l(libinit2.o)
    0x00000136   0x00000000   Code   RO         1156    .ARM.Collect$$libinit$$00000023  c_w.l(libinit2.o)
    0x00000136   0x00000000   Code   RO         1158    .ARM.Collect$$libinit$$00000025  c_w.l(libinit2.o)
    0x00000136   0x00000000   Code   RO         1162    .ARM.Collect$$libinit$$0000002C  c_w.l(libinit2.o)
    0x00000136   0x00000000   Code   RO         1164    .ARM.Collect$$libinit$$0000002E  c_w.l(libinit2.o)
    0x00000136   0x00000000   Code   RO         1166    .ARM.Collect$$libinit$$00000030  c_w.l(libinit2.o)
    0x00000136   0x00000000   Code   RO         1168    .ARM.Collect$$libinit$$00000032  c_w.l(libinit2.o)
    0x00000136   0x00000002   Code   RO         1169    .ARM.Collect$$libinit$$00000033  c_w.l(libinit2.o)
    0x00000138   0x00000002   Code   RO         1205    .ARM.Collect$$libshutdown$$00000000  c_w.l(libshutdown.o)
    0x0000013a   0x00000000   Code   RO         1215    .ARM.Collect$$libshutdown$$00000002  c_w.l(libshutdown2.o)
    0x0000013a   0x00000000   Code   RO         1217    .ARM.Collect$$libshutdown$$00000004  c_w.l(libshutdown2.o)
    0x0000013a   0x00000000   Code   RO         1220    .ARM.Collect$$libshutdown$$00000007  c_w.l(libshutdown2.o)
    0x0000013a   0x00000000   Code   RO         1223    .ARM.Collect$$libshutdown$$0000000A  c_w.l(libshutdown2.o)
    0x0000013a   0x00000000   Code   RO         1225    .ARM.Collect$$libshutdown$$0000000C  c_w.l(libshutdown2.o)
    0x0000013a   0x00000000   Code   RO         1228    .ARM.Collect$$libshutdown$$0000000F  c_w.l(libshutdown2.o)
    0x0000013a   0x00000002   Code   RO         1229    .ARM.Collect$$libshutdown$$00000010  c_w.l(libshutdown2.o)
    0x0000013c   0x00000000   Code   RO         1062    .ARM.Collect$$rtentry$$00000000  c_w.l(__rtentry.o)
    0x0000013c   0x00000000   Code   RO         1079    .ARM.Collect$$rtentry$$00000002  c_w.l(__rtentry2.o)
    0x0000013c   0x00000006   Code   RO         1091    .ARM.Collect$$rtentry$$00000004  c_w.l(__rtentry4.o)
    0x00000142   0x00000000   Code   RO         1081    .ARM.Collect$$rtentry$$00000009  c_w.l(__rtentry2.o)
    0x00000142   0x00000004   Code   RO         1082    .ARM.Collect$$rtentry$$0000000A  c_w.l(__rtentry2.o)
    0x00000146   0x00000000   Code   RO         1084    .ARM.Collect$$rtentry$$0000000C  c_w.l(__rtentry2.o)
    0x00000146   0x00000008   Code   RO         1085    .ARM.Collect$$rtentry$$0000000D  c_w.l(__rtentry2.o)
    0x0000014e   0x00000002   Code   RO         1119    .ARM.Collect$$rtexit$$00000000  c_w.l(rtexit.o)
    0x00000150   0x00000000   Code   RO         1171    .ARM.Collect$$rtexit$$00000002  c_w.l(rtexit2.o)
    0x00000150   0x00000004   Code   RO         1172    .ARM.Collect$$rtexit$$00000003  c_w.l(rtexit2.o)
    0x00000154   0x00000006   Code   RO         1173    .ARM.Collect$$rtexit$$00000004  c_w.l(rtexit2.o)
    0x0000015a   0x00000002   PAD
    0x0000015c   0x00000030   Code   RO          901    .emb_text           switch.o
    0x0000018c   0x00000040   Code   RO          990  * .text               startup_armcm3.o
    0x000001cc   0x00000080   Code   RO         1032    .text               c_w.l(assert.o)
    0x0000024c   0x0000004e   Code   RO         1036    .text               c_w.l(rt_memclr_w.o)
    0x0000029a   0x00000006   Code   RO         1038    .text               c_w.l(heapauxi.o)
    0x000002a0   0x00000016   Code   RO         1063    .text               c_w.l(abort.o)
    0x000002b6   0x00000014   Code   RO         1065    .text               c_w.l(assert_puts.o)
    0x000002ca   0x0000000e   Code   RO         1074    .text               c_w.l(sys_wrch.o)
    0x000002d8   0x0000000c   Code   RO         1076    .text               c_w.l(sys_exit.o)
    0x000002e4   0x0000000e   Code   RO         1093    .text               c_w.l(defsig_abrt_outer.o)
    0x000002f2   0x00000002   Code   RO         1097    .text               c_w.l(use_no_semi.o)
    0x000002f4   0x00000000   Code   RO         1099    .text               c_w.l(indicate_semi.o)
    0x000002f4   0x0000004a   Code   RO         1100    .text               c_w.l(sys_stackheap_outer.o)
    0x0000033e   0x00000012   Code   RO         1104    .text               c_w.l(exit.o)
    0x00000350   0x0000000a   Code   RO         1106    .text               c_w.l(defsig_exit.o)
    0x0000035a   0x00000002   PAD
    0x0000035c   0x00000030   Code   RO         1108    .text               c_w.l(defsig_abrt_inner.o)
    0x0000038c   0x00000008   Code   RO         1116    .text               c_w.l(libspace.o)
    0x00000394   0x00000032   Code   RO         1123    .text               c_w.l(defsig_general.o)
    0x000003c6   0x00000008   Code   RO          749    i.SysTick_Handler   rt_time.o
    0x000003ce   0x00000002   PAD
    0x000003d0   0x00000010   Code   RO          998    i.SystemInit        system_armcm3.o
    0x000003e0   0x00000094   Code   RO          941    i.appInit           application.o
    0x00000474   0x00000044   Code   RO            1    i.bitmapClear       bitmap.o
    0x000004b8   0x0000005c   Code   RO            2    i.bitmapGetFirstSet  bitmap.o
    0x00000514   0x00000006   Code   RO            3    i.bitmapInit        bitmap.o
    0x0000051a   0x00000004   Code   RO            4    i.bitmapPosCount    bitmap.o
    0x0000051e   0x00000002   PAD
    0x00000520   0x00000044   Code   RO            5    i.bitmapSet         bitmap.o
    0x00000564   0x000000b4   Code   RO          365    i.checkCpuUsage     rt_idletask.o
    0x00000618   0x0000001a   Code   RO          402    i.checkNodeIsInList  rt_list.o
    0x00000632   0x00000002   PAD
    0x00000634   0x00000010   Code   RO          367    i.cpuUsageSyncWithSysTick  rt_idletask.o
    0x00000644   0x0000000c   Code   RO           52    i.enterCritical     lock.o
    0x00000650   0x0000001e   Code   RO          260    i.eventGetWaitNum   rt_event.o
    0x0000066e   0x00000010   Code   RO          261    i.eventInit         rt_event.o
    0x0000067e   0x0000004c   Code   RO          262    i.eventInsertTaskByPriority  rt_event.o
    0x000006ca   0x00000036   Code   RO          264    i.eventRemoveTask   rt_event.o
    0x00000700   0x0000004a   Code   RO          265    i.eventWait         rt_event.o
    0x0000074a   0x00000062   Code   RO          266    i.eventWakeUp       rt_event.o
    0x000007ac   0x0000000e   Code   RO          403    i.getFirstListNode  rt_list.o
    0x000007ba   0x00000002   PAD
    0x000007bc   0x00000028   Code   RO          627    i.getHighestReadyTask  rt_task.o
    0x000007e4   0x00000006   Code   RO          405    i.getListNodeNum    rt_list.o
    0x000007ea   0x00000002   PAD
    0x000007ec   0x00000010   Code   RO          316    i.hooksCpuIdle      rt_hooks.o
    0x000007fc   0x00000002   Code   RO          317    i.hooksSysTick      rt_hooks.o
    0x000007fe   0x00000002   Code   RO          318    i.hooksTaskInit     rt_hooks.o
    0x00000800   0x00000002   Code   RO          319    i.hooksTaskSwitch   rt_hooks.o
    0x00000802   0x00000002   PAD
    0x00000804   0x0000003c   Code   RO          368    i.idleTaskEntry     rt_idletask.o
    0x00000840   0x0000000a   Code   RO           53    i.leaveCritical     lock.o
    0x0000084a   0x0000000a   Code   RO          409    i.listHeadInit      rt_list.o
    0x00000854   0x00000060   Code   RO          410    i.listInsert        rt_list.o
    0x000008b4   0x00000008   Code   RO          411    i.listNodeInit      rt_list.o
    0x000008bc   0x00000018   Code   RO          412    i.listNodeInsert2Head  rt_list.o
    0x000008d4   0x00000018   Code   RO          413    i.listNodeInsert2Tail  rt_list.o
    0x000008ec   0x0000002c   Code   RO          414    i.listRemove        rt_list.o
    0x00000918   0x00000026   Code   RO          415    i.listRemoveFirst   rt_list.o
    0x0000093e   0x00000002   PAD
    0x00000940   0x00000028   Code   RO           54    i.lockSched         lock.o
    0x00000968   0x0000001c   Code   RO          124    i.main              main.o
    0x00000984   0x00000060   Code   RO          125    i.rtosInit          main.o
    0x000009e4   0x0000003c   Code   RO          903    i.runFirstTask2     switch.o
    0x00000a20   0x0000000c   Code   RO           55    i.schedLockInit     lock.o
    0x00000a2c   0x00000026   Code   RO          859    i.semInit           semaphore.o
    0x00000a52   0x00000002   PAD
    0x00000a54   0x00000054   Code   RO          860    i.semPost           semaphore.o
    0x00000aa8   0x00000048   Code   RO          861    i.semWait           semaphore.o
    0x00000af0   0x00000058   Code   RO          185    i.setSysTick        rt_cpu.o
    0x00000b48   0x0000004c   Code   RO          942    i.task1Entry        application.o
    0x00000b94   0x00000020   Code   RO          943    i.task2Entry        application.o
    0x00000bb4   0x00000020   Code   RO          944    i.task3Entry        application.o
    0x00000bd4   0x00000020   Code   RO          945    i.task4Entry        application.o
    0x00000bf4   0x00000034   Code   RO          750    i.taskDelay         rt_time.o
    0x00000c28   0x00000010   Code   RO          628    i.taskDelayedListInit  rt_task.o
    0x00000c38   0x000000e8   Code   RO          632    i.taskInit          rt_task.o
    0x00000d20   0x00000050   Code   RO          635    i.taskSched         rt_task.o
    0x00000d70   0x00000038   Code   RO          636    i.taskSched2Delay   rt_task.o
    0x00000da8   0x00000030   Code   RO          637    i.taskSched2Ready   rt_task.o
    0x00000dd8   0x00000030   Code   RO          638    i.taskSched2Undelay  rt_task.o
    0x00000e08   0x00000060   Code   RO          639    i.taskSched2Unready  rt_task.o
    0x00000e68   0x00000010   Code   RO          904    i.taskSwitch        switch.o
    0x00000e78   0x000000c0   Code   RO          751    i.taskTimeSliceHandler  rt_time.o
    0x00000f38   0x00000048   Code   RO          784    i.timerCallFuncList  rt_timer.o
    0x00000f80   0x0000000a   Code   RO          946    i.timerFunc         application.o
    0x00000f8a   0x00000002   PAD
    0x00000f8c   0x00000058   Code   RO          786    i.timerFuncInit     rt_timer.o
    0x00000fe4   0x00000018   Code   RO          787    i.timerFuncPost     rt_timer.o
    0x00000ffc   0x00000038   Code   RO          789    i.timerInit         rt_timer.o
    0x00001034   0x0000000c   Code   RO          790    i.timerResetSemForTimerNotify  rt_timer.o
    0x00001040   0x00000078   Code   RO          792    i.timerStart        rt_timer.o
    0x000010b8   0x0000002c   Code   RO          794    i.timerTaskFunc     rt_timer.o
    0x000010e4   0x00000030   Code   RO           56    i.unlockSched       lock.o
    0x00001114   0x00000062   Code   RO         1042    x$fpl$d2f           fz_ws.l(d2f.o)
    0x00001176   0x00000002   PAD
    0x00001178   0x00000150   Code   RO         1044    x$fpl$dadd          fz_ws.l(daddsub_clz.o)
    0x000012c8   0x000002b0   Code   RO         1051    x$fpl$ddiv          fz_ws.l(ddiv.o)
    0x00001578   0x00000026   Code   RO         1054    x$fpl$dfltu         fz_ws.l(dflt_clz.o)
    0x0000159e   0x00000002   PAD
    0x000015a0   0x00000154   Code   RO         1060    x$fpl$dmul          fz_ws.l(dmul.o)
    0x000016f4   0x0000009c   Code   RO         1067    x$fpl$dnaninf       fz_ws.l(dnaninf.o)
    0x00001790   0x0000000c   Code   RO         1069    x$fpl$dretinf       fz_ws.l(dretinf.o)
    0x0000179c   0x00000016   Code   RO         1045    x$fpl$drsb          fz_ws.l(daddsub_clz.o)
    0x000017b2   0x00000002   PAD
    0x000017b4   0x000001d4   Code   RO         1046    x$fpl$dsub          fz_ws.l(daddsub_clz.o)
    0x00001988   0x0000000a   Code   RO         1071    x$fpl$fretinf       fz_ws.l(fretinf.o)
    0x00001992   0x00000000   Code   RO         1073    x$fpl$usenofp       fz_ws.l(usenofp.o)
    0x00001992   0x00000100   Data   RO            6    .constdata          bitmap.o
    0x00001a92   0x00000002   PAD
    0x00001a94   0x00000020   Data   RO         1230    Region$$Table       anon$$obj.o


    Execution Region ER_RW (Base: 0x20000000, Size: 0x00000040, Max: 0xffffffff, ABSOLUTE)

    Base Addr    Size         Type   Attr      Idx    E Section Name        Object

    0x20000000   0x00000001   Data   RW           57    .data               lock.o
    0x20000001   0x00000001   Data   RW          320    .data               rt_hooks.o
    0x20000002   0x00000002   PAD
    0x20000004   0x00000018   Data   RW          370    .data               rt_idletask.o
    0x2000001c   0x0000000c   Data   RW          644    .data               rt_task.o
    0x20000028   0x00000014   Data   RW          948    .data               application.o
    0x2000003c   0x00000004   Data   RW          999    .data               system_armcm3.o


    Execution Region ER_ZI (Base: 0x20000040, Size: 0x00007438, Max: 0xffffffff, ABSOLUTE)

    Base Addr    Size         Type   Attr      Idx    E Section Name        Object

    0x20000040   0x00001050   Zero   RW          369    .bss                rt_idletask.o
    0x20001090   0x00000180   Zero   RW          643    .bss                rt_task.o
    0x20001210   0x0000000c   Zero   RW          752    .bss                rt_time.o
    0x2000121c   0x00001098   Zero   RW          795    .bss                rt_timer.o
    0x200022b4   0x00004164   Zero   RW          947    .bss                application.o
    0x20006418   0x00000060   Zero   RW         1117    .bss                c_w.l(libspace.o)
    0x20006478   0x00000c00   Zero   RW          988    HEAP                startup_armcm3.o
    0x20007078   0x00000400   Zero   RW          987    STACK               startup_armcm3.o


==============================================================================

Image component sizes


      Code (inc. data)   RO Data    RW Data    ZI Data      Debug   Object Name

       330         76          0         20      16740       3662   application.o
       238         74        256          0          0       7964   bitmap.o
       122         16          0          1          0       8427   lock.o
       124         32          0          0          0       4250   main.o
        88         14          0          0          0      24320   rt_cpu.o
       348          0          0          0          0       4182   rt_event.o
        22          6          0          1          0       3451   rt_hooks.o
       256         34          0         24       4176       2314   rt_idletask.o
       290         38          0          0          0       5598   rt_list.o
       616         62          0         12        384       6577   rt_task.o
       252         20          0          0         12       3679   rt_time.o
       416         66          0          0       4248       4383   rt_timer.o
       194         10          0          0          0       2122   semaphore.o
        64         26        192          0       4096        840   startup_armcm3.o
       124         26          0          0          0       4037   switch.o
        16          8          0          4          0        659   system_armcm3.o

    ----------------------------------------------------------------------
      3518        508        482         64      29656      86465   Object Totals
         0          0         32          0          0          0   (incl. Generated)
        18          0          2          2          0          0   (incl. Padding)

    ----------------------------------------------------------------------

      Code (inc. data)   RO Data    RW Data    ZI Data      Debug   Library Member Name

         8          0          0          0          0         68   __main.o
         0          0          0          0          0          0   __rtentry.o
        12          0          0          0          0          0   __rtentry2.o
         6          0          0          0          0          0   __rtentry4.o
        52          8          0          0          0          0   __scatter.o
        26          0          0          0          0          0   __scatter_copy.o
        28          0          0          0          0          0   __scatter_zi.o
        22          0          0          0          0         80   abort.o
       128         42          0          0          0         76   assert.o
        20          0          0          0          0         76   assert_puts.o
        48         34          0          0          0         76   defsig_abrt_inner.o
        14          0          0          0          0         80   defsig_abrt_outer.o
        10          0          0          0          0         68   defsig_exit.o
        50          0          0          0          0         88   defsig_general.o
        18          0          0          0          0         80   exit.o
         6          0          0          0          0        152   heapauxi.o
         0          0          0          0          0          0   indicate_semi.o
         2          0          0          0          0          0   libinit.o
         2          0          0          0          0          0   libinit2.o
         2          0          0          0          0          0   libshutdown.o
         2          0          0          0          0          0   libshutdown2.o
         8          4          0          0         96         68   libspace.o
        78          0          0          0          0         80   rt_memclr_w.o
         2          0          0          0          0          0   rtexit.o
        10          0          0          0          0          0   rtexit2.o
        12          4          0          0          0         68   sys_exit.o
        74          0          0          0          0         80   sys_stackheap_outer.o
        14          0          0          0          0         76   sys_wrch.o
         2          0          0          0          0         68   use_no_semi.o
        98          4          0          0          0         92   d2f.o
       826         16          0          0          0        348   daddsub_clz.o
       688        140          0          0          0        208   ddiv.o
        38          0          0          0          0         68   dflt_clz.o
       340         12          0          0          0        104   dmul.o
       156          4          0          0          0         92   dnaninf.o
        12          0          0          0          0         68   dretinf.o
        10          0          0          0          0         68   fretinf.o
         0          0          0          0          0          0   usenofp.o

    ----------------------------------------------------------------------
      2836        268          0          0         96       2332   Library Totals
        12          0          0          0          0          0   (incl. Padding)

    ----------------------------------------------------------------------

      Code (inc. data)   RO Data    RW Data    ZI Data      Debug   Library Name

       656         92          0          0         96       1284   c_w.l
      2168        176          0          0          0       1048   fz_ws.l

    ----------------------------------------------------------------------
      2836        268          0          0         96       2332   Library Totals

    ----------------------------------------------------------------------

==============================================================================


      Code (inc. data)   RO Data    RW Data    ZI Data      Debug   

      6354        776        482         64      29752      84425   Grand Totals
      6354        776        482         64      29752      84425   ELF Image Totals
      6354        776        482         64          0          0   ROM Totals

==============================================================================

    Total RO  Size (Code + RO Data)                 6836 (   6.68kB)
    Total RW  Size (RW Data + ZI Data)             29816 (  29.12kB)
    Total ROM Size (Code + RO Data + RW Data)       6900 (   6.74kB)

==============================================================================

