Component: ARM Compiler 5.06 update 3 (build 300) Tool: armlink [4d35c9]

==============================================================================

Section Cross References

    application.o(.text) refers to rng.o(.text) for RNGGetRandomRange
    application.o(.text) refers to rt_time.o(.text) for taskDelay
    application.o(.text) refers to lcd.o(.text) for LCD_Init
    application.o(.text) refers to uart.o(.text) for uartInit
    application.o(.text) refers to exio.o(.text) for ExIOInit
    application.o(.text) refers to cli.o(.text) for CLIInit
    application.o(.text) refers to exevent.o(.text) for exEventInit
    application.o(.text) refers to monitor.o(.text) for monitorInit
    application.o(.text) refers to intertemperature.o(.text) for interTemperatureInit
    application.o(.text) refers to light.o(.text) for lightInit
    application.o(.text) refers to rt_task.o(.text) for taskInit
    application.o(.text) refers to lcd.o(.data) for POINT_COLOR
    application.o(.text) refers to application.o(.data) for task3Flag
    application.o(.text) refers to application.o(.bss) for task1Env
    lcd.o(.text) refers to lcd.o(.bss) for lcddev
    lcd.o(.text) refers to dflt_clz.o(x$fpl$dfltu) for __aeabi_ui2d
    lcd.o(.text) refers to dmul.o(x$fpl$dmul) for __aeabi_dmul
    lcd.o(.text) refers to dfixu.o(x$fpl$dfixu) for __aeabi_d2uiz
    lcd.o(.text) refers to lcd.o(.data) for POINT_COLOR
    lcd.o(.text) refers to stm32f4xx_rcc.o(.text) for RCC_AHB1PeriphClockCmd
    lcd.o(.text) refers to stm32f4xx_gpio.o(.text) for GPIO_Init
    lcd.o(.text) refers to stm32f4xx_fsmc.o(.text) for FSMC_NORSRAMInit
    lcd.o(.text) refers to rt_time.o(.text) for taskDelay
    lcd.o(.text) refers to lcd.o(.constdata) for asc2_1206
    button.o(.text) refers to stm32f4xx_gpio.o(.text) for GPIO_ReadInputDataBit
    button.o(.text) refers to rt_eflaggroup.o(.text) for eFlagGroupPost
    button.o(.text) refers to rt_timer.o(.text) for timerInit
    button.o(.text) refers to stm32f4xx_rcc.o(.text) for RCC_AHB1PeriphClockCmd
    button.o(.text) refers to button.o(.data) for key_down
    button.o(.text) refers to button.o(.bss) for key
    cli.o(.text) refers to _printf_percent.o(.ARM.Collect$$_printf_percent$$00000000) for _printf_percent
    cli.o(.text) refers to _printf_s.o(.ARM.Collect$$_printf_percent$$00000014) for _printf_s
    cli.o(.text) refers to _printf_str.o(.text) for _printf_str
    cli.o(.text) refers to _printf_d.o(.ARM.Collect$$_printf_percent$$00000009) for _printf_d
    cli.o(.text) refers to _printf_dec.o(.text) for _printf_int_dec
    cli.o(.text) refers to noretval__2printf.o(.text) for __2printf
    cli.o(.text) refers to strtok.o(.text) for strtok
    cli.o(.text) refers to uart.o(.text) for uartWrite
    cli.o(.text) refers to strcmpv7m.o(.text) for strcmp
    cli.o(.text) refers to rt_idletask.o(.text) for cpuGetUsage
    cli.o(.text) refers to intertemperature.o(.text) for interTemperGetTemperature
    cli.o(.text) refers to dfix.o(x$fpl$dfix) for __aeabi_d2iz
    cli.o(.text) refers to monitor.o(.text) for monitorGetTaskInfo
    cli.o(.text) refers to cli.o(.conststring) for .conststring
    cli.o(.text) refers to cli.o(.constdata) for spaceCh
    cli.o(.text) refers to rt_hooks.o(.data) for isenableLowPowerMode
    cli.o(.text) refers to rt_task.o(.bss) for allTask
    cli.o(.text) refers to lock.o(.text) for lockSched
    cli.o(.text) refers to rt_task.o(.text) for taskSched2Undelay
    cli.o(.text) refers to strstr.o(.text) for strstr
    cli.o(.text) refers to atoi.o(.text) for atoi
    cli.o(.text) refers to exio.o(.text) for ExIOGetState
    cli.o(.text) refers to rt_task.o(.data) for allTaskTableIndex
    cli.o(.text) refers to rt_timer.o(.text) for timerInit
    cli.o(.text) refers to light.o(.text) for lightGetValue
    cli.o(.text) refers to cli.o(.bss) for timerForBeepWare
    cli.o(.text) refers to rt_time.o(.text) for taskDelay
    cli.o(.text) refers to rt_memclr_w.o(.text) for __aeabi_memclr4
    cli.o(.text) refers to strcpy.o(.text) for strcpy
    exevent.o(.text) refers to rt_eflaggroup.o(.text) for eFlagGroupWait
    exevent.o(.text) refers to noretval__2printf.o(.text) for __2printf
    exevent.o(.text) refers to button.o(.text) for keyInit
    exevent.o(.text) refers to rt_task.o(.text) for taskInit
    exevent.o(.text) refers to button.o(.bss) for key
    exevent.o(.text) refers to exevent.o(.bss) for exEventTaskEnv
    exio.o(.text) refers to stm32f4xx_rcc.o(.text) for RCC_AHB1PeriphClockCmd
    exio.o(.text) refers to stm32f4xx_gpio.o(.text) for GPIO_Init
    exio.o(.text) refers to lock.o(.text) for enterCritical
    intertemperature.o(.text) refers to stm32f4xx_rcc.o(.text) for RCC_AHB1PeriphClockCmd
    intertemperature.o(.text) refers to stm32f4xx_gpio.o(.text) for GPIO_Init
    intertemperature.o(.text) refers to stm32f4xx_adc.o(.text) for ADC_TempSensorVrefintCmd
    intertemperature.o(.text) refers to rt_time.o(.text) for taskDelay
[...]
    .data                                    0x2000003c   Section       20  system_stm32f4xx.o(.data)
    .data                                    0x20000050   Section       16  stm32f4xx_rcc.o(.data)
    APBAHBPrescTable                         0x20000050   Data          16  stm32f4xx_rcc.o(.data)
    .data                                    0x20000060   Section        1  lock.o(.data)
    .data                                    0x20000061   Section        1  rt_hooks.o(.data)
    .data                                    0x20000064   Section       24  rt_idletask.o(.data)
    idleCount                                0x20000068   Data           4  rt_idletask.o(.data)
    tickCount                                0x2000006c   Data           4  rt_idletask.o(.data)
    maxIdleCount                             0x20000070   Data           4  rt_idletask.o(.data)
    cpuUsage                                 0x20000074   Data           4  rt_idletask.o(.data)
    enableCpuUsageState                      0x20000078   Data           4  rt_idletask.o(.data)
    .data                                    0x2000007c   Section       16  rt_task.o(.data)
    .data                                    0x2000008c   Section        4  strtok.o(.data)
    _strtok_saves1                           0x2000008c   Data           4  strtok.o(.data)
    .bss                                     0x20000090   Section    16768  application.o(.bss)
    .bss                                     0x20004210   Section       14  lcd.o(.bss)
    .bss                                     0x20004220   Section       60  button.o(.bss)
    .bss                                     0x2000425c   Section     2340  cli.o(.bss)
    cliTaskEnv                               0x2000425c   Data        2048  cli.o(.bss)
    CLITask                                  0x20004a5c   Data          96  cli.o(.bss)
    CMDPromateBuffer                         0x20004abc   Data          32  cli.o(.bss)
    timerForBeepWare                         0x20004adc   Data          36  cli.o(.bss)
    CMDReadBuffer                            0x20004b00   Data         128  cli.o(.bss)
    .bss                                     0x20004b80   Section      608  exevent.o(.bss)
    exEventTaskEnv                           0x20004be0   Data         512  exevent.o(.bss)
    .bss                                     0x20004de0   Section     2144  monitor.o(.bss)
    monitorTaskEnv                           0x20004e40   Data        2048  monitor.o(.bss)
    .bss                                     0x20005640   Section     1104  uart.o(.bss)
    rxBuffer                                 0x20005640   Data          32  uart.o(.bss)
    txBuffer                                 0x20005660   Data        1024  uart.o(.bss)
    rxReceivedSem                            0x20005a60   Data          24  uart.o(.bss)
    txFreeSem                                0x20005a78   Data          24  uart.o(.bss)
    .bss                                     0x20005a90   Section       24  main_1.o(.bss)
    .bss                                     0x20005aa8   Section     4192  rt_idletask.o(.bss)
    .bss                                     0x20006b08   Section      448  rt_task.o(.bss)
    .bss                                     0x20006cc8   Section       12  rt_time.o(.bss)
    .bss                                     0x20006cd4   Section     4264  rt_timer.o(.bss)
    timerStrictList                          0x20006cd4   Data          12  rt_timer.o(.bss)
    timerLooseList                           0x20006ce0   Data          12  rt_timer.o(.bss)
    semForTimerProtect                       0x20006cec   Data          24  rt_timer.o(.bss)
    semForTimerNotify                        0x20006d04   Data          24  rt_timer.o(.bss)
    timerTask                                0x20006d1c   Data          96  rt_timer.o(.bss)
    timerTaskStack                           0x20006d7c   Data        4096  rt_timer.o(.bss)
    .bss                                     0x20007d7c   Section       96  libspace.o(.bss)
    HEAP                                     0x20007de0   Section      512  startup_stm32f40_41xxx.o(HEAP)
    Heap_Mem                                 0x20007de0   Data         512  startup_stm32f40_41xxx.o(HEAP)
    STACK                                    0x20007fe0   Section     1024  startup_stm32f40_41xxx.o(STACK)
    Stack_Mem                                0x20007fe0   Data        1024  startup_stm32f40_41xxx.o(STACK)
    __initial_sp                             0x200083e0   Data           0  startup_stm32f40_41xxx.o(STACK)

    Global Symbols

    Symbol Name                              Value     Ov Type        Size  Object(Section)

    BuildAttributes$$THM_ISAv4$E$P$D$K$B$S$7EM$VFPi3$EXTD16$VFPS$VFMA$PE$A:L22UL41UL21$X:L11$S22US41US21$IEEE1$IW$USESV6$~STKCKD$USESV7$~SHL$OSPACE$ROPI$EBA8$UX$STANDARDLIB$REQ8$PRES8$EABIv2 0x00000000   Number         0  anon$$obj.o ABSOLUTE
    __ARM_use_no_argv                        0x00000000   Number         0  main_1.o ABSOLUTE
    _printf_flags                            0x00000000   Number         0  printf_stubs.o ABSOLUTE
    _printf_return_value                     0x00000000   Number         0  printf_stubs.o ABSOLUTE
    _printf_sizespec                         0x00000000   Number         0  printf_stubs.o ABSOLUTE
    _printf_widthprec                        0x00000000   Number         0  printf_stubs.o ABSOLUTE
    __ARM_exceptions_init                     - Undefined Weak Reference
    __alloca_initialize                       - Undefined Weak Reference
    __arm_preinit_                            - Undefined Weak Reference
    __cpp_initialize__aeabi_                  - Undefined Weak Reference
    __cxa_finalize                            - Undefined Weak Reference
    __sigvec_lookup                           - Undefined Weak Reference
    _atexit_init                              - Undefined Weak Reference
    _call_atexit_fns                          - Undefined Weak Reference
    _clock_init                               - Undefined Weak Reference
    _fp_trap_init                             - Undefined Weak Reference
    _fp_trap_shutdown                         - Undefined Weak Reference
    _get_lc_collate                           - Undefined Weak Reference
    _get_lc_monetary                          - Undefined Weak Reference
    _get_lc_numeric                           - Undefined Weak Reference
    _get_lc_time                              - Undefined Weak Reference
    _getenv_init                              - Undefined Weak Reference
    _handle_redirection                       - Undefined Weak Reference
    _init_alloc                               - Undefined Weak Reference
    _init_user_alloc                          - Undefined Weak Reference
    _initio                                   - Undefined Weak Reference
    _mutex_acquire                            - Undefined Weak Reference
    _mutex_release                            - Undefined Weak Reference
    _printf_mbtowc                            - Undefined Weak Reference
    _printf_truncate_signed                   - Undefined Weak Reference
    _printf_truncate_unsigned                 - Undefined Weak Reference
    _rand_init                                - Undefined Weak Reference
    _signal_finish                            - Undefined Weak Reference
    _signal_init                              - Undefined Weak Reference
    _terminate_alloc                          - Undefined Weak Reference
    _terminate_user_alloc                     - Undefined Weak Reference
    _terminateio                              - Undefined Weak Reference
    __Vectors_Size                           0x00000188   Number         0  startup_stm32f40_41xxx.o ABSOLUTE
    __Vectors                                0x08000000   Data           4  startup_stm32f40_41xxx.o(RESET)
    __Vectors_End                            0x08000188   Data           0  startup_stm32f40_41xxx.o(RESET)
    __main                                   0x08000189   Thumb Code     8  __main.o(!!!main)
    __scatterload                            0x08000191   Thumb Code     0  __scatter.o(!!!scatter)
    __scatterload_rt2                        0x08000191   Thumb Code    44  __scatter.o(!!!scatter)
    __scatterload_rt2_thumb_only             0x08000191   Thumb Code     0  __scatter.o(!!!scatter)
    __scatterload_null                       0x0800019f   Thumb Code     0  __scatter.o(!!!scatter)
    __scatterload_copy                       0x080001c5   Thumb Code    26  __scatter_copy.o(!!handler_copy)
    __scatterload_zeroinit                   0x080001e1   Thumb Code    28  __scatter_zi.o(!!handler_zi)
    _printf_d                                0x080001fd   Thumb Code     0  _printf_d.o(.ARM.Collect$$_printf_percent$$00000009)
    _printf_percent                          0x080001fd   Thumb Code     0  _printf_percent.o(.ARM.Collect$$_printf_percent$$00000000)
    _printf_s                                0x08000203   Thumb Code     0  _printf_s.o(.ARM.Collect$$_printf_percent$$00000014)
    _printf_percent_end                      0x08000209   Thumb Code     0  _printf_percent_end.o(.ARM.Collect$$_printf_percent$$00000017)
    __rt_lib_init                            0x0800020d   Thumb Code     0  libinit.o(.ARM.Collect$$libinit$$00000000)
    __rt_lib_init_fp_1                       0x0800020f   Thumb Code     0  libinit2.o(.ARM.Collect$$libinit$$00000001)
    __rt_lib_init_heap_1                     0x08000213   Thumb Code     0  libinit2.o(.ARM.Collect$$libinit$$0000000A)
    __rt_lib_init_lc_common                  0x08000213   Thumb Code     0  libinit2.o(.ARM.Collect$$libinit$$0000000F)
    __rt_lib_init_preinit_1                  0x08000213   Thumb Code     0  libinit2.o(.ARM.Collect$$libinit$$00000004)
    __rt_lib_init_rand_1                     0x08000213   Thumb Code     0  libinit2.o(.ARM.Collect$$libinit$$0000000E)
    __rt_lib_init_user_alloc_1               0x08000213   Thumb Code     0  libinit2.o(.ARM.Collect$$libinit$$0000000C)
    __rt_lib_init_lc_collate_1               0x08000219   Thumb Code     0  libinit2.o(.ARM.Collect$$libinit$$00000011)
    __rt_lib_init_lc_ctype_2                 0x08000219   Thumb Code     0  libinit2.o(.ARM.Collect$$libinit$$00000012)
    __rt_lib_init_alloca_1                   0x08000225   Thumb Code     0  libinit2.o(.ARM.Collect$$libinit$$0000002E)
    __rt_lib_init_argv_1                     0x08000225   Thumb Code     0  libinit2.o(.ARM.Collect$$libinit$$0000002C)
    __rt_lib_init_atexit_1                   0x08000225   Thumb Code     0  libinit2.o(.ARM.Collect$$libinit$$0000001B)
    __rt_lib_init_clock_1                    0x08000225   Thumb Code     0  libinit2.o(.ARM.Collect$$libinit$$00000021)
    __rt_lib_init_cpp_1                      0x08000225   Thumb Code     0  libinit2.o(.ARM.Collect$$libinit$$00000032)
    __rt_lib_init_exceptions_1               0x08000225   Thumb Code     0  libinit2.o(.ARM.Collect$$libinit$$00000030)
    __rt_lib_init_fp_trap_1                  0x08000225   Thumb Code     0  libinit2.o(.ARM.Collect$$libinit$$0000001F)
    __rt_lib_init_getenv_1                   0x08000225   Thumb Code     0  libinit2.o(.ARM.Collect$$libinit$$00000023)
    __rt_lib_init_lc_ctype_1                 0x08000225   Thumb Code     0  libinit2.o(.ARM.Collect$$libinit$$00000013)
    __rt_lib_init_lc_monetary_1              0x08000225   Thumb Code     0  libinit2.o(.ARM.Collect$$libinit$$00000015)
    __rt_lib_init_lc_numeric_1               0x08000225   Thumb Code     0  libinit2.o(.ARM.Collect$$libinit$$00000017)
    __rt_lib_init_lc_time_1                  0x08000225   Thumb Code     0  libinit2.o(.ARM.Collect$$libinit$$00000019)
    __rt_lib_init_return                     0x08000225   Thumb Code     0  libinit2.o(.ARM.Collect$$libinit$$00000033)
    __rt_lib_init_signal_1                   0x08000225   Thumb Code     0  libinit2.o(.ARM.Collect$$libinit$$0000001D)
    __rt_lib_init_stdio_1                    0x08000225   Thumb Code     0  libinit2.o(.ARM.Collect$$libinit$$00000025)
    __rt_lib_shutdown                        0x08000227   Thumb Code     0  libshutdown.o(.ARM.Collect$$libshutdown$$00000000)
    __rt_lib_shutdown_cpp_1                  0x08000229   Thumb Code     0  libshutdown2.o(.ARM.Collect$$libshutdown$$00000002)
    __rt_lib_shutdown_fp_trap_1              0x08000229   Thumb Code     0  libshutdown2.o(.ARM.Collect$$libshutdown$$00000007)
    __rt_lib_shutdown_heap_1                 0x08000229   Thumb Code     0  libshutdown2.o(.ARM.Collect$$libshutdown$$0000000F)
    __rt_lib_shutdown_return                 0x08000229   Thumb Code     0  libshutdown2.o(.ARM.Collect$$libshutdown$$00000010)
    __rt_lib_shutdown_signal_1               0x08000229   Thumb Code     0  libshutdown2.o(.ARM.Collect$$libshutdown$$0000000A)
    __rt_lib_shutdown_stdio_1                0x08000229   Thumb Code     0  libshutdown2.o(.ARM.Collect$$libshutdown$$00000004)
    __rt_lib_shutdown_user_alloc_1           0x08000229   Thumb Code     0  libshutdown2.o(.ARM.Collect$$libshutdown$$0000000C)
    __rt_entry                               0x0800022b   Thumb Code     0  __rtentry.o(.ARM.Collect$$rtentry$$00000000)
    __rt_entry_presh_1                       0x0800022b   Thumb Code     0  __rtentry2.o(.ARM.Collect$$rtentry$$00000002)
    __rt_entry_sh                            0x0800022b   Thumb Code     0  __rtentry4.o(.ARM.Collect$$rtentry$$00000004)
    __rt_entry_li                            0x08000231   Thumb Code     0  __rtentry2.o(.ARM.Collect$$rtentry$$0000000A)
    __rt_entry_postsh_1                      0x08000231   Thumb Code     0  __rtentry2.o(.ARM.Collect$$rtentry$$00000009)
    __rt_entry_main                          0x08000235   Thumb Code     0  __rtentry2.o(.ARM.Collect$$rtentry$$0000000D)
    __rt_entry_postli_1                      0x08000235   Thumb Code     0  __rtentry2.o(.ARM.Collect$$rtentry$$0000000C)
    __rt_exit                                0x0800023d   Thumb Code     0  rtexit.o(.ARM.Collect$$rtexit$$00000000)
    __rt_exit_ls                             0x0800023f   Thumb Code     0  rtexit2.o(.ARM.Collect$$rtexit$$00000003)
    __rt_exit_prels_1                        0x0800023f   Thumb Code     0  rtexit2.o(.ARM.Collect$$rtexit$$00000002)
    __rt_exit_exit                           0x08000243   Thumb Code     0  rtexit2.o(.ARM.Collect$$rtexit$$00000004)
    PendSV_Handler                           0x08000249   Thumb Code    40  switch.o(.emb_text)
    task1Entry                               0x08000279   Thumb Code    24  application.o(.text)
    task2Entry                               0x08000291   Thumb Code   272  application.o(.text)
    task3Entry                               0x080003a1   Thumb Code    28  application.o(.text)
    task4Entry                               0x080003bd   Thumb Code    36  application.o(.text)
    appInit                                  0x080003e1   Thumb Code   156  application.o(.text)
    LCD_WR_REG                               0x08000515   Thumb Code    18  lcd.o(.text)
    LCD_WR_DATA                              0x08000527   Thumb Code    20  lcd.o(.text)
    LCD_RD_DATA                              0x0800053b   Thumb Code    16  lcd.o(.text)
    LCD_WriteReg                             0x0800054b   Thumb Code    14  lcd.o(.text)
    LCD_ReadReg                              0x08000559   Thumb Code    30  lcd.o(.text)
    LCD_WriteRAM_Prepare                     0x08000577   Thumb Code    10  lcd.o(.text)
    LCD_WriteRAM                             0x08000581   Thumb Code     8  lcd.o(.text)
    LCD_BGR2RGB                              0x08000589   Thumb Code    26  lcd.o(.text)
    opt_delay                                0x080005a3   Thumb Code    14  lcd.o(.text)
    LCD_SetCursor                            0x080005b1   Thumb Code   282  lcd.o(.text)
    LCD_ReadPoint                            0x080006cb   Thumb Code   132  lcd.o(.text)
    LCD_DisplayOn                            0x0800074f   Thumb Code    32  lcd.o(.text)
    LCD_DisplayOff                           0x0800076f   Thumb Code    32  lcd.o(.text)
    LCD_Scan_Dir                             0x0800078f   Thumb Code   570  lcd.o(.text)
    LCD_DrawPoint                            0x080009c9   Thumb Code    28  lcd.o(.text)
    LCD_Fast_DrawPoint                       0x080009e5   Thumb Code   238  lcd.o(.text)
    LCD_SSD_BackLightSet                     0x08000ad3   Thumb Code    88  lcd.o(.text)
    LCD_Display_Dir                          0x08000b2b   Thumb Code   298  lcd.o(.text)
    LCD_Set_Window                           0x08000c55   Thumb Code   384  lcd.o(.text)
    LCD_Clear                                0x08000dd5   Thumb Code    42  lcd.o(.text)
    LCD_Init                                 0x08000dff   Thumb Code 10308  lcd.o(.text)
    LCD_Fill                                 0x08003643   Thumb Code    82  lcd.o(.text)
    LCD_Color_Fill                           0x08003695   Thumb Code    92  lcd.o(.text)
    LCD_DrawLine                             0x080036f1   Thumb Code   176  lcd.o(.text)
    LCD_DrawRectangle                        0x080037a1   Thumb Code    60  lcd.o(.text)
    LCD_Draw_Circle                          0x080037dd   Thumb Code   152  lcd.o(.text)
    LCD_ShowChar                             0x08003875   Thumb Code   286  lcd.o(.text)
    LCD_Pow                                  0x08003993   Thumb Code    22  lcd.o(.text)
    LCD_ShowNum                              0x080039a9   Thumb Code   148  lcd.o(.text)
    LCD_ShowxNum                             0x08003a3d   Thumb Code   190  lcd.o(.text)
    LCD_ShowString                           0x08003afb   Thumb Code   102  lcd.o(.text)
    keyInit                                  0x08003c1f   Thumb Code    96  button.o(.text)
    CLIInit                                  0x080050d5   Thumb Code    38  cli.o(.text)
    exEventInit                              0x0800518b   Thumb Code    34  exevent.o(.text)
    ExIOInit                                 0x08005271   Thumb Code    12  exio.o(.text)
    ExIOSetState                             0x0800527d   Thumb Code    12  exio.o(.text)
    ExIOGetState                             0x08005289   Thumb Code    32  exio.o(.text)
    interTemperatureInit                     0x080052b1   Thumb Code   154  intertemperature.o(.text)
    interTemperGetTemperature                0x080053a5   Thumb Code   116  intertemperature.o(.text)
    lightInit                                0x080054c9   Thumb Code    40  light.o(.text)
    lightGetValue                            0x080054f1   Thumb Code    60  light.o(.text)
    monitorGetTaskInfo                       0x0800575b   Thumb Code  1304  monitor.o(.text)
    monitorInit                              0x08005d55   Thumb Code    34  monitor.o(.text)
    monitorOn                                0x08005d95   Thumb Code    92  monitor.o(.text)
    uartInit                                 0x08006073   Thumb Code    30  uart.o(.text)
    uartRead                                 0x08006091   Thumb Code    72  uart.o(.text)
    uartWrite                                0x080060d9   Thumb Code   142  uart.o(.text)
    USART1_IRQHandler                        0x08006167   Thumb Code   196  uart.o(.text)
    isBanPrintf                              0x0800622b   Thumb Code     6  uart.o(.text)
    blockedPrintf                            0x08006231   Thumb Code     6  uart.o(.text)
    _ttywrch                                 0x08006237   Thumb Code     2  uart.o(.text)
    _sys_exit                                0x08006239   Thumb Code     4  uart.o(.text)
    fputc                                    0x0800623d   Thumb Code    58  uart.o(.text)
    RNGInit                                  0x080062a9   Thumb Code    62  rng.o(.text)
    RNGGetRandomNum                          0x080062e7   Thumb Code    20  rng.o(.text)
    RNGGetRandomRange                        0x080062fb   Thumb Code    26  rng.o(.text)
    Reset_Handler                            0x08006315   Thumb Code     8  startup_stm32f40_41xxx.o(.text)
    NMI_Handler                              0x0800631d   Thumb Code     2  startup_stm32f40_41xxx.o(.text)
    HardFault_Handler                        0x0800631f   Thumb Code     2  startup_stm32f40_41xxx.o(.text)
    MemManage_Handler                        0x08006321   Thumb Code     2  startup_stm32f40_41xxx.o(.text)
    BusFault_Handler                         0x08006323   Thumb Code     2  startup_stm32f40_41xxx.o(.text)
    UsageFault_Handler                       0x08006325   Thumb Code     2  startup_stm32f40_41xxx.o(.text)
    SVC_Handler                              0x08006327   Thumb Code     2  startup_stm32f40_41xxx.o(.text)
    DebugMon_Handler                         0x08006329   Thumb Code     2  startup_stm32f40_41xxx.o(.text)
    ADC_IRQHandler                           0x0800632f   Thumb Code     0  startup_stm32f40_41xxx.o(.text)
    CAN1_RX0_IRQHandler                      0x0800632f   Thumb Code     0  startup_stm32f40_41xxx.o(.text)
    CAN1_RX1_IRQHandler                      0x0800632f   Thumb Code     0  startup_stm32f40_41xxx.o(.text)
    CAN1_SCE_IRQHandler                      0x0800632f   Thumb Code     0  startup_stm32f40_41xxx.o(.text)
    CAN1_TX_IRQHandler                       0x0800632f   Thumb Code     0  startup_stm32f40_41xxx.o(.text)
    CAN2_RX0_IRQHandler                      0x0800632f   Thumb Code     0  startup_stm32f40_41xxx.o(.text)
    CAN2_RX1_IRQHandler                      0x0800632f   Thumb Code     0  startup_stm32f40_41xxx.o(.text)
    CAN2_SCE_IRQHandler                      0x0800632f   Thumb Code     0  startup_stm32f40_41xxx.o(.text)
    CAN2_TX_IRQHandler                       0x0800632f   Thumb Code     0  startup_stm32f40_41xxx.o(.text)
    CRYP_IRQHandler                          0x0800632f   Thumb Code     0  startup_stm32f40_41xxx.o(.text)
    DCMI_IRQHandler                          0x0800632f   Thumb Code     0  startup_stm32f40_41xxx.o(.text)
    DMA1_Stream0_IRQHandler                  0x0800632f   Thumb Code     0  startup_stm32f40_41xxx.o(.text)
    DMA1_Stream1_IRQHandler                  0x0800632f   Thumb Code     0  startup_stm32f40_41xxx.o(.text)
    DMA1_Stream2_IRQHandler                  0x0800632f   Thumb Code     0  startup_stm32f40_41xxx.o(.text)
    DMA1_Stream3_IRQHandler                  0x0800632f   Thumb Code     0  startup_stm32f40_41xxx.o(.text)
    DMA1_Stream4_IRQHandler                  0x0800632f   Thumb Code     0  startup_stm32f40_41xxx.o(.text)
    DMA1_Stream5_IRQHandler                  0x0800632f   Thumb Code     0  startup_stm32f40_41xxx.o(.text)
    DMA1_Stream6_IRQHandler                  0x0800632f   Thumb Code     0  startup_stm32f40_41xxx.o(.text)
    DMA1_Stream7_IRQHandler                  0x0800632f   Thumb Code     0  startup_stm32f40_41xxx.o(.text)
    DMA2_Stream0_IRQHandler                  0x0800632f   Thumb Code     0  startup_stm32f40_41xxx.o(.text)
    DMA2_Stream1_IRQHandler                  0x0800632f   Thumb Code     0  startup_stm32f40_41xxx.o(.text)
    DMA2_Stream2_IRQHandler                  0x0800632f   Thumb Code     0  startup_stm32f40_41xxx.o(.text)
    DMA2_Stream3_IRQHandler                  0x0800632f   Thumb Code     0  startup_stm32f40_41xxx.o(.text)
    DMA2_Stream4_IRQHandler                  0x0800632f   Thumb Code     0  startup_stm32f40_41xxx.o(.text)
    DMA2_Stream5_IRQHandler                  0x0800632f   Thumb Code     0  startup_stm32f40_41xxx.o(.text)
    DMA2_Stream6_IRQHandler                  0x0800632f   Thumb Code     0  startup_stm32f40_41xxx.o(.text)
    DMA2_Stream7_IRQHandler                  0x0800632f   Thumb Code     0  startup_stm32f40_41xxx.o(.text)
    ETH_IRQHandler                           0x0800632f   Thumb Code     0  startup_stm32f40_41xxx.o(.text)
    ETH_WKUP_IRQHandler                      0x0800632f   Thumb Code     0  startup_stm32f40_41xxx.o(.text)
    EXTI0_IRQHandler                         0x0800632f   Thumb Code     0  startup_stm32f40_41xxx.o(.text)
    EXTI15_10_IRQHandler                     0x0800632f   Thumb Code     0  startup_stm32f40_41xxx.o(.text)
    EXTI1_IRQHandler                         0x0800632f   Thumb Code     0  startup_stm32f40_41xxx.o(.text)
    EXTI2_IRQHandler                         0x0800632f   Thumb Code     0  startup_stm32f40_41xxx.o(.text)
    EXTI3_IRQHandler                         0x0800632f   Thumb Code     0  startup_stm32f40_41xxx.o(.text)
    EXTI4_IRQHandler                         0x0800632f   Thumb Code     0  startup_stm32f40_41xxx.o(.text)
    EXTI9_5_IRQHandler                       0x0800632f   Thumb Code     0  startup_stm32f40_41xxx.o(.text)
    FLASH_IRQHandler                         0x0800632f   Thumb Code     0  startup_stm32f40_41xxx.o(.text)
    FPU_IRQHandler                           0x0800632f   Thumb Code     0  startup_stm32f40_41xxx.o(.text)
    FSMC_IRQHandler                          0x0800632f   Thumb Code     0  startup_stm32f40_41xxx.o(.text)
    HASH_RNG_IRQHandler                      0x0800632f   Thumb Code     0  startup_stm32f40_41xxx.o(.text)
    I2C1_ER_IRQHandler                       0x0800632f   Thumb Code     0  startup_stm32f40_41xxx.o(.text)
    I2C1_EV_IRQHandler                       0x0800632f   Thumb Code     0  startup_stm32f40_41xxx.o(.text)
    I2C2_ER_IRQHandler                       0x0800632f   Thumb Code     0  startup_stm32f40_41xxx.o(.text)
    I2C2_EV_IRQHandler                       0x0800632f   Thumb Code     0  startup_stm32f40_41xxx.o(.text)
    I2C3_ER_IRQHandler                       0x0800632f   Thumb Code     0  startup_stm32f40_41xxx.o(.text)
    I2C3_EV_IRQHandler                       0x0800632f   Thumb Code     0  startup_stm32f40_41xxx.o(.text)
    OTG_FS_IRQHandler                        0x0800632f   Thumb Code     0  startup_stm32f40_41xxx.o(.text)
    OTG_FS_WKUP_IRQHandler                   0x0800632f   Thumb Code     0  startup_stm32f40_41xxx.o(.text)
    OTG_HS_EP1_IN_IRQHandler                 0x0800632f   Thumb Code     0  startup_stm32f40_41xxx.o(.text)
    OTG_HS_EP1_OUT_IRQHandler                0x0800632f   Thumb Code     0  startup_stm32f40_41xxx.o(.text)
    OTG_HS_IRQHandler                        0x0800632f   Thumb Code     0  startup_stm32f40_41xxx.o(.text)
    OTG_HS_WKUP_IRQHandler                   0x0800632f   Thumb Code     0  startup_stm32f40_41xxx.o(.text)
    PVD_IRQHandler                           0x0800632f   Thumb Code     0  startup_stm32f40_41xxx.o(.text)
    RCC_IRQHandler                           0x0800632f   Thumb Code     0  startup_stm32f40_41xxx.o(.text)
    RTC_Alarm_IRQHandler                     0x0800632f   Thumb Code     0  startup_stm32f40_41xxx.o(.text)
    RTC_WKUP_IRQHandler                      0x0800632f   Thumb Code     0  startup_stm32f40_41xxx.o(.text)
    SDIO_IRQHandler                          0x0800632f   Thumb Code     0  startup_stm32f40_41xxx.o(.text)
    SPI1_IRQHandler                          0x0800632f   Thumb Code     0  startup_stm32f40_41xxx.o(.text)
    SPI2_IRQHandler                          0x0800632f   Thumb Code     0  startup_stm32f40_41xxx.o(.text)
    SPI3_IRQHandler                          0x0800632f   Thumb Code     0  startup_stm32f40_41xxx.o(.text)
    TAMP_STAMP_IRQHandler                    0x0800632f   Thumb Code     0  startup_stm32f40_41xxx.o(.text)
    TIM1_BRK_TIM9_IRQHandler                 0x0800632f   Thumb Code     0  startup_stm32f40_41xxx.o(.text)
    TIM1_CC_IRQHandler                       0x0800632f   Thumb Code     0  startup_stm32f40_41xxx.o(.text)
    TIM1_TRG_COM_TIM11_IRQHandler            0x0800632f   Thumb Code     0  startup_stm32f40_41xxx.o(.text)
    TIM1_UP_TIM10_IRQHandler                 0x0800632f   Thumb Code     0  startup_stm32f40_41xxx.o(.text)
    TIM2_IRQHandler                          0x0800632f   Thumb Code     0  startup_stm32f40_41xxx.o(.text)
    TIM3_IRQHandler                          0x0800632f   Thumb Code     0  startup_stm32f40_41xxx.o(.text)
    TIM4_IRQHandler                          0x0800632f   Thumb Code     0  startup_stm32f40_41xxx.o(.text)
    TIM5_IRQHandler                          0x0800632f   Thumb Code     0  startup_stm32f40_41xxx.o(.text)
    TIM6_DAC_IRQHandler                      0x0800632f   Thumb Code     0  startup_stm32f40_41xxx.o(.text)
    TIM7_IRQHandler                          0x0800632f   Thumb Code     0  startup_stm32f40_41xxx.o(.text)
    TIM8_BRK_TIM12_IRQHandler                0x0800632f   Thumb Code     0  startup_stm32f40_41xxx.o(.text)
    TIM8_CC_IRQHandler                       0x0800632f   Thumb Code     0  startup_stm32f40_41xxx.o(.text)
    TIM8_TRG_COM_TIM14_IRQHandler            0x0800632f   Thumb Code     0  startup_stm32f40_41xxx.o(.text)
    TIM8_UP_TIM13_IRQHandler                 0x0800632f   Thumb Code     0  startup_stm32f40_41xxx.o(.text)
    UART4_IRQHandler                         0x0800632f   Thumb Code     0  startup_stm32f40_41xxx.o(.text)
    UART5_IRQHandler                         0x0800632f   Thumb Code     0  startup_stm32f40_41xxx.o(.text)
    USART2_IRQHandler                        0x0800632f   Thumb Code     0  startup_stm32f40_41xxx.o(.text)
    USART3_IRQHandler                        0x0800632f   Thumb Code     0  startup_stm32f40_41xxx.o(.text)
    USART6_IRQHandler                        0x0800632f   Thumb Code     0  startup_stm32f40_41xxx.o(.text)
    WWDG_IRQHandler                          0x0800632f   Thumb Code     0  startup_stm32f40_41xxx.o(.text)
    __user_initial_stackheap                 0x08006331   Thumb Code     0  startup_stm32f40_41xxx.o(.text)
    SystemInit                               0x08006431   Thumb Code    88  system_stm32f4xx.o(.text)
    SystemCoreClockUpdate                    0x08006489   Thumb Code   174  system_stm32f4xx.o(.text)
    GPIO_DeInit                              0x08006565   Thumb Code   268  stm32f4xx_gpio.o(.text)
    GPIO_Init                                0x08006671   Thumb Code   144  stm32f4xx_gpio.o(.text)
    GPIO_StructInit                          0x08006701   Thumb Code    18  stm32f4xx_gpio.o(.text)
    GPIO_PinLockConfig                       0x08006713   Thumb Code    34  stm32f4xx_gpio.o(.text)
    GPIO_ReadInputDataBit                    0x08006735   Thumb Code    18  stm32f4xx_gpio.o(.text)
    GPIO_ReadInputData                       0x08006747   Thumb Code     8  stm32f4xx_gpio.o(.text)
    GPIO_ReadOutputDataBit                   0x0800674f   Thumb Code    18  stm32f4xx_gpio.o(.text)
    GPIO_ReadOutputData                      0x08006761   Thumb Code     8  stm32f4xx_gpio.o(.text)
    GPIO_SetBits                             0x08006769   Thumb Code     4  stm32f4xx_gpio.o(.text)
    GPIO_ResetBits                           0x0800676d   Thumb Code     4  stm32f4xx_gpio.o(.text)
    GPIO_WriteBit                            0x08006771   Thumb Code    10  stm32f4xx_gpio.o(.text)
    GPIO_Write                               0x0800677b   Thumb Code     4  stm32f4xx_gpio.o(.text)
    GPIO_ToggleBits                          0x0800677f   Thumb Code     8  stm32f4xx_gpio.o(.text)
    GPIO_PinAFConfig                         0x08006787   Thumb Code    70  stm32f4xx_gpio.o(.text)
    FSMC_NORSRAMDeInit                       0x080067f9   Thumb Code    54  stm32f4xx_fsmc.o(.text)
    FSMC_NORSRAMInit                         0x0800682f   Thumb Code   230  stm32f4xx_fsmc.o(.text)
    FSMC_NORSRAMStructInit                   0x08006915   Thumb Code    48  stm32f4xx_fsmc.o(.text)
    FSMC_NORSRAMCmd                          0x08006945   Thumb Code    46  stm32f4xx_fsmc.o(.text)
    FSMC_NANDDeInit                          0x08006973   Thumb Code    62  stm32f4xx_fsmc.o(.text)
    FSMC_NANDInit                            0x080069b1   Thumb Code   132  stm32f4xx_fsmc.o(.text)
    FSMC_NANDStructInit                      0x08006a35   Thumb Code    54  stm32f4xx_fsmc.o(.text)
    FSMC_NANDCmd                             0x08006a6b   Thumb Code    86  stm32f4xx_fsmc.o(.text)
    FSMC_NANDECCCmd                          0x08006ac1   Thumb Code    86  stm32f4xx_fsmc.o(.text)
    FSMC_GetECC                              0x08006b17   Thumb Code    24  stm32f4xx_fsmc.o(.text)
    FSMC_PCCARDDeInit                        0x08006b2f   Thumb Code    36  stm32f4xx_fsmc.o(.text)
    FSMC_PCCARDInit                          0x08006b53   Thumb Code   130  stm32f4xx_fsmc.o(.text)
    FSMC_PCCARDStructInit                    0x08006bd5   Thumb Code    60  stm32f4xx_fsmc.o(.text)
    FSMC_PCCARDCmd                           0x08006c11   Thumb Code    44  stm32f4xx_fsmc.o(.text)
    FSMC_ITConfig                            0x08006c3d   Thumb Code   128  stm32f4xx_fsmc.o(.text)
    FSMC_GetFlagStatus                       0x08006cbd   Thumb Code    54  stm32f4xx_fsmc.o(.text)
    FSMC_ClearFlag                           0x08006cf3   Thumb Code    74  stm32f4xx_fsmc.o(.text)
    FSMC_GetITStatus                         0x08006d3d   Thumb Code    62  stm32f4xx_fsmc.o(.text)
    FSMC_ClearITPendingBit                   0x08006d7b   Thumb Code    66  stm32f4xx_fsmc.o(.text)
    RCC_DeInit                               0x08006dc1   Thumb Code    82  stm32f4xx_rcc.o(.text)
    RCC_HSEConfig                            0x08006e13   Thumb Code    14  stm32f4xx_rcc.o(.text)
    RCC_GetFlagStatus                        0x08006e21   Thumb Code    60  stm32f4xx_rcc.o(.text)
    RCC_WaitForHSEStartUp                    0x08006e5d   Thumb Code    56  stm32f4xx_rcc.o(.text)
    RCC_AdjustHSICalibrationValue            0x08006e95   Thumb Code    20  stm32f4xx_rcc.o(.text)
    RCC_HSICmd                               0x08006ea9   Thumb Code     6  stm32f4xx_rcc.o(.text)
    RCC_LSEConfig                            0x08006eaf   Thumb Code    46  stm32f4xx_rcc.o(.text)
    RCC_LSICmd                               0x08006edd   Thumb Code     6  stm32f4xx_rcc.o(.text)
    RCC_PLLConfig                            0x08006ee3   Thumb Code    32  stm32f4xx_rcc.o(.text)
    RCC_PLLCmd                               0x08006f03   Thumb Code     6  stm32f4xx_rcc.o(.text)
    RCC_PLLI2SConfig                         0x08006f09   Thumb Code    14  stm32f4xx_rcc.o(.text)
    RCC_PLLI2SCmd                            0x08006f17   Thumb Code     6  stm32f4xx_rcc.o(.text)
    RCC_PLLSAIConfig                         0x08006f1d   Thumb Code    20  stm32f4xx_rcc.o(.text)
    RCC_PLLSAICmd                            0x08006f31   Thumb Code     6  stm32f4xx_rcc.o(.text)
    RCC_ClockSecuritySystemCmd               0x08006f37   Thumb Code     6  stm32f4xx_rcc.o(.text)
    RCC_MCO1Config                           0x08006f3d   Thumb Code    28  stm32f4xx_rcc.o(.text)
    RCC_MCO2Config                           0x08006f59   Thumb Code    28  stm32f4xx_rcc.o(.text)
    RCC_SYSCLKConfig                         0x08006f75   Thumb Code    20  stm32f4xx_rcc.o(.text)
    RCC_GetSYSCLKSource                      0x08006f89   Thumb Code    12  stm32f4xx_rcc.o(.text)
    RCC_HCLKConfig                           0x08006f95   Thumb Code    20  stm32f4xx_rcc.o(.text)
    RCC_PCLK1Config                          0x08006fa9   Thumb Code    20  stm32f4xx_rcc.o(.text)
    RCC_PCLK2Config                          0x08006fbd   Thumb Code    22  stm32f4xx_rcc.o(.text)
    RCC_GetClocksFreq                        0x08006fd3   Thumb Code   222  stm32f4xx_rcc.o(.text)
    RCC_RTCCLKConfig                         0x080070b1   Thumb Code    54  stm32f4xx_rcc.o(.text)
    RCC_RTCCLKCmd                            0x080070e7   Thumb Code     8  stm32f4xx_rcc.o(.text)
    RCC_BackupResetCmd                       0x080070ef   Thumb Code     8  stm32f4xx_rcc.o(.text)
    RCC_I2SCLKConfig                         0x080070f7   Thumb Code     6  stm32f4xx_rcc.o(.text)
    RCC_SAIPLLI2SClkDivConfig                0x080070fd   Thumb Code    26  stm32f4xx_rcc.o(.text)
    RCC_SAIPLLSAIClkDivConfig                0x08007117   Thumb Code    28  stm32f4xx_rcc.o(.text)
    RCC_SAIBlockACLKConfig                   0x08007133   Thumb Code    20  stm32f4xx_rcc.o(.text)
    RCC_SAIBlockBCLKConfig                   0x08007147   Thumb Code    20  stm32f4xx_rcc.o(.text)
    RCC_LTDCCLKDivConfig                     0x0800715b   Thumb Code    20  stm32f4xx_rcc.o(.text)
    RCC_TIMCLKPresConfig                     0x0800716f   Thumb Code     6  stm32f4xx_rcc.o(.text)
    RCC_AHB1PeriphClockCmd                   0x08007175   Thumb Code    34  stm32f4xx_rcc.o(.text)
    RCC_AHB2PeriphClockCmd                   0x08007197   Thumb Code    78  stm32f4xx_rcc.o(.text)
    RCC_AHB3PeriphClockCmd                   0x080071e5   Thumb Code    34  stm32f4xx_rcc.o(.text)
    RCC_APB1PeriphClockCmd                   0x08007207   Thumb Code    34  stm32f4xx_rcc.o(.text)
    RCC_APB2PeriphClockCmd                   0x08007229   Thumb Code    34  stm32f4xx_rcc.o(.text)
    RCC_AHB1PeriphResetCmd                   0x0800724b   Thumb Code    34  stm32f4xx_rcc.o(.text)
    RCC_AHB2PeriphResetCmd                   0x0800726d   Thumb Code    34  stm32f4xx_rcc.o(.text)
    RCC_AHB3PeriphResetCmd                   0x0800728f   Thumb Code    34  stm32f4xx_rcc.o(.text)
    RCC_APB1PeriphResetCmd                   0x080072b1   Thumb Code    34  stm32f4xx_rcc.o(.text)
    RCC_APB2PeriphResetCmd                   0x080072d3   Thumb Code    34  stm32f4xx_rcc.o(.text)
    RCC_AHB1PeriphClockLPModeCmd             0x080072f5   Thumb Code    34  stm32f4xx_rcc.o(.text)
    RCC_AHB2PeriphClockLPModeCmd             0x08007317   Thumb Code    34  stm32f4xx_rcc.o(.text)
    RCC_AHB3PeriphClockLPModeCmd             0x08007339   Thumb Code    34  stm32f4xx_rcc.o(.text)
    RCC_APB1PeriphClockLPModeCmd             0x0800735b   Thumb Code    34  stm32f4xx_rcc.o(.text)
    RCC_APB2PeriphClockLPModeCmd             0x0800737d   Thumb Code    34  stm32f4xx_rcc.o(.text)
    RCC_LSEModeConfig                        0x0800739f   Thumb Code    40  stm32f4xx_rcc.o(.text)
    RCC_ITConfig                             0x080073c7   Thumb Code    34  stm32f4xx_rcc.o(.text)
    RCC_ClearFlag                            0x080073e9   Thumb Code    18  stm32f4xx_rcc.o(.text)
    RCC_GetITStatus                          0x080073fb   Thumb Code    22  stm32f4xx_rcc.o(.text)
    RCC_ClearITPendingBit                    0x08007411   Thumb Code     8  stm32f4xx_rcc.o(.text)
    USART_DeInit                             0x0800741d   Thumb Code   206  stm32f4xx_usart.o(.text)
    USART_Init                               0x080074eb   Thumb Code   204  stm32f4xx_usart.o(.text)
    USART_StructInit                         0x080075b7   Thumb Code    24  stm32f4xx_usart.o(.text)
    USART_ClockInit                          0x080075cf   Thumb Code    32  stm32f4xx_usart.o(.text)
    USART_ClockStructInit                    0x080075ef   Thumb Code    12  stm32f4xx_usart.o(.text)
    USART_Cmd                                0x080075fb   Thumb Code    24  stm32f4xx_usart.o(.text)
    USART_SetPrescaler                       0x08007613   Thumb Code    16  stm32f4xx_usart.o(.text)
    USART_OverSampling8Cmd                   0x08007623   Thumb Code    22  stm32f4xx_usart.o(.text)
    USART_OneBitMethodCmd                    0x08007639   Thumb Code    24  stm32f4xx_usart.o(.text)
    USART_SendData                           0x08007651   Thumb Code     8  stm32f4xx_usart.o(.text)
    USART_ReceiveData                        0x08007659   Thumb Code    10  stm32f4xx_usart.o(.text)
    USART_SetAddress                         0x08007663   Thumb Code    18  stm32f4xx_usart.o(.text)
    USART_ReceiverWakeUpCmd                  0x08007675   Thumb Code    24  stm32f4xx_usart.o(.text)
    USART_WakeUpConfig                       0x0800768d   Thumb Code    18  stm32f4xx_usart.o(.text)
    USART_LINBreakDetectLengthConfig         0x0800769f   Thumb Code    18  stm32f4xx_usart.o(.text)
    USART_LINCmd                             0x080076b1   Thumb Code    24  stm32f4xx_usart.o(.text)
    USART_SendBreak                          0x080076c9   Thumb Code    10  stm32f4xx_usart.o(.text)
    USART_HalfDuplexCmd                      0x080076d3   Thumb Code    24  stm32f4xx_usart.o(.text)
    USART_SetGuardTime                       0x080076eb   Thumb Code    16  stm32f4xx_usart.o(.text)
    USART_SmartCardCmd                       0x080076fb   Thumb Code    24  stm32f4xx_usart.o(.text)
    USART_SmartCardNACKCmd                   0x08007713   Thumb Code    24  stm32f4xx_usart.o(.text)
    USART_IrDAConfig                         0x0800772b   Thumb Code    18  stm32f4xx_usart.o(.text)
    USART_IrDACmd                            0x0800773d   Thumb Code    24  stm32f4xx_usart.o(.text)
    USART_DMACmd                             0x08007755   Thumb Code    18  stm32f4xx_usart.o(.text)
    USART_ITConfig                           0x08007767   Thumb Code    74  stm32f4xx_usart.o(.text)
    USART_GetFlagStatus                      0x080077b1   Thumb Code    26  stm32f4xx_usart.o(.text)
    USART_ClearFlag                          0x080077cb   Thumb Code    18  stm32f4xx_usart.o(.text)
    USART_GetITStatus                        0x080077dd   Thumb Code   118  stm32f4xx_usart.o(.text)
    USART_ClearITPendingBit                  0x08007853   Thumb Code    30  stm32f4xx_usart.o(.text)
    ADC_DeInit                               0x08007871   Thumb Code    22  stm32f4xx_adc.o(.text)
    ADC_Init                                 0x08007887   Thumb Code    74  stm32f4xx_adc.o(.text)
    ADC_StructInit                           0x080078d1   Thumb Code    20  stm32f4xx_adc.o(.text)
    ADC_CommonInit                           0x080078e5   Thumb Code    34  stm32f4xx_adc.o(.text)
    ADC_CommonStructInit                     0x08007907   Thumb Code    12  stm32f4xx_adc.o(.text)
    ADC_Cmd                                  0x08007913   Thumb Code    22  stm32f4xx_adc.o(.text)
    ADC_AnalogWatchdogCmd                    0x08007929   Thumb Code    16  stm32f4xx_adc.o(.text)
    ADC_AnalogWatchdogThresholdsConfig       0x08007939   Thumb Code     6  stm32f4xx_adc.o(.text)
    ADC_AnalogWatchdogSingleChannelConfig    0x0800793f   Thumb Code    16  stm32f4xx_adc.o(.text)
    ADC_TempSensorVrefintCmd                 0x0800794f   Thumb Code    34  stm32f4xx_adc.o(.text)
    ADC_VBATCmd                              0x08007971   Thumb Code    34  stm32f4xx_adc.o(.text)
    ADC_RegularChannelConfig                 0x08007993   Thumb Code   184  stm32f4xx_adc.o(.text)
    ADC_SoftwareStartConv                    0x08007a4b   Thumb Code    10  stm32f4xx_adc.o(.text)
    ADC_GetSoftwareStartConvStatus           0x08007a55   Thumb Code    20  stm32f4xx_adc.o(.text)
    ADC_EOCOnEachRegularChannelCmd           0x08007a69   Thumb Code    22  stm32f4xx_adc.o(.text)
    ADC_ContinuousModeCmd                    0x08007a7f   Thumb Code    22  stm32f4xx_adc.o(.text)
    ADC_DiscModeChannelCountConfig           0x08007a95   Thumb Code    24  stm32f4xx_adc.o(.text)
    ADC_DiscModeCmd                          0x08007aad   Thumb Code    22  stm32f4xx_adc.o(.text)
    ADC_GetConversionValue                   0x08007ac3   Thumb Code     8  stm32f4xx_adc.o(.text)
    ADC_GetMultiModeConversionValue          0x08007acb   Thumb Code     8  stm32f4xx_adc.o(.text)
    ADC_DMACmd                               0x08007ad3   Thumb Code    22  stm32f4xx_adc.o(.text)
    ADC_DMARequestAfterLastTransferCmd       0x08007ae9   Thumb Code    22  stm32f4xx_adc.o(.text)
    ADC_MultiModeDMARequestAfterLastTransferCmd 0x08007aff   Thumb Code    34  stm32f4xx_adc.o(.text)
    ADC_InjectedChannelConfig                0x08007b21   Thumb Code   130  stm32f4xx_adc.o(.text)
    ADC_InjectedSequencerLengthConfig        0x08007ba3   Thumb Code    24  stm32f4xx_adc.o(.text)
    ADC_SetInjectedOffset                    0x08007bbb   Thumb Code    20  stm32f4xx_adc.o(.text)
    ADC_ExternalTrigInjectedConvConfig       0x08007bcf   Thumb Code    16  stm32f4xx_adc.o(.text)
    ADC_ExternalTrigInjectedConvEdgeConfig   0x08007bdf   Thumb Code    16  stm32f4xx_adc.o(.text)
    ADC_SoftwareStartInjectedConv            0x08007bef   Thumb Code    10  stm32f4xx_adc.o(.text)
    ADC_GetSoftwareStartInjectedConvCmdStatus 0x08007bf9   Thumb Code    20  stm32f4xx_adc.o(.text)
    ADC_AutoInjectedConvCmd                  0x08007c0d   Thumb Code    22  stm32f4xx_adc.o(.text)
    ADC_InjectedDiscModeCmd                  0x08007c23   Thumb Code    22  stm32f4xx_adc.o(.text)
    ADC_GetInjectedConversionValue           0x08007c39   Thumb Code    28  stm32f4xx_adc.o(.text)
    ADC_ITConfig                             0x08007c55   Thumb Code    56  stm32f4xx_adc.o(.text)
    ADC_GetFlagStatus                        0x08007c8d   Thumb Code    18  stm32f4xx_adc.o(.text)
    ADC_ClearFlag                            0x08007c9f   Thumb Code     6  stm32f4xx_adc.o(.text)
    ADC_GetITStatus                          0x08007ca5   Thumb Code    38  stm32f4xx_adc.o(.text)
    ADC_ClearITPendingBit                    0x08007ccb   Thumb Code    10  stm32f4xx_adc.o(.text)
    RNG_DeInit                               0x08007cd5   Thumb Code    20  stm32f4xx_rng.o(.text)
    RNG_Cmd                                  0x08007ce9   Thumb Code    30  stm32f4xx_rng.o(.text)
    RNG_GetRandomNumber                      0x08007d07   Thumb Code     8  stm32f4xx_rng.o(.text)
    RNG_ITConfig                             0x08007d0f   Thumb Code    30  stm32f4xx_rng.o(.text)
    RNG_GetFlagStatus                        0x08007d2d   Thumb Code    22  stm32f4xx_rng.o(.text)
    RNG_ClearFlag                            0x08007d43   Thumb Code    12  stm32f4xx_rng.o(.text)
    RNG_GetITStatus                          0x08007d4f   Thumb Code    22  stm32f4xx_rng.o(.text)
    RNG_ClearITPendingBit                    0x08007d65   Thumb Code    12  stm32f4xx_rng.o(.text)
    bitmapInit                               0x08007d75   Thumb Code     6  bitmap.o(.text)
    bitmapSet                                0x08007d7b   Thumb Code    12  bitmap.o(.text)
    bitmapClear                              0x08007d87   Thumb Code    12  bitmap.o(.text)
    bitmapPosCount                           0x08007d93   Thumb Code     4  bitmap.o(.text)
    bitmapIsSet                              0x08007d97   Thumb Code    20  bitmap.o(.text)
    bitmapGetFirstSet                        0x08007dab   Thumb Code    86  bitmap.o(.text)
    enterCritical                            0x08007e05   Thumb Code    12  lock.o(.text)
    leaveCritical                            0x08007e11   Thumb Code    10  lock.o(.text)
    schedLockInit                            0x08007e1b   Thumb Code     8  lock.o(.text)
    lockSched                                0x08007e23   Thumb Code    34  lock.o(.text)
    unlockSched                              0x08007e45   Thumb Code    42  lock.o(.text)
    rtosInit                                 0x08007e75   Thumb Code    84  main_1.o(.text)
    main                                     0x08007ec9   Thumb Code    22  main_1.o(.text)
    setSysTick                               0x08007f0d   Thumb Code    74  rt_cpu.o(.text)
    eFlagGroupInit                           0x08007f65   Thumb Code    18  rt_eflaggroup.o(.text)
    eFlagGroupWait                           0x08007fcd   Thumb Code   130  rt_eflaggroup.o(.text)
    eFlagGroupGetWithNoWait                  0x0800804f   Thumb Code    68  rt_eflaggroup.o(.text)
    eFlagGroupPost                           0x08008093   Thumb Code   134  rt_eflaggroup.o(.text)
    eFlagGroupDestory                        0x08008119   Thumb Code    38  rt_eflaggroup.o(.text)
    eFlagGroupGetInfo                        0x0800813f   Thumb Code    42  rt_eflaggroup.o(.text)
    eventInit                                0x0800816d   Thumb Code    16  rt_event.o(.text)
    eventWait                                0x080081c9   Thumb Code    74  rt_event.o(.text)
    eventWakeUp                              0x08008213   Thumb Code    98  rt_event.o(.text)
    eventWakeUpGivenTask                     0x08008275   Thumb Code    64  rt_event.o(.text)
    eventRemoveTask                          0x080082b5   Thumb Code    54  rt_event.o(.text)
    eventRemoveAllTask                       0x080082eb   Thumb Code    86  rt_event.o(.text)
    eventGetWaitNum                          0x08008341   Thumb Code    30  rt_event.o(.text)
    hooksCpuIdle                             0x08008361   Thumb Code    10  rt_hooks.o(.text)
    hooksSysTick                             0x0800836b   Thumb Code     2  rt_hooks.o(.text)
    hooksTaskSwitch                          0x0800836d   Thumb Code     2  rt_hooks.o(.text)
    hooksTaskInit                            0x0800836f   Thumb Code     2  rt_hooks.o(.text)
    checkCpuUsage                            0x08008375   Thumb Code   174  rt_idletask.o(.text)
    idleTaskEntry                            0x0800842f   Thumb Code    54  rt_idletask.o(.text)
    cpuGetUsage                              0x08008465   Thumb Code     8  rt_idletask.o(.text)
    listNodeInit                             0x08008489   Thumb Code     8  rt_list.o(.text)
    listHeadInit                             0x08008491   Thumb Code    10  rt_list.o(.text)
    getListNodeNum                           0x0800849b   Thumb Code     6  rt_list.o(.text)
    getFirstListNode                         0x080084a1   Thumb Code    14  rt_list.o(.text)
    getLastListNode                          0x080084af   Thumb Code    14  rt_list.o(.text)
    getPrevListNode                          0x080084bd   Thumb Code    16  rt_list.o(.text)
    getNextListNode                          0x080084cd   Thumb Code    16  rt_list.o(.text)
    listClearALL                             0x080084dd   Thumb Code    34  rt_list.o(.text)
    listNodeInsert2Head                      0x080084ff   Thumb Code    24  rt_list.o(.text)
    listNodeInsert2Tail                      0x08008517   Thumb Code    24  rt_list.o(.text)
    listRemoveFirst                          0x0800852f   Thumb Code    38  rt_list.o(.text)
    checkNodeIsInList                        0x08008555   Thumb Code    26  rt_list.o(.text)
    listInsert                               0x0800856f   Thumb Code    38  rt_list.o(.text)
    listRemove                               0x08008595   Thumb Code    44  rt_list.o(.text)
    getHighestReadyTask                      0x080085c1   Thumb Code    32  rt_task.o(.text)
    taskSched                                0x080085e1   Thumb Code    66  rt_task.o(.text)
    taskSched2Ready                          0x08008623   Thumb Code    38  rt_task.o(.text)
    taskInit                                 0x08008649   Thumb Code   294  rt_task.o(.text)
    taskYield                                0x0800876f   Thumb Code   142  rt_task.o(.text)
    taskDelayedListInit                      0x080087fd   Thumb Code    10  rt_task.o(.text)
    taskSched2Unready                        0x08008807   Thumb Code    86  rt_task.o(.text)
    taskSched2Delay                          0x0800885d   Thumb Code    46  rt_task.o(.text)
    taskSched2Undelay                        0x0800888b   Thumb Code    44  rt_task.o(.text)
    taskSuspend                              0x080088b7   Thumb Code    72  rt_task.o(.text)
    taskWakeUp                               0x080088ff   Thumb Code    66  rt_task.o(.text)
    taskSetCleanCallFunc                     0x08008941   Thumb Code     6  rt_task.o(.text)
    taskForceDelete                          0x08008947   Thumb Code    74  rt_task.o(.text)
    taskRequestDelete                        0x08008991   Thumb Code     8  rt_task.o(.text)
    taskIsRequestedDelete                    0x08008999   Thumb Code    44  rt_task.o(.text)
    taskDeleteSelf                           0x080089c5   Thumb Code    50  rt_task.o(.text)
    taskGetInfo                              0x080089f7   Thumb Code   102  rt_task.o(.text)
    taskDelay                                0x08008a61   Thumb Code    46  rt_time.o(.text)
    taskTimeSliceHandler                     0x08008a8f   Thumb Code   178  rt_time.o(.text)
    SysTick_Handler                          0x08008b41   Thumb Code     8  rt_time.o(.text)
    timerResetSemForTimerNotify              0x08008b55   Thumb Code     8  rt_timer.o(.text)
    timerFuncPost                            0x08008bc5   Thumb Code    16  rt_timer.o(.text)
    timerFuncInit                            0x08008bd5   Thumb Code    62  rt_timer.o(.text)
    timerInit                                0x08008c13   Thumb Code    56  rt_timer.o(.text)
    timerStart                               0x08008c4b   Thumb Code   108  rt_timer.o(.text)
    timerStop                                0x08008cb7   Thumb Code    86  rt_timer.o(.text)
    timerResume                              0x08008d0d   Thumb Code    78  rt_timer.o(.text)
    timerDestory                             0x08008d5b   Thumb Code    86  rt_timer.o(.text)
    timerGetInfo                             0x08008db1   Thumb Code    58  rt_timer.o(.text)
    semInit                                  0x08008e15   Thumb Code    38  semaphore.o(.text)
    semWait                                  0x08008e3b   Thumb Code    68  semaphore.o(.text)
    semGetWithNoWait                         0x08008e7f   Thumb Code    40  semaphore.o(.text)
    semPost                                  0x08008ea7   Thumb Code    78  semaphore.o(.text)
    semDestory                               0x08008ef5   Thumb Code    42  semaphore.o(.text)
    semGetInfo                               0x08008f1f   Thumb Code    44  semaphore.o(.text)
    runFirstTask                             0x08008f51   Thumb Code    24  switch.o(.text)
    runFirstTask2                            0x08008f69   Thumb Code    48  switch.o(.text)
    taskSwitch                               0x08008f99   Thumb Code    12  switch.o(.text)
    __use_no_semihosting                     0x08008fb1   Thumb Code     2  use_no_semi_2.o(.text)
    __2printf                                0x08008fb5   Thumb Code    20  noretval__2printf.o(.text)
    _printf_pre_padding                      0x08008fcd   Thumb Code    44  _printf_pad.o(.text)
    _printf_post_padding                     0x08008ff9   Thumb Code    34  _printf_pad.o(.text)
    _printf_str                              0x0800901b   Thumb Code    82  _printf_str.o(.text)
    _printf_int_dec                          0x0800906d   Thumb Code   104  _printf_dec.o(.text)
    __printf                                 0x080090e5   Thumb Code   308  __printf_flags_wp.o(.text)
    atoi                                     0x0800921d   Thumb Code    26  atoi.o(.text)
    strtok                                   0x08009239   Thumb Code     6  strtok.o(.text)
    strstr                                   0x08009245   Thumb Code    36  strstr.o(.text)
    strcpy                                   0x08009269   Thumb Code    72  strcpy.o(.text)
    strlen                                   0x080092b1   Thumb Code    62  strlen.o(.text)
    __aeabi_memcpy4                          0x080092ef   Thumb Code     0  rt_memcpy_w.o(.text)
    __aeabi_memcpy8                          0x080092ef   Thumb Code     0  rt_memcpy_w.o(.text)
    __rt_memcpy_w                            0x080092ef   Thumb Code   100  rt_memcpy_w.o(.text)
    _memcpy_lastbytes_aligned                0x08009337   Thumb Code     0  rt_memcpy_w.o(.text)
    __aeabi_memclr4                          0x08009353   Thumb Code     0  rt_memclr_w.o(.text)
    __aeabi_memclr8                          0x08009353   Thumb Code     0  rt_memclr_w.o(.text)
    __rt_memclr_w                            0x08009353   Thumb Code    78  rt_memclr_w.o(.text)
    _memset_w                                0x08009357   Thumb Code     0  rt_memclr_w.o(.text)
    strcmp                                   0x080093a1   Thumb Code   128  strcmpv7m.o(.text)
    __use_two_region_memory                  0x08009421   Thumb Code     2  heapauxi.o(.text)
    __rt_heap_escrow$2region                 0x08009423   Thumb Code     2  heapauxi.o(.text)
    __rt_heap_expand$2region                 0x08009425   Thumb Code     2  heapauxi.o(.text)
    __I$use$semihosting                      0x08009427   Thumb Code     0  use_no_semi.o(.text)
    __use_no_semihosting_swi                 0x08009427   Thumb Code     2  use_no_semi.o(.text)
    __aeabi_errno_addr                       0x08009429   Thumb Code     8  rt_errno_addr_intlibspace.o(.text)
    __errno$intlibspace                      0x08009429   Thumb Code     0  rt_errno_addr_intlibspace.o(.text)
    __rt_errno_addr$intlibspace              0x08009429   Thumb Code     0  rt_errno_addr_intlibspace.o(.text)
    _printf_int_common                       0x08009431   Thumb Code   178  _printf_intcommon.o(.text)
    _printf_cs_common                        0x080094e3   Thumb Code    20  _printf_char.o(.text)
    _printf_char                             0x080094f7   Thumb Code    16  _printf_char.o(.text)
    _printf_string                           0x08009507   Thumb Code     8  _printf_char.o(.text)
    _printf_char_file                        0x08009511   Thumb Code    32  _printf_char_file.o(.text)
    strtol                                   0x08009535   Thumb Code   112  strtol.o(.text)
    __strtok_internal                        0x080095a5   Thumb Code    64  strtok_int.o(.text)
    __user_libspace                          0x080095e9   Thumb Code     8  libspace.o(.text)
    __user_perproc_libspace                  0x080095e9   Thumb Code     0  libspace.o(.text)
    __user_perthread_libspace                0x080095e9   Thumb Code     0  libspace.o(.text)
    __rt_ctype_table                         0x080095f1   Thumb Code    16  rt_ctype_table.o(.text)
    _printf_char_common                      0x0800960b   Thumb Code    32  _printf_char_common.o(.text)
    _strtoul                                 0x08009631   Thumb Code   158  _strtoul.o(.text)
    ferror                                   0x080096cf   Thumb Code     8  ferror.o(.text)
    strcspn                                  0x080096d7   Thumb Code    32  strcspn.o(.text)
    strspn                                   0x080096f7   Thumb Code    28  strspn.o(.text)
    __user_setup_stackheap                   0x08009713   Thumb Code    74  sys_stackheap_outer.o(.text)
    __rt_locale                              0x0800975d   Thumb Code     8  rt_locale_intlibspace.o(.text)
    _chval                                   0x08009765   Thumb Code    28  _chval.o(.text)
    exit                                     0x08009781   Thumb Code    18  exit.o(.text)
    _is_digit                                0x08009793   Thumb Code    14  __printf_wp.o(i._is_digit)
    _get_lc_ctype                            0x080097a1   Thumb Code    44  lc_ctype_c.o(locale$$code)
    __aeabi_d2f                              0x080097cd   Thumb Code     0  d2f.o(x$fpl$d2f)
    _d2f                                     0x080097cd   Thumb Code    98  d2f.o(x$fpl$d2f)
    __aeabi_dadd                             0x08009831   Thumb Code     0  daddsub_clz.o(x$fpl$dadd)
    _dadd                                    0x08009831   Thumb Code   332  daddsub_clz.o(x$fpl$dadd)
    __fpl_dcmp_Inf                           0x08009981   Thumb Code    24  dcmpi.o(x$fpl$dcmpinf)
    __aeabi_ddiv                             0x08009999   Thumb Code     0  ddiv.o(x$fpl$ddiv)
    _ddiv                                    0x08009999   Thumb Code   552  ddiv.o(x$fpl$ddiv)
    __aeabi_d2iz                             0x08009c49   Thumb Code     0  dfix.o(x$fpl$dfix)
    _dfix                                    0x08009c49   Thumb Code    94  dfix.o(x$fpl$dfix)
    __aeabi_d2uiz                            0x08009ca9   Thumb Code     0  dfixu.o(x$fpl$dfixu)
    _dfixu                                   0x08009ca9   Thumb Code    90  dfixu.o(x$fpl$dfixu)
    __aeabi_ui2d                             0x08009d03   Thumb Code     0  dflt_clz.o(x$fpl$dfltu)
    _dfltu                                   0x08009d03   Thumb Code    38  dflt_clz.o(x$fpl$dfltu)
    __aeabi_cdcmple                          0x08009d29   Thumb Code     0  dleqf.o(x$fpl$dleqf)
    _dcmple                                  0x08009d29   Thumb Code   120  dleqf.o(x$fpl$dleqf)
    __fpl_dcmple_InfNaN                      0x08009d8b   Thumb Code     0  dleqf.o(x$fpl$dleqf)
    __aeabi_dmul                             0x08009da1   Thumb Code     0  dmul.o(x$fpl$dmul)
    _dmul                                    0x08009da1   Thumb Code   332  dmul.o(x$fpl$dmul)
    __fpl_dnaninf                            0x08009ef5   Thumb Code   156  dnaninf.o(x$fpl$dnaninf)
    __fpl_dretinf                            0x08009f91   Thumb Code    12  dretinf.o(x$fpl$dretinf)
    __aeabi_cdrcmple                         0x08009f9d   Thumb Code     0  drleqf.o(x$fpl$drleqf)
    _drcmple                                 0x08009f9d   Thumb Code   108  drleqf.o(x$fpl$drleqf)
    __aeabi_drsub                            0x0800a009   Thumb Code     0  daddsub_clz.o(x$fpl$drsb)
    _drsb                                    0x0800a009   Thumb Code    22  daddsub_clz.o(x$fpl$drsb)
    __aeabi_dsub                             0x0800a021   Thumb Code     0  daddsub_clz.o(x$fpl$dsub)
    _dsub                                    0x0800a021   Thumb Code   464  daddsub_clz.o(x$fpl$dsub)
    __aeabi_f2d                              0x0800a1f5   Thumb Code     0  f2d.o(x$fpl$f2d)
    _f2d                                     0x0800a1f5   Thumb Code    86  f2d.o(x$fpl$f2d)
    __fpl_fnaninf                            0x0800a24b   Thumb Code   140  fnaninf.o(x$fpl$fnaninf)
    _fp_init                                 0x0800a2d7   Thumb Code    10  fpinit.o(x$fpl$fpinit)
    __fplib_config_fpu_vfp                   0x0800a2df   Thumb Code     0  fpinit.o(x$fpl$fpinit)
    __fplib_config_pureend_doubles           0x0800a2df   Thumb Code     0  fpinit.o(x$fpl$fpinit)
    __fpl_fretinf                            0x0800a2e1   Thumb Code    10  fretinf.o(x$fpl$fretinf)
    __I$use$fp                               0x0800a2ea   Number         0  usenofp.o(x$fpl$usenofp)
    asc2_1206                                0x0800a2ea   Data        1140  lcd.o(.constdata)
    asc2_1608                                0x0800a75e   Data        1520  lcd.o(.constdata)
    asc2_2412                                0x0800ad4e   Data        3420  lcd.o(.constdata)
    FSMC_DefaultTimingStruct                 0x0800bab0   Data          28  stm32f4xx_fsmc.o(.constdata)
    Region$$Table$$Base                      0x0800c59c   Number         0  anon$$obj.o(Region$$Table)
    Region$$Table$$Limit                     0x0800c5bc   Number         0  anon$$obj.o(Region$$Table)
    __ctype                                  0x0800c5c9   Data           0  lc_ctype_c.o(locale$$data)
    task1Flag                                0x20000000   Data           4  application.o(.data)
    task2Flag                                0x20000004   Data           4  application.o(.data)
    task3Flag                                0x20000008   Data           4  application.o(.data)
    task4Flag                                0x2000000c   Data           4  application.o(.data)
    POINT_COLOR                              0x20000010   Data           2  lcd.o(.data)
    BACK_COLOR                               0x20000012   Data           2  lcd.o(.data)
    __stdout                                 0x20000038   Data           4  uart.o(.data)
    SystemCoreClock                          0x2000003c   Data           4  system_stm32f4xx.o(.data)
    AHBPrescTable                            0x20000040   Data          16  system_stm32f4xx.o(.data)
    schedLockCount                           0x20000060   Data           1  lock.o(.data)
    isenableLowPowerMode                     0x20000061   Data           1  rt_hooks.o(.data)
    idleTask                                 0x20000064   Data           4  rt_idletask.o(.data)
    allTaskTableIndex                        0x2000007c   Data           4  rt_task.o(.data)
    taskPriorityBitmap                       0x20000080   Data           4  rt_task.o(.data)
    currentTask                              0x20000084   Data           4  rt_task.o(.data)
    nextTask                                 0x20000088   Data           4  rt_task.o(.data)
    task1Env                                 0x20000090   Data        4096  application.o(.bss)
    task2Env                                 0x20001090   Data        4096  application.o(.bss)
    task3Env                                 0x20002090   Data        4096  application.o(.bss)
    task4Env                                 0x20003090   Data        4096  application.o(.bss)
    ttask1                                   0x20004090   Data          96  application.o(.bss)
    ttask2                                   0x200040f0   Data          96  application.o(.bss)
    ttask3                                   0x20004150   Data          96  application.o(.bss)
    ttask4                                   0x200041b0   Data          96  application.o(.bss)
    lcddev                                   0x20004210   Data          14  lcd.o(.bss)
    key                                      0x20004220   Data          60  button.o(.bss)
    exEventTask                              0x20004b80   Data          96  exevent.o(.bss)
    monitorTask                              0x20004de0   Data          96  monitor.o(.bss)
    semForPrintf                             0x20005a90   Data          24  main_1.o(.bss)
    _idleTask                                0x20005aa8   Data          96  rt_idletask.o(.bss)
    idleTaskEnv                              0x20005b08   Data        4096  rt_idletask.o(.bss)
    allTask                                  0x20006b08   Data          64  rt_task.o(.bss)
    taskTable                                0x20006b48   Data         384  rt_task.o(.bss)
    taskDelayedList                          0x20006cc8   Data          12  rt_time.o(.bss)
    __libspace_start                         0x20007d7c   Data          96  libspace.o(.bss)
    __temporary_stack_top$libspace           0x20007ddc   Data           0  libspace.o(.bss)



==============================================================================

Memory Map of the image

  Image Entry point : 0x08000189

  Load Region LR_IROM1 (Base: 0x08000000, Size: 0x0000c75c, Max: 0x00100000, ABSOLUTE)

    Execution Region ER_IROM1 (Base: 0x08000000, Size: 0x0000c6cc, Max: 0x00100000, ABSOLUTE)

    Base Addr    Size         Type   Attr      Idx    E Section Name        Object

    0x08000000   0x00000188   Data   RO          505    RESET               startup_stm32f40_41xxx.o
    0x08000188   0x00000008   Code   RO         1083  * !!!main             c_w.l(__main.o)
    0x08000190   0x00000034   Code   RO         1323    !!!scatter          c_w.l(__scatter.o)
    0x080001c4   0x0000001a   Code   RO         1325    !!handler_copy      c_w.l(__scatter_copy.o)
    0x080001de   0x00000002   PAD
    0x080001e0   0x0000001c   Code   RO         1327    !!handler_zi        c_w.l(__scatter_zi.o)
    0x080001fc   0x00000000   Code   RO         1063    .ARM.Collect$$_printf_percent$$00000000  c_w.l(_printf_percent.o)
    0x080001fc   0x00000006   Code   RO         1062    .ARM.Collect$$_printf_percent$$00000009  c_w.l(_printf_d.o)
    0x08000202   0x00000006   Code   RO         1061    .ARM.Collect$$_printf_percent$$00000014  c_w.l(_printf_s.o)
    0x08000208   0x00000004   Code   RO         1133    .ARM.Collect$$_printf_percent$$00000017  c_w.l(_printf_percent_end.o)
    0x0800020c   0x00000002   Code   RO         1202    .ARM.Collect$$libinit$$00000000  c_w.l(libinit.o)
    0x0800020e   0x00000004   Code   RO         1205    .ARM.Collect$$libinit$$00000001  c_w.l(libinit2.o)
    0x08000212   0x00000000   Code   RO         1208    .ARM.Collect$$libinit$$00000004  c_w.l(libinit2.o)
    0x08000212   0x00000000   Code   RO         1211    .ARM.Collect$$libinit$$0000000A  c_w.l(libinit2.o)
    0x08000212   0x00000000   Code   RO         1213    .ARM.Collect$$libinit$$0000000C  c_w.l(libinit2.o)
    0x08000212   0x00000000   Code   RO         1215    .ARM.Collect$$libinit$$0000000E  c_w.l(libinit2.o)
    0x08000212   0x00000006   Code   RO         1216    .ARM.Collect$$libinit$$0000000F  c_w.l(libinit2.o)
    0x08000218   0x00000000   Code   RO         1218    .ARM.Collect$$libinit$$00000011  c_w.l(libinit2.o)
    0x08000218   0x0000000c   Code   RO         1219    .ARM.Collect$$libinit$$00000012  c_w.l(libinit2.o)
    0x08000224   0x00000000   Code   RO         1220    .ARM.Collect$$libinit$$00000013  c_w.l(libinit2.o)
    0x08000224   0x00000000   Code   RO         1222    .ARM.Collect$$libinit$$00000015  c_w.l(libinit2.o)
    0x08000224   0x00000000   Code   RO         1224    .ARM.Collect$$libinit$$00000017  c_w.l(libinit2.o)
    0x08000224   0x00000000   Code   RO         1226    .ARM.Collect$$libinit$$00000019  c_w.l(libinit2.o)
    0x08000224   0x00000000   Code   RO         1228    .ARM.Collect$$libinit$$0000001B  c_w.l(libinit2.o)
    0x08000224   0x00000000   Code   RO         1230    .ARM.Collect$$libinit$$0000001D  c_w.l(libinit2.o)
    0x08000224   0x00000000   Code   RO         1232    .ARM.Collect$$libinit$$0000001F  c_w.l(libinit2.o)
    0x08000224   0x00000000   Code   RO         1234    .ARM.Collect$$libinit$$00000021  c_w.l(libinit2.o)
    0x08000224   0x00000000   Code   RO         1236    .ARM.Collect$$libinit$$00000023  c_w.l(libinit2.o)
    0x08000224   0x00000000   Code   RO         1238    .ARM.Collect$$libinit$$00000025  c_w.l(libinit2.o)
    0x08000224   0x00000000   Code   RO         1242    .ARM.Collect$$libinit$$0000002C  c_w.l(libinit2.o)
    0x08000224   0x00000000   Code   RO         1244    .ARM.Collect$$libinit$$0000002E  c_w.l(libinit2.o)
    0x08000224   0x00000000   Code   RO         1246    .ARM.Collect$$libinit$$00000030  c_w.l(libinit2.o)
    0x08000224   0x00000000   Code   RO         1248    .ARM.Collect$$libinit$$00000032  c_w.l(libinit2.o)
    0x08000224   0x00000002   Code   RO         1249    .ARM.Collect$$libinit$$00000033  c_w.l(libinit2.o)
    0x08000226   0x00000002   Code   RO         1267    .ARM.Collect$$libshutdown$$00000000  c_w.l(libshutdown.o)
    0x08000228   0x00000000   Code   RO         1277    .ARM.Collect$$libshutdown$$00000002  c_w.l(libshutdown2.o)
    0x08000228   0x00000000   Code   RO         1279    .ARM.Collect$$libshutdown$$00000004  c_w.l(libshutdown2.o)
    0x08000228   0x00000000   Code   RO         1282    .ARM.Collect$$libshutdown$$00000007  c_w.l(libshutdown2.o)
    0x08000228   0x00000000   Code   RO         1285    .ARM.Collect$$libshutdown$$0000000A  c_w.l(libshutdown2.o)
    0x08000228   0x00000000   Code   RO         1287    .ARM.Collect$$libshutdown$$0000000C  c_w.l(libshutdown2.o)
    0x08000228   0x00000000   Code   RO         1290    .ARM.Collect$$libshutdown$$0000000F  c_w.l(libshutdown2.o)
    0x08000228   0x00000002   Code   RO         1291    .ARM.Collect$$libshutdown$$00000010  c_w.l(libshutdown2.o)
    0x0800022a   0x00000000   Code   RO         1121    .ARM.Collect$$rtentry$$00000000  c_w.l(__rtentry.o)
    0x0800022a   0x00000000   Code   RO         1153    .ARM.Collect$$rtentry$$00000002  c_w.l(__rtentry2.o)
    0x0800022a   0x00000006   Code   RO         1165    .ARM.Collect$$rtentry$$00000004  c_w.l(__rtentry4.o)
    0x08000230   0x00000000   Code   RO         1155    .ARM.Collect$$rtentry$$00000009  c_w.l(__rtentry2.o)
    0x08000230   0x00000004   Code   RO         1156    .ARM.Collect$$rtentry$$0000000A  c_w.l(__rtentry2.o)
    0x08000234   0x00000000   Code   RO         1158    .ARM.Collect$$rtentry$$0000000C  c_w.l(__rtentry2.o)
    0x08000234   0x00000008   Code   RO         1159    .ARM.Collect$$rtentry$$0000000D  c_w.l(__rtentry2.o)
    0x0800023c   0x00000002   Code   RO         1203    .ARM.Collect$$rtexit$$00000000  c_w.l(rtexit.o)
    0x0800023e   0x00000000   Code   RO         1251    .ARM.Collect$$rtexit$$00000002  c_w.l(rtexit2.o)
    0x0800023e   0x00000004   Code   RO         1252    .ARM.Collect$$rtexit$$00000003  c_w.l(rtexit2.o)
    0x08000242   0x00000006   Code   RO         1253    .ARM.Collect$$rtexit$$00000004  c_w.l(rtexit2.o)
    0x08000248   0x00000030   Code   RO         1000    .emb_text           switch.o
    0x08000278   0x0000029c   Code   RO            3    .text               application.o
    0x08000514   0x00003664   Code   RO          228    .text               lcd.o
    0x08003b78   0x00000124   Code   RO          259    .text               button.o
    0x08003c9c   0x000014a0   Code   RO          286    .text               cli.o
    0x0800513c   0x000000bc   Code   RO          323    .text               exevent.o
    0x080051f8   0x000000b8   Code   RO          340    .text               exio.o
    0x080052b0   0x00000190   Code   RO          360    .text               intertemperature.o
    0x08005440   0x000000f4   Code   RO          383    .text               light.o
    0x08005534   0x00000a9c   Code   RO          403    .text               monitor.o
    0x08005fd0   0x000002d8   Code   RO          432    .text               uart.o
    0x080062a8   0x0000006c   Code   RO          467    .text               rng.o
    0x08006314   0x00000040   Code   RO          506    .text               startup_stm32f40_41xxx.o
    0x08006354   0x00000210   Code   RO          512    .text               system_stm32f4xx.o
    0x08006564   0x00000294   Code   RO          580    .text               stm32f4xx_gpio.o
    0x080067f8   0x000005c8   Code   RO          600    .text               stm32f4xx_fsmc.o
    0x08006dc0   0x0000065c   Code   RO          623    .text               stm32f4xx_rcc.o
    0x0800741c   0x00000454   Code   RO          665    .text               stm32f4xx_usart.o
    0x08007870   0x00000464   Code   RO          685    .text               stm32f4xx_adc.o
    0x08007cd4   0x000000a0   Code   RO          705    .text               stm32f4xx_rng.o
    0x08007d74   0x00000090   Code   RO          723    .text               bitmap.o
    0x08007e04   0x00000070   Code   RO          738    .text               lock.o
    0x08007e74   0x00000098   Code   RO          762    .text               main_1.o
    0x08007f0c   0x00000058   Code   RO          779    .text               rt_cpu.o
    0x08007f64   0x00000208   Code   RO          801    .text               rt_eflaggroup.o
    0x0800816c   0x000001f2   Code   RO          813    .text               rt_event.o
    0x0800835e   0x00000002   PAD
    0x08008360   0x00000014   Code   RO          827    .text               rt_hooks.o
    0x08008374   0x00000114   Code   RO          855    .text               rt_idletask.o
    0x08008488   0x00000138   Code   RO          871    .text               rt_list.o
    0x080085c0   0x000004a0   Code   RO          921    .text               rt_task.o
    0x08008a60   0x000000f4   Code   RO          948    .text               rt_time.o
    0x08008b54   0x000002c0   Code   RO          971    .text               rt_timer.o
    0x08008e14   0x0000013c   Code   RO          985    .text               semaphore.o
    0x08008f50   0x00000060   Code   RO         1001    .text               switch.o
    0x08008fb0   0x00000002   Code   RO         1027    .text               c_w.l(use_no_semi_2.o)
    0x08008fb2   0x00000002   PAD
    0x08008fb4   0x00000018   Code   RO         1031    .text               c_w.l(noretval__2printf.o)
    0x08008fcc   0x0000004e   Code   RO         1035    .text               c_w.l(_printf_pad.o)
    0x0800901a   0x00000052   Code   RO         1037    .text               c_w.l(_printf_str.o)
    0x0800906c   0x00000078   Code   RO         1039    .text               c_w.l(_printf_dec.o)
    0x080090e4   0x00000138   Code   RO         1053    .text               c_w.l(__printf_flags_wp.o)
    0x0800921c   0x0000001a   Code   RO         1064    .text               c_w.l(atoi.o)
    0x08009236   0x00000002   PAD
    0x08009238   0x0000000c   Code   RO         1066    .text               c_w.l(strtok.o)
    0x08009244   0x00000024   Code   RO         1069    .text               c_w.l(strstr.o)
    0x08009268   0x00000048   Code   RO         1071    .text               c_w.l(strcpy.o)
    0x080092b0   0x0000003e   Code   RO         1073    .text               c_w.l(strlen.o)
    0x080092ee   0x00000064   Code   RO         1075    .text               c_w.l(rt_memcpy_w.o)
    0x08009352   0x0000004e   Code   RO         1077    .text               c_w.l(rt_memclr_w.o)
    0x080093a0   0x00000080   Code   RO         1079    .text               c_w.l(strcmpv7m.o)
    0x08009420   0x00000006   Code   RO         1081    .text               c_w.l(heapauxi.o)
    0x08009426   0x00000002   Code   RO         1119    .text               c_w.l(use_no_semi.o)
    0x08009428   0x00000008   Code   RO         1125    .text               c_w.l(rt_errno_addr_intlibspace.o)
    0x08009430   0x000000b2   Code   RO         1127    .text               c_w.l(_printf_intcommon.o)
    0x080094e2   0x0000002c   Code   RO         1129    .text               c_w.l(_printf_char.o)
    0x0800950e   0x00000002   PAD
    0x08009510   0x00000024   Code   RO         1131    .text               c_w.l(_printf_char_file.o)
    0x08009534   0x00000070   Code   RO         1134    .text               c_w.l(strtol.o)
    0x080095a4   0x00000044   Code   RO         1136    .text               c_w.l(strtok_int.o)
    0x080095e8   0x00000008   Code   RO         1149    .text               c_w.l(libspace.o)
    0x080095f0   0x00000010   Code   RO         1167    .text               c_w.l(rt_ctype_table.o)
    0x08009600   0x00000030   Code   RO         1169    .text               c_w.l(_printf_char_common.o)
    0x08009630   0x0000009e   Code   RO         1171    .text               c_w.l(_strtoul.o)
    0x080096ce   0x00000008   Code   RO         1173    .text               c_w.l(ferror.o)
    0x080096d6   0x00000020   Code   RO         1177    .text               c_w.l(strcspn.o)
    0x080096f6   0x0000001c   Code   RO         1179    .text               c_w.l(strspn.o)
    0x08009712   0x0000004a   Code   RO         1181    .text               c_w.l(sys_stackheap_outer.o)
    0x0800975c   0x00000008   Code   RO         1186    .text               c_w.l(rt_locale_intlibspace.o)
    0x08009764   0x0000001c   Code   RO         1190    .text               c_w.l(_chval.o)
    0x08009780   0x00000012   Code   RO         1195    .text               c_w.l(exit.o)
    0x08009792   0x0000000e   Code   RO         1051    i._is_digit         c_w.l(__printf_wp.o)
    0x080097a0   0x0000002c   Code   RO         1193    locale$$code        c_w.l(lc_ctype_c.o)
    0x080097cc   0x00000062   Code   RO         1085    x$fpl$d2f           fz_wm.l(d2f.o)
    0x0800982e   0x00000002   PAD
    0x08009830   0x00000150   Code   RO         1087    x$fpl$dadd          fz_wm.l(daddsub_clz.o)
    0x08009980   0x00000018   Code   RO         1138    x$fpl$dcmpinf       fz_wm.l(dcmpi.o)
    0x08009998   0x000002b0   Code   RO         1094    x$fpl$ddiv          fz_wm.l(ddiv.o)
    0x08009c48   0x0000005e   Code   RO         1097    x$fpl$dfix          fz_wm.l(dfix.o)
    0x08009ca6   0x00000002   PAD
    0x08009ca8   0x0000005a   Code   RO         1101    x$fpl$dfixu         fz_wm.l(dfixu.o)
    0x08009d02   0x00000026   Code   RO         1105    x$fpl$dfltu         fz_wm.l(dflt_clz.o)
    0x08009d28   0x00000078   Code   RO         1111    x$fpl$dleqf         fz_wm.l(dleqf.o)
    0x08009da0   0x00000154   Code   RO         1113    x$fpl$dmul          fz_wm.l(dmul.o)
    0x08009ef4   0x0000009c   Code   RO         1140    x$fpl$dnaninf       fz_wm.l(dnaninf.o)
    0x08009f90   0x0000000c   Code   RO         1142    x$fpl$dretinf       fz_wm.l(dretinf.o)
    0x08009f9c   0x0000006c   Code   RO         1115    x$fpl$drleqf        fz_wm.l(drleqf.o)
    0x0800a008   0x00000016   Code   RO         1088    x$fpl$drsb          fz_wm.l(daddsub_clz.o)
    0x0800a01e   0x00000002   PAD
    0x0800a020   0x000001d4   Code   RO         1089    x$fpl$dsub          fz_wm.l(daddsub_clz.o)
    0x0800a1f4   0x00000056   Code   RO         1117    x$fpl$f2d           fz_wm.l(f2d.o)
    0x0800a24a   0x0000008c   Code   RO         1144    x$fpl$fnaninf       fz_wm.l(fnaninf.o)
    0x0800a2d6   0x0000000a   Code   RO         1259    x$fpl$fpinit        fz_wm.l(fpinit.o)
    0x0800a2e0   0x0000000a   Code   RO         1146    x$fpl$fretinf       fz_wm.l(fretinf.o)
    0x0800a2ea   0x00000000   Code   RO         1148    x$fpl$usenofp       fz_wm.l(usenofp.o)
    0x0800a2ea   0x000017c0   Data   RO          230    .constdata          lcd.o
    0x0800baaa   0x00000005   Data   RO          288    .constdata          cli.o
    0x0800baaf   0x00000001   PAD
    0x0800bab0   0x0000001c   Data   RO          601    .constdata          stm32f4xx_fsmc.o
    0x0800bacc   0x00000100   Data   RO          724    .constdata          bitmap.o
    0x0800bbcc   0x00000011   Data   RO         1054    .constdata          c_w.l(__printf_flags_wp.o)
    0x0800bbdd   0x00000003   PAD
    0x0800bbe0   0x0000078a   Data   RO          289    .conststring        cli.o
    0x0800c36a   0x00000002   PAD
    0x0800c36c   0x00000230   Data   RO          405    .conststring        monitor.o
    0x0800c59c   0x00000020   Data   RO         1321    Region$$Table       anon$$obj.o
    0x0800c5bc   0x00000110   Data   RO         1192    locale$$data        c_w.l(lc_ctype_c.o)


    Execution Region RW_IRAM1 (Base: 0x20000000, Size: 0x000083e0, Max: 0x00020000, ABSOLUTE)

    Base Addr    Size         Type   Attr      Idx    E Section Name        Object

    0x20000000   0x00000010   Data   RW            5    .data               application.o
    0x20000010   0x00000004   Data   RW          231    .data               lcd.o
    0x20000014   0x00000009   Data   RW          261    .data               button.o
    0x2000001d   0x00000003   PAD
    0x20000020   0x0000001c   Data   RW          434    .data               uart.o
    0x2000003c   0x00000014   Data   RW          513    .data               system_stm32f4xx.o
    0x20000050   0x00000010   Data   RW          624    .data               stm32f4xx_rcc.o
    0x20000060   0x00000001   Data   RW          739    .data               lock.o
    0x20000061   0x00000001   Data   RW          828    .data               rt_hooks.o
    0x20000062   0x00000002   PAD
    0x20000064   0x00000018   Data   RW          857    .data               rt_idletask.o
    0x2000007c   0x00000010   Data   RW          923    .data               rt_task.o
    0x2000008c   0x00000004   Data   RW         1067    .data               c_w.l(strtok.o)
    0x20000090   0x00004180   Zero   RW            4    .bss                application.o
    0x20004210   0x0000000e   Zero   RW          229    .bss                lcd.o
    0x2000421e   0x00000002   PAD
    0x20004220   0x0000003c   Zero   RW          260    .bss                button.o
    0x2000425c   0x00000924   Zero   RW          287    .bss                cli.o
    0x20004b80   0x00000260   Zero   RW          324    .bss                exevent.o
    0x20004de0   0x00000860   Zero   RW          404    .bss                monitor.o
    0x20005640   0x00000450   Zero   RW          433    .bss                uart.o
    0x20005a90   0x00000018   Zero   RW          763    .bss                main_1.o
    0x20005aa8   0x00001060   Zero   RW          856    .bss                rt_idletask.o
    0x20006b08   0x000001c0   Zero   RW          922    .bss                rt_task.o
    0x20006cc8   0x0000000c   Zero   RW          949    .bss                rt_time.o
    0x20006cd4   0x000010a8   Zero   RW          972    .bss                rt_timer.o
    0x20007d7c   0x00000060   Zero   RW         1150    .bss                c_w.l(libspace.o)
    0x20007ddc   0x00000004   PAD
    0x20007de0   0x00000200   Zero   RW          504    HEAP                startup_stm32f40_41xxx.o
    0x20007fe0   0x00000400   Zero   RW          503    STACK               startup_stm32f40_41xxx.o


==============================================================================

Image component sizes


      Code (inc. data)   RO Data    RW Data    ZI Data      Debug   Object Name

       668        164          0         16      16768     289668   application.o
       144          4        256          0          0       2040   bitmap.o
       292         30          0          9         60       1632   button.o
      5280       2162       1935          0       2340       9262   cli.o
       188         76          0          0        608       1300   exevent.o
       184          8          0          0          0       1253   exio.o
       400         40          0          0          0       1469   intertemperature.o
     13924        124       6080          4         14      19146   lcd.o
       244          8          0          0          0       1146   light.o
       112          6          0          1          0       3131   lock.o
       152         46          0          0         24        879   main_1.o
      2716        982        560          0       2144       4701   monitor.o
       108          0          0          0          0        980   rng.o
        88         14          0          0          0      27012   rt_cpu.o
       520          4          0          0          0       3703   rt_eflaggroup.o
       498          0          0          0          0       3482   rt_event.o
        20          4          0          1          0       2789   rt_hooks.o
       276         28          0         24       4192       1955   rt_idletask.o
       312          0          0          0          0       4049   rt_list.o
      1184         40          0         16        448       7081   rt_task.o
       244         12          0          0         12       3099   rt_time.o
       704         42          0          0       4264       3803   rt_timer.o
       316          6          0          0          0       2412   semaphore.o
        64         26        392          0       1536        824   startup_stm32f40_41xxx.o
      1124         24          0          0          0      10670   stm32f4xx_adc.o
      1480         18         28          0          0       5622   stm32f4xx_fsmc.o
       660         44          0          0          0       4141   stm32f4xx_gpio.o
      1628         52          0         16          0      13008   stm32f4xx_rcc.o
       160          4          0          0          0       1800   stm32f4xx_rng.o
      1108         34          0          0          0       7864   stm32f4xx_usart.o
       144         20          0          0          0       2700   switch.o
       528         46          0         20          0       1751   system_stm32f4xx.o
       728         50          0         28       1104      31196   uart.o

    ----------------------------------------------------------------------
     36200       4118       9286        140      33516     475568   Object Totals
         0          0         32          0          0          0   (incl. Generated)
         2          0          3          5          2          0   (incl. Padding)

    ----------------------------------------------------------------------

      Code (inc. data)   RO Data    RW Data    ZI Data      Debug   Library Member Name

         8          0          0          0          0         68   __main.o
       312          4         17          0          0         92   __printf_flags_wp.o
        14          0          0          0          0         68   __printf_wp.o
         0          0          0          0          0          0   __rtentry.o
        12          0          0          0          0          0   __rtentry2.o
         6          0          0          0          0          0   __rtentry4.o
        52          8          0          0          0          0   __scatter.o
        26          0          0          0          0          0   __scatter_copy.o
        28          0          0          0          0          0   __scatter_zi.o
        28          0          0          0          0         68   _chval.o
        44          0          0          0          0        108   _printf_char.o
        48          6          0          0          0         96   _printf_char_common.o
        36          4          0          0          0         80   _printf_char_file.o
         6          0          0          0          0          0   _printf_d.o
       120         16          0          0          0         92   _printf_dec.o
       178          0          0          0          0         88   _printf_intcommon.o
        78          0          0          0          0        108   _printf_pad.o
         0          0          0          0          0          0   _printf_percent.o
         4          0          0          0          0          0   _printf_percent_end.o
         6          0          0          0          0          0   _printf_s.o
        82          0          0          0          0         80   _printf_str.o
       158          0          0          0          0         92   _strtoul.o
        26          0          0          0          0         80   atoi.o
        18          0          0          0          0         80   exit.o
         8          0          0          0          0         68   ferror.o
         6          0          0          0          0        152   heapauxi.o
        44         10        272          0          0         76   lc_ctype_c.o
         2          0          0          0          0          0   libinit.o
        24          0          0          0          0          0   libinit2.o
         2          0          0          0          0          0   libshutdown.o
         2          0          0          0          0          0   libshutdown2.o
         8          4          0          0         96         68   libspace.o
        24          4          0          0          0         84   noretval__2printf.o
        16          4          0          0          0         76   rt_ctype_table.o
         8          4          0          0          0         68   rt_errno_addr_intlibspace.o
         8          4          0          0          0         68   rt_locale_intlibspace.o
        78          0          0          0          0         80   rt_memclr_w.o
       100          0          0          0          0         80   rt_memcpy_w.o
         2          0          0          0          0          0   rtexit.o
        10          0          0          0          0          0   rtexit2.o
       128          0          0          0          0         68   strcmpv7m.o
        72          0          0          0          0         80   strcpy.o
        32          0          0          0          0         80   strcspn.o
        62          0          0          0          0         76   strlen.o
        28          0          0          0          0         80   strspn.o
        36          0          0          0          0         80   strstr.o
        12          6          0          4          0         68   strtok.o
        68          4          0          0          0         84   strtok_int.o
       112          0          0          0          0         88   strtol.o
        74          0          0          0          0         80   sys_stackheap_outer.o
         2          0          0          0          0         68   use_no_semi.o
         2          0          0          0          0         68   use_no_semi_2.o
        98          4          0          0          0        140   d2f.o
       826         16          0          0          0        492   daddsub_clz.o
        24          0          0          0          0        116   dcmpi.o
       688        140          0          0          0        256   ddiv.o
        94          4          0          0          0        140   dfix.o
        90          4          0          0          0        140   dfixu.o
        38          0          0          0          0        116   dflt_clz.o
       120          4          0          0          0        140   dleqf.o
       340         12          0          0          0        152   dmul.o
       156          4          0          0          0        140   dnaninf.o
        12          0          0          0          0        116   dretinf.o
       108          0          0          0          0        128   drleqf.o
        86          4          0          0          0        132   f2d.o
       140          4          0          0          0        132   fnaninf.o
        10          0          0          0          0        116   fpinit.o
        10          0          0          0          0        116   fretinf.o
         0          0          0          0          0          0   usenofp.o

    ----------------------------------------------------------------------
      5114        274        292          4        100       5512   Library Totals
        14          0          3          0          4          0   (incl. Padding)

    ----------------------------------------------------------------------

      Code (inc. data)   RO Data    RW Data    ZI Data      Debug   Library Name

      2260         78        289          4         96       2940   c_w.l
      2840        196          0          0          0       2572   fz_wm.l

    ----------------------------------------------------------------------
      5114        274        292          4        100       5512   Library Totals

    ----------------------------------------------------------------------

==============================================================================


      Code (inc. data)   RO Data    RW Data    ZI Data      Debug   

     41314       4392       9578        144      33616     471116   Grand Totals
     41314       4392       9578        144      33616     471116   ELF Image Totals
     41314       4392       9578        144          0          0   ROM Totals

==============================================================================

    Total RO  Size (Code + RO Data)                50892 (  49.70kB)
    Total RW  Size (RW Data + ZI Data)             33760 (  32.97kB)
    Total ROM Size (Code + RO Data + RW Data)      51036 (  49.84kB)

==============================================================================

