<html>
<body>
<pre>
<h1>µVision Build Log</h1>
<h2>Tool Versions:</h2>
IDE-Version: ¶ÃVision V5.21.1.0
Copyright (C) 2016 ARM Ltd and ARM Germany GmbH. All rights reserved.
License Information: Hu Jinwei, iiecas, LIC=GMZII-TAS7F-PCFJ8-35ZRB-TA5NG-ETD7C
 
Tool Versions:
Toolchain:       MDK-ARM Plus  Version: 5.21a
Toolchain Path:  D:\Keil\ARM\ARMCC\Bin
C Compiler:      Armcc.exe V5.06 update 3 (build 300)
Assembler:       Armasm.exe V5.06 update 3 (build 300)
Linker/Locator:  ArmLink.exe V5.06 update 3 (build 300)
Library Manager: ArmAr.exe V5.06 update 3 (build 300)
Hex Converter:   FromElf.exe V5.06 update 3 (build 300)
CPU DLL:         SARMCM3.DLL V5.21a
Dialog DLL:      DCM.DLL V1.13.8.0
Target DLL:      STLink\ST-LINKIII-KEIL_SWO.dll V2.0.18.0
Dialog DLL:      TCM.DLL V1.14.14.0
 
<h2>Project:</h2>
C:\Users\59108\Desktop\√¸¡Ó––\USER\LCD.uvprojx
Project File Date:  04/20/2024

<h2>Output:</h2>
*** Using Compiler 'V5.06 update 3 (build 300)', folder: 'D:\Keil\ARM\ARMCC\Bin'
Build target 'CLI'
compiling cli.c...
..\HARDWARE\cli.c(485): warning:  #188-D: enumerated type mixed with another type
  				IOState st = ExIOGetState(temp);
..\HARDWARE\cli.c(109): warning:  #177-D: function "floatToString" was declared but never referenced
  static void floatToString(float num, char *str, int n) {
..\HARDWARE\cli.c: 2 warnings, 0 errors
linking...
Program Size: Code=41314 RO-data=9578 RW-data=144 ZI-data=33616  
FromELF: creating hex file...
"..\OBJ\CLI.axf" - 0 Error(s), 2 Warning(s).

<h2>Collection of Component include folders:</h2>
  C:\Users\59108\Desktop\√¸¡Ó––\USER\RTE
  D:\Keil\ARM\PACK\Keil\STM32F4xx_DFP\2.17.1\Drivers\CMSIS\Device\ST\STM32F4xx\Include

<h2>Collection of Component Files used:</h2>
Build Time Elapsed:  00:00:01
</pre>
</body>
</html>
