Component: ARM Compiler 5.06 update 3 (build 300) Tool: armlink [4d35c9]

==============================================================================

Section Cross References

    application.o(.text) refers to rt_time.o(.text) for taskDelay
    application.o(.text) refers to lcd.o(.text) for LCD_Init
    application.o(.text) refers to uart.o(.text) for uartInit
    application.o(.text) refers to exio.o(.text) for ExIOInit
    application.o(.text) refers to cli.o(.text) for CLIInit
    application.o(.text) refers to exevent.o(.text) for exEventInit
    application.o(.text) refers to monitor.o(.text) for monitorInit
    application.o(.text) refers to intertemperature.o(.text) for interTemperatureInit
    application.o(.text) refers to light.o(.text) for lightInit
    application.o(.text) refers to rt_task.o(.text) for taskInit
    application.o(.text) refers to lcd.o(.data) for POINT_COLOR
    application.o(.text) refers to application.o(.data) for task3Flag
    application.o(.text) refers to application.o(.bss) for task1Env
    lcd.o(.text) refers to lcd.o(.bss) for lcddev
    lcd.o(.text) refers to dflt_clz.o(x$fpl$dfltu) for __aeabi_ui2d
    lcd.o(.text) refers to dmul.o(x$fpl$dmul) for __aeabi_dmul
    lcd.o(.text) refers to dfixu.o(x$fpl$dfixu) for __aeabi_d2uiz
    lcd.o(.text) refers to lcd.o(.data) for POINT_COLOR
    lcd.o(.text) refers to stm32f4xx_rcc.o(.text) for RCC_AHB1PeriphClockCmd
    lcd.o(.text) refers to stm32f4xx_gpio.o(.text) for GPIO_Init
    lcd.o(.text) refers to stm32f4xx_fsmc.o(.text) for FSMC_NORSRAMInit
    lcd.o(.text) refers to rt_time.o(.text) for taskDelay
    lcd.o(.text) refers to lcd.o(.constdata) for asc2_1206
    button.o(.text) refers to stm32f4xx_gpio.o(.text) for GPIO_ReadInputDataBit
    button.o(.text) refers to rt_eflaggroup.o(.text) for eFlagGroupPost
    button.o(.text) refers to rt_timer.o(.text) for timerInit
    button.o(.text) refers to stm32f4xx_rcc.o(.text) for RCC_AHB1PeriphClockCmd
    button.o(.text) refers to button.o(.data) for key_down
    button.o(.text) refers to button.o(.bss) for key
    cli.o(.text) refers to _printf_percent.o(.ARM.Collect$$_printf_percent$$00000000) for _printf_percent
    cli.o(.text) refers to _printf_s.o(.ARM.Collect$$_printf_percent$$00000014) for _printf_s
    cli.o(.text) refers to _printf_str.o(.text) for _printf_str
    cli.o(.text) refers to _printf_d.o(.ARM.Collect$$_printf_percent$$00000009) for _printf_d
    cli.o(.text) refers to _printf_dec.o(.text) for _printf_int_dec
    cli.o(.text) refers to noretval__2printf.o(.text) for __2printf
    cli.o(.text) refers to ffix.o(x$fpl$ffix) for __aeabi_f2iz
    cli.o(.text) refers to fflt_clz.o(x$fpl$fflt) for __aeabi_i2f
    cli.o(.text) refers to faddsub_clz.o(x$fpl$frsb) for __aeabi_frsub
    cli.o(.text) refers to feqf.o(x$fpl$feqf) for __aeabi_cfcmpeq
    cli.o(.text) refers to fmul.o(x$fpl$fmul) for __aeabi_fmul
    cli.o(.text) refers to frleqf.o(x$fpl$frleqf) for __aeabi_cfrcmple
    cli.o(.text) refers to strtok.o(.text) for strtok
    cli.o(.text) refers to uart.o(.text) for uartWrite
    cli.o(.text) refers to strcmpv7m.o(.text) for strcmp
    cli.o(.text) refers to rt_idletask.o(.text) for cpuGetUsage
    cli.o(.text) refers to intertemperature.o(.text) for interTemperGetTemperature
    cli.o(.text) refers to dfix.o(x$fpl$dfix) for __aeabi_d2iz
    cli.o(.text) refers to monitor.o(.text) for monitorGetTaskInfo
    cli.o(.text) refers to lock.o(.text) for lockSched
    cli.o(.text) refers to rt_task.o(.text) for taskSched2Undelay
    cli.o(.text) refers to cli.o(.conststring) for .conststring
    cli.o(.text) refers to cli.o(.constdata) for spaceCh
    cli.o(.text) refers to rt_hooks.o(.data) for isenableLowPowerMode
    cli.o(.text) refers to rt_task.o(.bss) for allTask
    cli.o(.text) refers to strstr.o(.text) for strstr
    cli.o(.text) refers to atoi.o(.text) for atoi
    cli.o(.text) refers to exio.o(.text) for ExIOGetState
    cli.o(.text) refers to rt_task.o(.data) for allTaskTableIndex
    cli.o(.text) refers to rt_timer.o(.text) for timerInit
    cli.o(.text) refers to light.o(.text) for lightGetValue
    cli.o(.text) refers to cli.o(.bss) for timerForBeepWare
    cli.o(.text) refers to rt_time.o(.text) for taskDelay
    cli.o(.text) refers to rt_memclr_w.o(.text) for __aeabi_memclr4
    cli.o(.text) refers to strcpy.o(.text) for strcpy
    exevent.o(.text) refers to rt_eflaggroup.o(.text) for eFlagGroupWait
    exevent.o(.text) refers to noretval__2printf.o(.text) for __2printf
    exevent.o(.text) refers to button.o(.text) for keyInit
    exevent.o(.text) refers to rt_task.o(.text) for taskInit
    exevent.o(.text) refers to button.o(.bss) for key
    exevent.o(.text) refers to exevent.o(.bss) for exEventTaskEnv
    exio.o(.text) refers to stm32f4xx_rcc.o(.text) for RCC_AHB1PeriphClockCmd
    exio.o(.text) refers to stm32f4xx_gpio.o(.text) for GPIO_Init
    exio.o(.text) refers to lock.o(.text) for enterCritical
[...]
    timerForBeepWare                         0x20004adc   Data          36  cli.o(.bss)
    CMDReadBuffer                            0x20004b00   Data         128  cli.o(.bss)
    .bss                                     0x20004b80   Section      608  exevent.o(.bss)
    exEventTaskEnv                           0x20004be0   Data         512  exevent.o(.bss)
    .bss                                     0x20004de0   Section     2144  monitor.o(.bss)
    monitorTaskEnv                           0x20004e40   Data        2048  monitor.o(.bss)
    .bss                                     0x20005640   Section      208  uart.o(.bss)
    rxBuffer                                 0x20005640   Data          32  uart.o(.bss)
    txBuffer                                 0x20005660   Data         128  uart.o(.bss)
    rxReceivedSem                            0x200056e0   Data          24  uart.o(.bss)
    txFreeSem                                0x200056f8   Data          24  uart.o(.bss)
    .bss                                     0x20005710   Section       24  main_1.o(.bss)
    .bss                                     0x20005728   Section     4192  rt_idletask.o(.bss)
    .bss                                     0x20006788   Section      448  rt_task.o(.bss)
    .bss                                     0x20006948   Section       12  rt_time.o(.bss)
    .bss                                     0x20006954   Section     4264  rt_timer.o(.bss)
    timerStrictList                          0x20006954   Data          12  rt_timer.o(.bss)
    timerLooseList                           0x20006960   Data          12  rt_timer.o(.bss)
    semForTimerProtect                       0x2000696c   Data          24  rt_timer.o(.bss)
    semForTimerNotify                        0x20006984   Data          24  rt_timer.o(.bss)
    timerTask                                0x2000699c   Data          96  rt_timer.o(.bss)
    timerTaskStack                           0x200069fc   Data        4096  rt_timer.o(.bss)
    .bss                                     0x200079fc   Section       96  libspace.o(.bss)
    HEAP                                     0x20007a60   Section      512  startup_stm32f40_41xxx.o(HEAP)
    Heap_Mem                                 0x20007a60   Data         512  startup_stm32f40_41xxx.o(HEAP)
    STACK                                    0x20007c60   Section     1024  startup_stm32f40_41xxx.o(STACK)
    Stack_Mem                                0x20007c60   Data        1024  startup_stm32f40_41xxx.o(STACK)
    __initial_sp                             0x20008060   Data           0  startup_stm32f40_41xxx.o(STACK)

    Global Symbols

    Symbol Name                              Value     Ov Type        Size  Object(Section)

    BuildAttributes$$THM_ISAv4$E$P$D$K$B$S$7EM$PE$A:L22UL41UL21$X:L11$S22US41US21$IEEE1$IW$USESV6$~STKCKD$USESV7$~SHL$OSPACE$ROPI$EBA8$UX$STANDARDLIB$REQ8$PRES8$EABIv2 0x00000000   Number         0  anon$$obj.o ABSOLUTE
    __ARM_use_no_argv                        0x00000000   Number         0  main_1.o ABSOLUTE
    _printf_flags                            0x00000000   Number         0  printf_stubs.o ABSOLUTE
    _printf_return_value                     0x00000000   Number         0  printf_stubs.o ABSOLUTE
    _printf_sizespec                         0x00000000   Number         0  printf_stubs.o ABSOLUTE
    _printf_widthprec                        0x00000000   Number         0  printf_stubs.o ABSOLUTE
    __ARM_exceptions_init                     - Undefined Weak Reference
    __alloca_initialize                       - Undefined Weak Reference
    __arm_preinit_                            - Undefined Weak Reference
    __cpp_initialize__aeabi_                  - Undefined Weak Reference
    __cxa_finalize                            - Undefined Weak Reference
    __sigvec_lookup                           - Undefined Weak Reference
    _atexit_init                              - Undefined Weak Reference
    _call_atexit_fns                          - Undefined Weak Reference
    _clock_init                               - Undefined Weak Reference
    _fp_trap_init                             - Undefined Weak Reference
    _fp_trap_shutdown                         - Undefined Weak Reference
    _get_lc_collate                           - Undefined Weak Reference
    _get_lc_monetary                          - Undefined Weak Reference
    _get_lc_numeric                           - Undefined Weak Reference
    _get_lc_time                              - Undefined Weak Reference
    _getenv_init                              - Undefined Weak Reference
    _handle_redirection                       - Undefined Weak Reference
    _init_alloc                               - Undefined Weak Reference
    _init_user_alloc                          - Undefined Weak Reference
    _initio                                   - Undefined Weak Reference
    _mutex_acquire                            - Undefined Weak Reference
    _mutex_release                            - Undefined Weak Reference
    _printf_mbtowc                            - Undefined Weak Reference
    _printf_truncate_signed                   - Undefined Weak Reference
    _printf_truncate_unsigned                 - Undefined Weak Reference
    _rand_init                                - Undefined Weak Reference
    _signal_finish                            - Undefined Weak Reference
    _signal_init                              - Undefined Weak Reference
    _terminate_alloc                          - Undefined Weak Reference
    _terminate_user_alloc                     - Undefined Weak Reference
    _terminateio                              - Undefined Weak Reference
    __Vectors_Size                           0x00000188   Number         0  startup_stm32f40_41xxx.o ABSOLUTE
    __Vectors                                0x08000000   Data           4  startup_stm32f40_41xxx.o(RESET)
    __Vectors_End                            0x08000188   Data           0  startup_stm32f40_41xxx.o(RESET)
    __main                                   0x08000189   Thumb Code     8  __main.o(!!!main)
    __scatterload                            0x08000191   Thumb Code     0  __scatter.o(!!!scatter)
    __scatterload_rt2                        0x08000191   Thumb Code    44  __scatter.o(!!!scatter)
    __scatterload_rt2_thumb_only             0x08000191   Thumb Code     0  __scatter.o(!!!scatter)
    __scatterload_null                       0x0800019f   Thumb Code     0  __scatter.o(!!!scatter)
    __scatterload_copy                       0x080001c5   Thumb Code    26  __scatter_copy.o(!!handler_copy)
    __scatterload_zeroinit                   0x080001e1   Thumb Code    28  __scatter_zi.o(!!handler_zi)
    _printf_d                                0x080001fd   Thumb Code     0  _printf_d.o(.ARM.Collect$$_printf_percent$$00000009)
    _printf_percent                          0x080001fd   Thumb Code     0  _printf_percent.o(.ARM.Collect$$_printf_percent$$00000000)
    _printf_s                                0x08000203   Thumb Code     0  _printf_s.o(.ARM.Collect$$_printf_percent$$00000014)
    _printf_percent_end                      0x08000209   Thumb Code     0  _printf_percent_end.o(.ARM.Collect$$_printf_percent$$00000017)
    __rt_lib_init                            0x0800020d   Thumb Code     0  libinit.o(.ARM.Collect$$libinit$$00000000)
    __rt_lib_init_fp_1                       0x0800020f   Thumb Code     0  libinit2.o(.ARM.Collect$$libinit$$00000002)
    __rt_lib_init_heap_1                     0x0800020f   Thumb Code     0  libinit2.o(.ARM.Collect$$libinit$$0000000A)
    __rt_lib_init_lc_common                  0x0800020f   Thumb Code     0  libinit2.o(.ARM.Collect$$libinit$$0000000F)
    __rt_lib_init_preinit_1                  0x0800020f   Thumb Code     0  libinit2.o(.ARM.Collect$$libinit$$00000004)
    __rt_lib_init_rand_1                     0x0800020f   Thumb Code     0  libinit2.o(.ARM.Collect$$libinit$$0000000E)
    __rt_lib_init_user_alloc_1               0x0800020f   Thumb Code     0  libinit2.o(.ARM.Collect$$libinit$$0000000C)
    __rt_lib_init_lc_collate_1               0x08000215   Thumb Code     0  libinit2.o(.ARM.Collect$$libinit$$00000011)
    __rt_lib_init_lc_ctype_2                 0x08000215   Thumb Code     0  libinit2.o(.ARM.Collect$$libinit$$00000012)
    __rt_lib_init_alloca_1                   0x08000221   Thumb Code     0  libinit2.o(.ARM.Collect$$libinit$$0000002E)
    __rt_lib_init_argv_1                     0x08000221   Thumb Code     0  libinit2.o(.ARM.Collect$$libinit$$0000002C)
    __rt_lib_init_atexit_1                   0x08000221   Thumb Code     0  libinit2.o(.ARM.Collect$$libinit$$0000001B)
    __rt_lib_init_clock_1                    0x08000221   Thumb Code     0  libinit2.o(.ARM.Collect$$libinit$$00000021)
    __rt_lib_init_cpp_1                      0x08000221   Thumb Code     0  libinit2.o(.ARM.Collect$$libinit$$00000032)
    __rt_lib_init_exceptions_1               0x08000221   Thumb Code     0  libinit2.o(.ARM.Collect$$libinit$$00000030)
    __rt_lib_init_fp_trap_1                  0x08000221   Thumb Code     0  libinit2.o(.ARM.Collect$$libinit$$0000001F)
    __rt_lib_init_getenv_1                   0x08000221   Thumb Code     0  libinit2.o(.ARM.Collect$$libinit$$00000023)
    __rt_lib_init_lc_ctype_1                 0x08000221   Thumb Code     0  libinit2.o(.ARM.Collect$$libinit$$00000013)
    __rt_lib_init_lc_monetary_1              0x08000221   Thumb Code     0  libinit2.o(.ARM.Collect$$libinit$$00000015)
    __rt_lib_init_lc_numeric_1               0x08000221   Thumb Code     0  libinit2.o(.ARM.Collect$$libinit$$00000017)
    __rt_lib_init_lc_time_1                  0x08000221   Thumb Code     0  libinit2.o(.ARM.Collect$$libinit$$00000019)
    __rt_lib_init_return                     0x08000221   Thumb Code     0  libinit2.o(.ARM.Collect$$libinit$$00000033)
    __rt_lib_init_signal_1                   0x08000221   Thumb Code     0  libinit2.o(.ARM.Collect$$libinit$$0000001D)
    __rt_lib_init_stdio_1                    0x08000221   Thumb Code     0  libinit2.o(.ARM.Collect$$libinit$$00000025)
    __rt_lib_shutdown                        0x08000223   Thumb Code     0  libshutdown.o(.ARM.Collect$$libshutdown$$00000000)
    __rt_lib_shutdown_cpp_1                  0x08000225   Thumb Code     0  libshutdown2.o(.ARM.Collect$$libshutdown$$00000002)
    __rt_lib_shutdown_fp_trap_1              0x08000225   Thumb Code     0  libshutdown2.o(.ARM.Collect$$libshutdown$$00000007)
    __rt_lib_shutdown_heap_1                 0x08000225   Thumb Code     0  libshutdown2.o(.ARM.Collect$$libshutdown$$0000000F)
    __rt_lib_shutdown_return                 0x08000225   Thumb Code     0  libshutdown2.o(.ARM.Collect$$libshutdown$$00000010)
    __rt_lib_shutdown_signal_1               0x08000225   Thumb Code     0  libshutdown2.o(.ARM.Collect$$libshutdown$$0000000A)
    __rt_lib_shutdown_stdio_1                0x08000225   Thumb Code     0  libshutdown2.o(.ARM.Collect$$libshutdown$$00000004)
    __rt_lib_shutdown_user_alloc_1           0x08000225   Thumb Code     0  libshutdown2.o(.ARM.Collect$$libshutdown$$0000000C)
    __rt_entry                               0x08000227   Thumb Code     0  __rtentry.o(.ARM.Collect$$rtentry$$00000000)
    __rt_entry_presh_1                       0x08000227   Thumb Code     0  __rtentry2.o(.ARM.Collect$$rtentry$$00000002)
    __rt_entry_sh                            0x08000227   Thumb Code     0  __rtentry4.o(.ARM.Collect$$rtentry$$00000004)
    __rt_entry_li                            0x0800022d   Thumb Code     0  __rtentry2.o(.ARM.Collect$$rtentry$$0000000A)
    __rt_entry_postsh_1                      0x0800022d   Thumb Code     0  __rtentry2.o(.ARM.Collect$$rtentry$$00000009)
    __rt_entry_main                          0x08000231   Thumb Code     0  __rtentry2.o(.ARM.Collect$$rtentry$$0000000D)
    __rt_entry_postli_1                      0x08000231   Thumb Code     0  __rtentry2.o(.ARM.Collect$$rtentry$$0000000C)
    __rt_exit                                0x08000239   Thumb Code     0  rtexit.o(.ARM.Collect$$rtexit$$00000000)
    __rt_exit_ls                             0x0800023b   Thumb Code     0  rtexit2.o(.ARM.Collect$$rtexit$$00000003)
    __rt_exit_prels_1                        0x0800023b   Thumb Code     0  rtexit2.o(.ARM.Collect$$rtexit$$00000002)
    __rt_exit_exit                           0x0800023f   Thumb Code     0  rtexit2.o(.ARM.Collect$$rtexit$$00000004)
    PendSV_Handler                           0x08000245   Thumb Code    40  switch.o(.emb_text)
    task1Entry                               0x08000275   Thumb Code    12  application.o(.text)
    task2Entry                               0x08000281   Thumb Code   272  application.o(.text)
    task3Entry                               0x08000391   Thumb Code    28  application.o(.text)
    task4Entry                               0x080003ad   Thumb Code    22  application.o(.text)
    appInit                                  0x080003c3   Thumb Code   152  application.o(.text)
    LCD_WR_REG                               0x080004f5   Thumb Code    18  lcd.o(.text)
    LCD_WR_DATA                              0x08000507   Thumb Code    20  lcd.o(.text)
    LCD_RD_DATA                              0x0800051b   Thumb Code    16  lcd.o(.text)
    LCD_WriteReg                             0x0800052b   Thumb Code    14  lcd.o(.text)
    LCD_ReadReg                              0x08000539   Thumb Code    30  lcd.o(.text)
    LCD_WriteRAM_Prepare                     0x08000557   Thumb Code    10  lcd.o(.text)
    LCD_WriteRAM                             0x08000561   Thumb Code     8  lcd.o(.text)
    LCD_BGR2RGB                              0x08000569   Thumb Code    26  lcd.o(.text)
    opt_delay                                0x08000583   Thumb Code    14  lcd.o(.text)
    LCD_SetCursor                            0x08000591   Thumb Code   282  lcd.o(.text)
    LCD_ReadPoint                            0x080006ab   Thumb Code   132  lcd.o(.text)
    LCD_DisplayOn                            0x0800072f   Thumb Code    32  lcd.o(.text)
    LCD_DisplayOff                           0x0800074f   Thumb Code    32  lcd.o(.text)
    LCD_Scan_Dir                             0x0800076f   Thumb Code   570  lcd.o(.text)
    LCD_DrawPoint                            0x080009a9   Thumb Code    28  lcd.o(.text)
    LCD_Fast_DrawPoint                       0x080009c5   Thumb Code   238  lcd.o(.text)
    LCD_SSD_BackLightSet                     0x08000ab3   Thumb Code    80  lcd.o(.text)
    LCD_Display_Dir                          0x08000b03   Thumb Code   298  lcd.o(.text)
    LCD_Set_Window                           0x08000c2d   Thumb Code   380  lcd.o(.text)
    LCD_Clear                                0x08000da9   Thumb Code    42  lcd.o(.text)
    LCD_Init                                 0x08000dd3   Thumb Code 10308  lcd.o(.text)
    LCD_Fill                                 0x08003617   Thumb Code    82  lcd.o(.text)
    LCD_Color_Fill                           0x08003669   Thumb Code    92  lcd.o(.text)
    LCD_DrawLine                             0x080036c5   Thumb Code   176  lcd.o(.text)
    LCD_DrawRectangle                        0x08003775   Thumb Code    60  lcd.o(.text)
    LCD_Draw_Circle                          0x080037b1   Thumb Code   152  lcd.o(.text)
    LCD_ShowChar                             0x08003849   Thumb Code   286  lcd.o(.text)
    LCD_Pow                                  0x08003967   Thumb Code    22  lcd.o(.text)
    LCD_ShowNum                              0x0800397d   Thumb Code   148  lcd.o(.text)
    LCD_ShowxNum                             0x08003a11   Thumb Code   190  lcd.o(.text)
    LCD_ShowString                           0x08003acf   Thumb Code   102  lcd.o(.text)
    keyInit                                  0x08003bf3   Thumb Code    96  button.o(.text)
    CLIInit                                  0x08004fbf   Thumb Code    36  cli.o(.text)
    exEventInit                              0x0800506b   Thumb Code    34  exevent.o(.text)
    ExIOInit                                 0x08005151   Thumb Code    12  exio.o(.text)
    ExIOSetState                             0x0800515d   Thumb Code    12  exio.o(.text)
    ExIOGetState                             0x08005169   Thumb Code    32  exio.o(.text)
    interTemperatureInit                     0x08005191   Thumb Code   154  intertemperature.o(.text)
    interTemperGetTemperature                0x080052a3   Thumb Code    86  intertemperature.o(.text)
    lightInit                                0x080053ad   Thumb Code    40  light.o(.text)
    lightGetValue                            0x080053d5   Thumb Code    90  light.o(.text)
    monitorGetTaskInfo                       0x0800562b   Thumb Code  1244  monitor.o(.text)
    monitorInit                              0x08005bd7   Thumb Code    34  monitor.o(.text)
    monitorOn                                0x08005c17   Thumb Code    76  monitor.o(.text)
    uartInit                                 0x08005ecb   Thumb Code    28  uart.o(.text)
    uartRead                                 0x08005ee7   Thumb Code    72  uart.o(.text)
    uartWrite                                0x08005f2f   Thumb Code   140  uart.o(.text)
    USART1_IRQHandler                        0x08005fbb   Thumb Code   194  uart.o(.text)
    isBanPrintf                              0x0800607d   Thumb Code     6  uart.o(.text)
    blockedPrintf                            0x08006083   Thumb Code     6  uart.o(.text)
    _ttywrch                                 0x08006089   Thumb Code     2  uart.o(.text)
    _sys_exit                                0x0800608b   Thumb Code     4  uart.o(.text)
    fputc                                    0x0800608f   Thumb Code    58  uart.o(.text)
    Reset_Handler                            0x080060f9   Thumb Code     8  startup_stm32f40_41xxx.o(.text)
    NMI_Handler                              0x08006101   Thumb Code     2  startup_stm32f40_41xxx.o(.text)
    HardFault_Handler                        0x08006103   Thumb Code     2  startup_stm32f40_41xxx.o(.text)
    MemManage_Handler                        0x08006105   Thumb Code     2  startup_stm32f40_41xxx.o(.text)
    BusFault_Handler                         0x08006107   Thumb Code     2  startup_stm32f40_41xxx.o(.text)
    UsageFault_Handler                       0x08006109   Thumb Code     2  startup_stm32f40_41xxx.o(.text)
    SVC_Handler                              0x0800610b   Thumb Code     2  startup_stm32f40_41xxx.o(.text)
    DebugMon_Handler                         0x0800610d   Thumb Code     2  startup_stm32f40_41xxx.o(.text)
    ADC_IRQHandler                           0x08006113   Thumb Code     0  startup_stm32f40_41xxx.o(.text)
    CAN1_RX0_IRQHandler                      0x08006113   Thumb Code     0  startup_stm32f40_41xxx.o(.text)
    CAN1_RX1_IRQHandler                      0x08006113   Thumb Code     0  startup_stm32f40_41xxx.o(.text)
    CAN1_SCE_IRQHandler                      0x08006113   Thumb Code     0  startup_stm32f40_41xxx.o(.text)
    CAN1_TX_IRQHandler                       0x08006113   Thumb Code     0  startup_stm32f40_41xxx.o(.text)
    CAN2_RX0_IRQHandler                      0x08006113   Thumb Code     0  startup_stm32f40_41xxx.o(.text)
    CAN2_RX1_IRQHandler                      0x08006113   Thumb Code     0  startup_stm32f40_41xxx.o(.text)
    CAN2_SCE_IRQHandler                      0x08006113   Thumb Code     0  startup_stm32f40_41xxx.o(.text)
    CAN2_TX_IRQHandler                       0x08006113   Thumb Code     0  startup_stm32f40_41xxx.o(.text)
    CRYP_IRQHandler                          0x08006113   Thumb Code     0  startup_stm32f40_41xxx.o(.text)
    DCMI_IRQHandler                          0x08006113   Thumb Code     0  startup_stm32f40_41xxx.o(.text)
    DMA1_Stream0_IRQHandler                  0x08006113   Thumb Code     0  startup_stm32f40_41xxx.o(.text)
    DMA1_Stream1_IRQHandler                  0x08006113   Thumb Code     0  startup_stm32f40_41xxx.o(.text)
    DMA1_Stream2_IRQHandler                  0x08006113   Thumb Code     0  startup_stm32f40_41xxx.o(.text)
    DMA1_Stream3_IRQHandler                  0x08006113   Thumb Code     0  startup_stm32f40_41xxx.o(.text)
    DMA1_Stream4_IRQHandler                  0x08006113   Thumb Code     0  startup_stm32f40_41xxx.o(.text)
    DMA1_Stream5_IRQHandler                  0x08006113   Thumb Code     0  startup_stm32f40_41xxx.o(.text)
    DMA1_Stream6_IRQHandler                  0x08006113   Thumb Code     0  startup_stm32f40_41xxx.o(.text)
    DMA1_Stream7_IRQHandler                  0x08006113   Thumb Code     0  startup_stm32f40_41xxx.o(.text)
    DMA2_Stream0_IRQHandler                  0x08006113   Thumb Code     0  startup_stm32f40_41xxx.o(.text)
    DMA2_Stream1_IRQHandler                  0x08006113   Thumb Code     0  startup_stm32f40_41xxx.o(.text)
    DMA2_Stream2_IRQHandler                  0x08006113   Thumb Code     0  startup_stm32f40_41xxx.o(.text)
    DMA2_Stream3_IRQHandler                  0x08006113   Thumb Code     0  startup_stm32f40_41xxx.o(.text)
    DMA2_Stream4_IRQHandler                  0x08006113   Thumb Code     0  startup_stm32f40_41xxx.o(.text)
    DMA2_Stream5_IRQHandler                  0x08006113   Thumb Code     0  startup_stm32f40_41xxx.o(.text)
    DMA2_Stream6_IRQHandler                  0x08006113   Thumb Code     0  startup_stm32f40_41xxx.o(.text)
    DMA2_Stream7_IRQHandler                  0x08006113   Thumb Code     0  startup_stm32f40_41xxx.o(.text)
    ETH_IRQHandler                           0x08006113   Thumb Code     0  startup_stm32f40_41xxx.o(.text)
    ETH_WKUP_IRQHandler                      0x08006113   Thumb Code     0  startup_stm32f40_41xxx.o(.text)
    EXTI0_IRQHandler                         0x08006113   Thumb Code     0  startup_stm32f40_41xxx.o(.text)
    EXTI15_10_IRQHandler                     0x08006113   Thumb Code     0  startup_stm32f40_41xxx.o(.text)
    EXTI1_IRQHandler                         0x08006113   Thumb Code     0  startup_stm32f40_41xxx.o(.text)
    EXTI2_IRQHandler                         0x08006113   Thumb Code     0  startup_stm32f40_41xxx.o(.text)
    EXTI3_IRQHandler                         0x08006113   Thumb Code     0  startup_stm32f40_41xxx.o(.text)
    EXTI4_IRQHandler                         0x08006113   Thumb Code     0  startup_stm32f40_41xxx.o(.text)
    EXTI9_5_IRQHandler                       0x08006113   Thumb Code     0  startup_stm32f40_41xxx.o(.text)
    FLASH_IRQHandler                         0x08006113   Thumb Code     0  startup_stm32f40_41xxx.o(.text)
    FPU_IRQHandler                           0x08006113   Thumb Code     0  startup_stm32f40_41xxx.o(.text)
    FSMC_IRQHandler                          0x08006113   Thumb Code     0  startup_stm32f40_41xxx.o(.text)
    HASH_RNG_IRQHandler                      0x08006113   Thumb Code     0  startup_stm32f40_41xxx.o(.text)
    I2C1_ER_IRQHandler                       0x08006113   Thumb Code     0  startup_stm32f40_41xxx.o(.text)
    I2C1_EV_IRQHandler                       0x08006113   Thumb Code     0  startup_stm32f40_41xxx.o(.text)
    I2C2_ER_IRQHandler                       0x08006113   Thumb Code     0  startup_stm32f40_41xxx.o(.text)
    I2C2_EV_IRQHandler                       0x08006113   Thumb Code     0  startup_stm32f40_41xxx.o(.text)
    I2C3_ER_IRQHandler                       0x08006113   Thumb Code     0  startup_stm32f40_41xxx.o(.text)
    I2C3_EV_IRQHandler                       0x08006113   Thumb Code     0  startup_stm32f40_41xxx.o(.text)
    OTG_FS_IRQHandler                        0x08006113   Thumb Code     0  startup_stm32f40_41xxx.o(.text)
    OTG_FS_WKUP_IRQHandler                   0x08006113   Thumb Code     0  startup_stm32f40_41xxx.o(.text)
    OTG_HS_EP1_IN_IRQHandler                 0x08006113   Thumb Code     0  startup_stm32f40_41xxx.o(.text)
    OTG_HS_EP1_OUT_IRQHandler                0x08006113   Thumb Code     0  startup_stm32f40_41xxx.o(.text)
    OTG_HS_IRQHandler                        0x08006113   Thumb Code     0  startup_stm32f40_41xxx.o(.text)
    OTG_HS_WKUP_IRQHandler                   0x08006113   Thumb Code     0  startup_stm32f40_41xxx.o(.text)
    PVD_IRQHandler                           0x08006113   Thumb Code     0  startup_stm32f40_41xxx.o(.text)
    RCC_IRQHandler                           0x08006113   Thumb Code     0  startup_stm32f40_41xxx.o(.text)
    RTC_Alarm_IRQHandler                     0x08006113   Thumb Code     0  startup_stm32f40_41xxx.o(.text)
    RTC_WKUP_IRQHandler                      0x08006113   Thumb Code     0  startup_stm32f40_41xxx.o(.text)
    SDIO_IRQHandler                          0x08006113   Thumb Code     0  startup_stm32f40_41xxx.o(.text)
    SPI1_IRQHandler                          0x08006113   Thumb Code     0  startup_stm32f40_41xxx.o(.text)
    SPI2_IRQHandler                          0x08006113   Thumb Code     0  startup_stm32f40_41xxx.o(.text)
    SPI3_IRQHandler                          0x08006113   Thumb Code     0  startup_stm32f40_41xxx.o(.text)
    TAMP_STAMP_IRQHandler                    0x08006113   Thumb Code     0  startup_stm32f40_41xxx.o(.text)
    TIM1_BRK_TIM9_IRQHandler                 0x08006113   Thumb Code     0  startup_stm32f40_41xxx.o(.text)
    TIM1_CC_IRQHandler                       0x08006113   Thumb Code     0  startup_stm32f40_41xxx.o(.text)
    TIM1_TRG_COM_TIM11_IRQHandler            0x08006113   Thumb Code     0  startup_stm32f40_41xxx.o(.text)
    TIM1_UP_TIM10_IRQHandler                 0x08006113   Thumb Code     0  startup_stm32f40_41xxx.o(.text)
    TIM2_IRQHandler                          0x08006113   Thumb Code     0  startup_stm32f40_41xxx.o(.text)
    TIM3_IRQHandler                          0x08006113   Thumb Code     0  startup_stm32f40_41xxx.o(.text)
    TIM4_IRQHandler                          0x08006113   Thumb Code     0  startup_stm32f40_41xxx.o(.text)
    TIM5_IRQHandler                          0x08006113   Thumb Code     0  startup_stm32f40_41xxx.o(.text)
    TIM6_DAC_IRQHandler                      0x08006113   Thumb Code     0  startup_stm32f40_41xxx.o(.text)
    TIM7_IRQHandler                          0x08006113   Thumb Code     0  startup_stm32f40_41xxx.o(.text)
    TIM8_BRK_TIM12_IRQHandler                0x08006113   Thumb Code     0  startup_stm32f40_41xxx.o(.text)
    TIM8_CC_IRQHandler                       0x08006113   Thumb Code     0  startup_stm32f40_41xxx.o(.text)
    TIM8_TRG_COM_TIM14_IRQHandler            0x08006113   Thumb Code     0  startup_stm32f40_41xxx.o(.text)
    TIM8_UP_TIM13_IRQHandler                 0x08006113   Thumb Code     0  startup_stm32f40_41xxx.o(.text)
    UART4_IRQHandler                         0x08006113   Thumb Code     0  startup_stm32f40_41xxx.o(.text)
    UART5_IRQHandler                         0x08006113   Thumb Code     0  startup_stm32f40_41xxx.o(.text)
    USART2_IRQHandler                        0x08006113   Thumb Code     0  startup_stm32f40_41xxx.o(.text)
    USART3_IRQHandler                        0x08006113   Thumb Code     0  startup_stm32f40_41xxx.o(.text)
    USART6_IRQHandler                        0x08006113   Thumb Code     0  startup_stm32f40_41xxx.o(.text)
    WWDG_IRQHandler                          0x08006113   Thumb Code     0  startup_stm32f40_41xxx.o(.text)
    __user_initial_stackheap                 0x08006115   Thumb Code     0  startup_stm32f40_41xxx.o(.text)
    SystemInit                               0x08006215   Thumb Code    74  system_stm32f4xx.o(.text)
    SystemCoreClockUpdate                    0x0800625f   Thumb Code   174  system_stm32f4xx.o(.text)
    GPIO_DeInit                              0x08006339   Thumb Code   268  stm32f4xx_gpio.o(.text)
    GPIO_Init                                0x08006445   Thumb Code   144  stm32f4xx_gpio.o(.text)
    GPIO_StructInit                          0x080064d5   Thumb Code    18  stm32f4xx_gpio.o(.text)
    GPIO_PinLockConfig                       0x080064e7   Thumb Code    34  stm32f4xx_gpio.o(.text)
    GPIO_ReadInputDataBit                    0x08006509   Thumb Code    18  stm32f4xx_gpio.o(.text)
    GPIO_ReadInputData                       0x0800651b   Thumb Code     8  stm32f4xx_gpio.o(.text)
    GPIO_ReadOutputDataBit                   0x08006523   Thumb Code    18  stm32f4xx_gpio.o(.text)
    GPIO_ReadOutputData                      0x08006535   Thumb Code     8  stm32f4xx_gpio.o(.text)
    GPIO_SetBits                             0x0800653d   Thumb Code     4  stm32f4xx_gpio.o(.text)
    GPIO_ResetBits                           0x08006541   Thumb Code     4  stm32f4xx_gpio.o(.text)
    GPIO_WriteBit                            0x08006545   Thumb Code    10  stm32f4xx_gpio.o(.text)
    GPIO_Write                               0x0800654f   Thumb Code     4  stm32f4xx_gpio.o(.text)
    GPIO_ToggleBits                          0x08006553   Thumb Code     8  stm32f4xx_gpio.o(.text)
    GPIO_PinAFConfig                         0x0800655b   Thumb Code    70  stm32f4xx_gpio.o(.text)
    FSMC_NORSRAMDeInit                       0x080065cd   Thumb Code    54  stm32f4xx_fsmc.o(.text)
    FSMC_NORSRAMInit                         0x08006603   Thumb Code   230  stm32f4xx_fsmc.o(.text)
    FSMC_NORSRAMStructInit                   0x080066e9   Thumb Code    48  stm32f4xx_fsmc.o(.text)
    FSMC_NORSRAMCmd                          0x08006719   Thumb Code    46  stm32f4xx_fsmc.o(.text)
    FSMC_NANDDeInit                          0x08006747   Thumb Code    62  stm32f4xx_fsmc.o(.text)
    FSMC_NANDInit                            0x08006785   Thumb Code   132  stm32f4xx_fsmc.o(.text)
    FSMC_NANDStructInit                      0x08006809   Thumb Code    54  stm32f4xx_fsmc.o(.text)
    FSMC_NANDCmd                             0x0800683f   Thumb Code    86  stm32f4xx_fsmc.o(.text)
    FSMC_NANDECCCmd                          0x08006895   Thumb Code    86  stm32f4xx_fsmc.o(.text)
    FSMC_GetECC                              0x080068eb   Thumb Code    24  stm32f4xx_fsmc.o(.text)
    FSMC_PCCARDDeInit                        0x08006903   Thumb Code    36  stm32f4xx_fsmc.o(.text)
    FSMC_PCCARDInit                          0x08006927   Thumb Code   130  stm32f4xx_fsmc.o(.text)
    FSMC_PCCARDStructInit                    0x080069a9   Thumb Code    60  stm32f4xx_fsmc.o(.text)
    FSMC_PCCARDCmd                           0x080069e5   Thumb Code    44  stm32f4xx_fsmc.o(.text)
    FSMC_ITConfig                            0x08006a11   Thumb Code   128  stm32f4xx_fsmc.o(.text)
    FSMC_GetFlagStatus                       0x08006a91   Thumb Code    54  stm32f4xx_fsmc.o(.text)
    FSMC_ClearFlag                           0x08006ac7   Thumb Code    74  stm32f4xx_fsmc.o(.text)
    FSMC_GetITStatus                         0x08006b11   Thumb Code    62  stm32f4xx_fsmc.o(.text)
    FSMC_ClearITPendingBit                   0x08006b4f   Thumb Code    66  stm32f4xx_fsmc.o(.text)
    RCC_DeInit                               0x08006b95   Thumb Code    82  stm32f4xx_rcc.o(.text)
    RCC_HSEConfig                            0x08006be7   Thumb Code    14  stm32f4xx_rcc.o(.text)
    RCC_GetFlagStatus                        0x08006bf5   Thumb Code    60  stm32f4xx_rcc.o(.text)
    RCC_WaitForHSEStartUp                    0x08006c31   Thumb Code    56  stm32f4xx_rcc.o(.text)
    RCC_AdjustHSICalibrationValue            0x08006c69   Thumb Code    20  stm32f4xx_rcc.o(.text)
    RCC_HSICmd                               0x08006c7d   Thumb Code     6  stm32f4xx_rcc.o(.text)
    RCC_LSEConfig                            0x08006c83   Thumb Code    46  stm32f4xx_rcc.o(.text)
    RCC_LSICmd                               0x08006cb1   Thumb Code     6  stm32f4xx_rcc.o(.text)
    RCC_PLLConfig                            0x08006cb7   Thumb Code    32  stm32f4xx_rcc.o(.text)
    RCC_PLLCmd                               0x08006cd7   Thumb Code     6  stm32f4xx_rcc.o(.text)
    RCC_PLLI2SConfig                         0x08006cdd   Thumb Code    14  stm32f4xx_rcc.o(.text)
    RCC_PLLI2SCmd                            0x08006ceb   Thumb Code     6  stm32f4xx_rcc.o(.text)
    RCC_PLLSAIConfig                         0x08006cf1   Thumb Code    20  stm32f4xx_rcc.o(.text)
    RCC_PLLSAICmd                            0x08006d05   Thumb Code     6  stm32f4xx_rcc.o(.text)
    RCC_ClockSecuritySystemCmd               0x08006d0b   Thumb Code     6  stm32f4xx_rcc.o(.text)
    RCC_MCO1Config                           0x08006d11   Thumb Code    28  stm32f4xx_rcc.o(.text)
    RCC_MCO2Config                           0x08006d2d   Thumb Code    28  stm32f4xx_rcc.o(.text)
    RCC_SYSCLKConfig                         0x08006d49   Thumb Code    20  stm32f4xx_rcc.o(.text)
    RCC_GetSYSCLKSource                      0x08006d5d   Thumb Code    12  stm32f4xx_rcc.o(.text)
    RCC_HCLKConfig                           0x08006d69   Thumb Code    20  stm32f4xx_rcc.o(.text)
    RCC_PCLK1Config                          0x08006d7d   Thumb Code    20  stm32f4xx_rcc.o(.text)
    RCC_PCLK2Config                          0x08006d91   Thumb Code    22  stm32f4xx_rcc.o(.text)
    RCC_GetClocksFreq                        0x08006da7   Thumb Code   222  stm32f4xx_rcc.o(.text)
    RCC_RTCCLKConfig                         0x08006e85   Thumb Code    54  stm32f4xx_rcc.o(.text)
    RCC_RTCCLKCmd                            0x08006ebb   Thumb Code     8  stm32f4xx_rcc.o(.text)
    RCC_BackupResetCmd                       0x08006ec3   Thumb Code     8  stm32f4xx_rcc.o(.text)
    RCC_I2SCLKConfig                         0x08006ecb   Thumb Code     6  stm32f4xx_rcc.o(.text)
    RCC_SAIPLLI2SClkDivConfig                0x08006ed1   Thumb Code    26  stm32f4xx_rcc.o(.text)
    RCC_SAIPLLSAIClkDivConfig                0x08006eeb   Thumb Code    28  stm32f4xx_rcc.o(.text)
    RCC_SAIBlockACLKConfig                   0x08006f07   Thumb Code    20  stm32f4xx_rcc.o(.text)
    RCC_SAIBlockBCLKConfig                   0x08006f1b   Thumb Code    20  stm32f4xx_rcc.o(.text)
    RCC_LTDCCLKDivConfig                     0x08006f2f   Thumb Code    20  stm32f4xx_rcc.o(.text)
    RCC_TIMCLKPresConfig                     0x08006f43   Thumb Code     6  stm32f4xx_rcc.o(.text)
    RCC_AHB1PeriphClockCmd                   0x08006f49   Thumb Code    34  stm32f4xx_rcc.o(.text)
    RCC_AHB2PeriphClockCmd                   0x08006f6b   Thumb Code    78  stm32f4xx_rcc.o(.text)
    RCC_AHB3PeriphClockCmd                   0x08006fb9   Thumb Code    34  stm32f4xx_rcc.o(.text)
    RCC_APB1PeriphClockCmd                   0x08006fdb   Thumb Code    34  stm32f4xx_rcc.o(.text)
    RCC_APB2PeriphClockCmd                   0x08006ffd   Thumb Code    34  stm32f4xx_rcc.o(.text)
    RCC_AHB1PeriphResetCmd                   0x0800701f   Thumb Code    34  stm32f4xx_rcc.o(.text)
    RCC_AHB2PeriphResetCmd                   0x08007041   Thumb Code    34  stm32f4xx_rcc.o(.text)
    RCC_AHB3PeriphResetCmd                   0x08007063   Thumb Code    34  stm32f4xx_rcc.o(.text)
    RCC_APB1PeriphResetCmd                   0x08007085   Thumb Code    34  stm32f4xx_rcc.o(.text)
    RCC_APB2PeriphResetCmd                   0x080070a7   Thumb Code    34  stm32f4xx_rcc.o(.text)
    RCC_AHB1PeriphClockLPModeCmd             0x080070c9   Thumb Code    34  stm32f4xx_rcc.o(.text)
    RCC_AHB2PeriphClockLPModeCmd             0x080070eb   Thumb Code    34  stm32f4xx_rcc.o(.text)
    RCC_AHB3PeriphClockLPModeCmd             0x0800710d   Thumb Code    34  stm32f4xx_rcc.o(.text)
    RCC_APB1PeriphClockLPModeCmd             0x0800712f   Thumb Code    34  stm32f4xx_rcc.o(.text)
    RCC_APB2PeriphClockLPModeCmd             0x08007151   Thumb Code    34  stm32f4xx_rcc.o(.text)
    RCC_LSEModeConfig                        0x08007173   Thumb Code    40  stm32f4xx_rcc.o(.text)
    RCC_ITConfig                             0x0800719b   Thumb Code    34  stm32f4xx_rcc.o(.text)
    RCC_ClearFlag                            0x080071bd   Thumb Code    18  stm32f4xx_rcc.o(.text)
    RCC_GetITStatus                          0x080071cf   Thumb Code    22  stm32f4xx_rcc.o(.text)
    RCC_ClearITPendingBit                    0x080071e5   Thumb Code     8  stm32f4xx_rcc.o(.text)
    USART_DeInit                             0x080071f1   Thumb Code   206  stm32f4xx_usart.o(.text)
    USART_Init                               0x080072bf   Thumb Code   204  stm32f4xx_usart.o(.text)
    USART_StructInit                         0x0800738b   Thumb Code    24  stm32f4xx_usart.o(.text)
    USART_ClockInit                          0x080073a3   Thumb Code    32  stm32f4xx_usart.o(.text)
    USART_ClockStructInit                    0x080073c3   Thumb Code    12  stm32f4xx_usart.o(.text)
    USART_Cmd                                0x080073cf   Thumb Code    24  stm32f4xx_usart.o(.text)
    USART_SetPrescaler                       0x080073e7   Thumb Code    16  stm32f4xx_usart.o(.text)
    USART_OverSampling8Cmd                   0x080073f7   Thumb Code    22  stm32f4xx_usart.o(.text)
    USART_OneBitMethodCmd                    0x0800740d   Thumb Code    24  stm32f4xx_usart.o(.text)
    USART_SendData                           0x08007425   Thumb Code     8  stm32f4xx_usart.o(.text)
    USART_ReceiveData                        0x0800742d   Thumb Code    10  stm32f4xx_usart.o(.text)
    USART_SetAddress                         0x08007437   Thumb Code    18  stm32f4xx_usart.o(.text)
    USART_ReceiverWakeUpCmd                  0x08007449   Thumb Code    24  stm32f4xx_usart.o(.text)
    USART_WakeUpConfig                       0x08007461   Thumb Code    18  stm32f4xx_usart.o(.text)
    USART_LINBreakDetectLengthConfig         0x08007473   Thumb Code    18  stm32f4xx_usart.o(.text)
    USART_LINCmd                             0x08007485   Thumb Code    24  stm32f4xx_usart.o(.text)
    USART_SendBreak                          0x0800749d   Thumb Code    10  stm32f4xx_usart.o(.text)
    USART_HalfDuplexCmd                      0x080074a7   Thumb Code    24  stm32f4xx_usart.o(.text)
    USART_SetGuardTime                       0x080074bf   Thumb Code    16  stm32f4xx_usart.o(.text)
    USART_SmartCardCmd                       0x080074cf   Thumb Code    24  stm32f4xx_usart.o(.text)
    USART_SmartCardNACKCmd                   0x080074e7   Thumb Code    24  stm32f4xx_usart.o(.text)
    USART_IrDAConfig                         0x080074ff   Thumb Code    18  stm32f4xx_usart.o(.text)
    USART_IrDACmd                            0x08007511   Thumb Code    24  stm32f4xx_usart.o(.text)
    USART_DMACmd                             0x08007529   Thumb Code    18  stm32f4xx_usart.o(.text)
    USART_ITConfig                           0x0800753b   Thumb Code    74  stm32f4xx_usart.o(.text)
    USART_GetFlagStatus                      0x08007585   Thumb Code    26  stm32f4xx_usart.o(.text)
    USART_ClearFlag                          0x0800759f   Thumb Code    18  stm32f4xx_usart.o(.text)
    USART_GetITStatus                        0x080075b1   Thumb Code   118  stm32f4xx_usart.o(.text)
    USART_ClearITPendingBit                  0x08007627   Thumb Code    30  stm32f4xx_usart.o(.text)
    ADC_DeInit                               0x08007645   Thumb Code    22  stm32f4xx_adc.o(.text)
    ADC_Init                                 0x0800765b   Thumb Code    74  stm32f4xx_adc.o(.text)
    ADC_StructInit                           0x080076a5   Thumb Code    20  stm32f4xx_adc.o(.text)
    ADC_CommonInit                           0x080076b9   Thumb Code    34  stm32f4xx_adc.o(.text)
    ADC_CommonStructInit                     0x080076db   Thumb Code    12  stm32f4xx_adc.o(.text)
    ADC_Cmd                                  0x080076e7   Thumb Code    22  stm32f4xx_adc.o(.text)
    ADC_AnalogWatchdogCmd                    0x080076fd   Thumb Code    16  stm32f4xx_adc.o(.text)
    ADC_AnalogWatchdogThresholdsConfig       0x0800770d   Thumb Code     6  stm32f4xx_adc.o(.text)
    ADC_AnalogWatchdogSingleChannelConfig    0x08007713   Thumb Code    16  stm32f4xx_adc.o(.text)
    ADC_TempSensorVrefintCmd                 0x08007723   Thumb Code    34  stm32f4xx_adc.o(.text)
    ADC_VBATCmd                              0x08007745   Thumb Code    34  stm32f4xx_adc.o(.text)
    ADC_RegularChannelConfig                 0x08007767   Thumb Code   184  stm32f4xx_adc.o(.text)
    ADC_SoftwareStartConv                    0x0800781f   Thumb Code    10  stm32f4xx_adc.o(.text)
    ADC_GetSoftwareStartConvStatus           0x08007829   Thumb Code    20  stm32f4xx_adc.o(.text)
    ADC_EOCOnEachRegularChannelCmd           0x0800783d   Thumb Code    22  stm32f4xx_adc.o(.text)
    ADC_ContinuousModeCmd                    0x08007853   Thumb Code    22  stm32f4xx_adc.o(.text)
    ADC_DiscModeChannelCountConfig           0x08007869   Thumb Code    24  stm32f4xx_adc.o(.text)
    ADC_DiscModeCmd                          0x08007881   Thumb Code    22  stm32f4xx_adc.o(.text)
    ADC_GetConversionValue                   0x08007897   Thumb Code     8  stm32f4xx_adc.o(.text)
    ADC_GetMultiModeConversionValue          0x0800789f   Thumb Code     8  stm32f4xx_adc.o(.text)
    ADC_DMACmd                               0x080078a7   Thumb Code    22  stm32f4xx_adc.o(.text)
    ADC_DMARequestAfterLastTransferCmd       0x080078bd   Thumb Code    22  stm32f4xx_adc.o(.text)
    ADC_MultiModeDMARequestAfterLastTransferCmd 0x080078d3   Thumb Code    34  stm32f4xx_adc.o(.text)
    ADC_InjectedChannelConfig                0x080078f5   Thumb Code   130  stm32f4xx_adc.o(.text)
    ADC_InjectedSequencerLengthConfig        0x08007977   Thumb Code    24  stm32f4xx_adc.o(.text)
    ADC_SetInjectedOffset                    0x0800798f   Thumb Code    20  stm32f4xx_adc.o(.text)
    ADC_ExternalTrigInjectedConvConfig       0x080079a3   Thumb Code    16  stm32f4xx_adc.o(.text)
    ADC_ExternalTrigInjectedConvEdgeConfig   0x080079b3   Thumb Code    16  stm32f4xx_adc.o(.text)
    ADC_SoftwareStartInjectedConv            0x080079c3   Thumb Code    10  stm32f4xx_adc.o(.text)
    ADC_GetSoftwareStartInjectedConvCmdStatus 0x080079cd   Thumb Code    20  stm32f4xx_adc.o(.text)
    ADC_AutoInjectedConvCmd                  0x080079e1   Thumb Code    22  stm32f4xx_adc.o(.text)
    ADC_InjectedDiscModeCmd                  0x080079f7   Thumb Code    22  stm32f4xx_adc.o(.text)
    ADC_GetInjectedConversionValue           0x08007a0d   Thumb Code    28  stm32f4xx_adc.o(.text)
    ADC_ITConfig                             0x08007a29   Thumb Code    56  stm32f4xx_adc.o(.text)
    ADC_GetFlagStatus                        0x08007a61   Thumb Code    18  stm32f4xx_adc.o(.text)
    ADC_ClearFlag                            0x08007a73   Thumb Code     6  stm32f4xx_adc.o(.text)
    ADC_GetITStatus                          0x08007a79   Thumb Code    38  stm32f4xx_adc.o(.text)
    ADC_ClearITPendingBit                    0x08007a9f   Thumb Code    10  stm32f4xx_adc.o(.text)
    bitmapInit                               0x08007aa9   Thumb Code     6  bitmap.o(.text)
    bitmapSet                                0x08007aaf   Thumb Code    12  bitmap.o(.text)
    bitmapClear                              0x08007abb   Thumb Code    12  bitmap.o(.text)
    bitmapPosCount                           0x08007ac7   Thumb Code     4  bitmap.o(.text)
    bitmapIsSet                              0x08007acb   Thumb Code    20  bitmap.o(.text)
    bitmapGetFirstSet                        0x08007adf   Thumb Code    86  bitmap.o(.text)
    enterCritical                            0x08007b39   Thumb Code    12  lock.o(.text)
    leaveCritical                            0x08007b45   Thumb Code    10  lock.o(.text)
    schedLockInit                            0x08007b4f   Thumb Code     8  lock.o(.text)
    lockSched                                0x08007b57   Thumb Code    34  lock.o(.text)
    unlockSched                              0x08007b79   Thumb Code    42  lock.o(.text)
    rtosInit                                 0x08007ba9   Thumb Code    84  main_1.o(.text)
    main                                     0x08007bfd   Thumb Code    22  main_1.o(.text)
    setSysTick                               0x08007c41   Thumb Code    74  rt_cpu.o(.text)
    eFlagGroupInit                           0x08007c99   Thumb Code    18  rt_eflaggroup.o(.text)
    eFlagGroupWait                           0x08007d01   Thumb Code   126  rt_eflaggroup.o(.text)
    eFlagGroupGetWithNoWait                  0x08007d7f   Thumb Code    68  rt_eflaggroup.o(.text)
    eFlagGroupPost                           0x08007dc3   Thumb Code   134  rt_eflaggroup.o(.text)
    eFlagGroupDestory                        0x08007e49   Thumb Code    38  rt_eflaggroup.o(.text)
    eFlagGroupGetInfo                        0x08007e6f   Thumb Code    42  rt_eflaggroup.o(.text)
    eventInit                                0x08007e9d   Thumb Code    16  rt_event.o(.text)
    eventWait                                0x08007ef9   Thumb Code    74  rt_event.o(.text)
    eventWakeUp                              0x08007f43   Thumb Code    98  rt_event.o(.text)
    eventWakeUpGivenTask                     0x08007fa5   Thumb Code    64  rt_event.o(.text)
    eventRemoveTask                          0x08007fe5   Thumb Code    54  rt_event.o(.text)
    eventRemoveAllTask                       0x0800801b   Thumb Code    86  rt_event.o(.text)
    eventGetWaitNum                          0x08008071   Thumb Code    30  rt_event.o(.text)
    hooksCpuIdle                             0x08008091   Thumb Code    10  rt_hooks.o(.text)
    hooksSysTick                             0x0800809b   Thumb Code     2  rt_hooks.o(.text)
    hooksTaskSwitch                          0x0800809d   Thumb Code     2  rt_hooks.o(.text)
    hooksTaskInit                            0x0800809f   Thumb Code     2  rt_hooks.o(.text)
    checkCpuUsage                            0x080080a5   Thumb Code   156  rt_idletask.o(.text)
    idleTaskEntry                            0x0800814d   Thumb Code    54  rt_idletask.o(.text)
    cpuGetUsage                              0x08008183   Thumb Code     6  rt_idletask.o(.text)
    listNodeInit                             0x080081a1   Thumb Code     8  rt_list.o(.text)
    listHeadInit                             0x080081a9   Thumb Code    10  rt_list.o(.text)
    getListNodeNum                           0x080081b3   Thumb Code     6  rt_list.o(.text)
    getFirstListNode                         0x080081b9   Thumb Code    14  rt_list.o(.text)
    getLastListNode                          0x080081c7   Thumb Code    14  rt_list.o(.text)
    getPrevListNode                          0x080081d5   Thumb Code    16  rt_list.o(.text)
    getNextListNode                          0x080081e5   Thumb Code    16  rt_list.o(.text)
    listClearALL                             0x080081f5   Thumb Code    34  rt_list.o(.text)
    listNodeInsert2Head                      0x08008217   Thumb Code    24  rt_list.o(.text)
    listNodeInsert2Tail                      0x0800822f   Thumb Code    24  rt_list.o(.text)
    listRemoveFirst                          0x08008247   Thumb Code    38  rt_list.o(.text)
    checkNodeIsInList                        0x0800826d   Thumb Code    26  rt_list.o(.text)
    listInsert                               0x08008287   Thumb Code    38  rt_list.o(.text)
    listRemove                               0x080082ad   Thumb Code    44  rt_list.o(.text)
    taskSched2Ready                          0x080082d9   Thumb Code    38  rt_task.o(.text)
    taskInit                                 0x080082ff   Thumb Code   266  rt_task.o(.text)
    getHighestReadyTask                      0x08008409   Thumb Code    32  rt_task.o(.text)
    taskSched                                0x08008429   Thumb Code    66  rt_task.o(.text)
    taskDelayedListInit                      0x0800846b   Thumb Code    10  rt_task.o(.text)
    taskSched2Unready                        0x08008475   Thumb Code    86  rt_task.o(.text)
    taskSched2Delay                          0x080084cb   Thumb Code    46  rt_task.o(.text)
    taskSched2Undelay                        0x080084f9   Thumb Code    44  rt_task.o(.text)
    taskSuspend                              0x08008525   Thumb Code    72  rt_task.o(.text)
    taskWakeUp                               0x0800856d   Thumb Code    66  rt_task.o(.text)
    taskSetCleanCallFunc                     0x080085af   Thumb Code     6  rt_task.o(.text)
    taskForceDelete                          0x080085b5   Thumb Code    74  rt_task.o(.text)
    taskRequestDelete                        0x080085ff   Thumb Code     8  rt_task.o(.text)
    taskIsRequestedDelete                    0x08008607   Thumb Code     8  rt_task.o(.text)
    taskDeleteSelf                           0x0800860f   Thumb Code    50  rt_task.o(.text)
    taskGetInfo                              0x08008641   Thumb Code   102  rt_task.o(.text)
    taskDelay                                0x080086c9   Thumb Code    46  rt_time.o(.text)
    taskTimeSliceHandler                     0x080086f7   Thumb Code   178  rt_time.o(.text)
    SysTick_Handler                          0x080087a9   Thumb Code     8  rt_time.o(.text)
    timerResetSemForTimerNotify              0x080087bd   Thumb Code     8  rt_timer.o(.text)
    timerFuncPost                            0x0800882d   Thumb Code    16  rt_timer.o(.text)
    timerFuncInit                            0x0800883d   Thumb Code    62  rt_timer.o(.text)
    timerInit                                0x0800887b   Thumb Code    56  rt_timer.o(.text)
    timerStart                               0x080088b3   Thumb Code   108  rt_timer.o(.text)
    timerStop                                0x0800891f   Thumb Code    86  rt_timer.o(.text)
    timerResume                              0x08008975   Thumb Code    78  rt_timer.o(.text)
    timerDestory                             0x080089c3   Thumb Code    86  rt_timer.o(.text)
    timerGetInfo                             0x08008a19   Thumb Code    58  rt_timer.o(.text)
    semInit                                  0x08008a7d   Thumb Code    38  semaphore.o(.text)
    semWait                                  0x08008aa3   Thumb Code    68  semaphore.o(.text)
    semGetWithNoWait                         0x08008ae7   Thumb Code    40  semaphore.o(.text)
    semPost                                  0x08008b0f   Thumb Code    78  semaphore.o(.text)
    semDestory                               0x08008b5d   Thumb Code    42  semaphore.o(.text)
    semGetInfo                               0x08008b87   Thumb Code    44  semaphore.o(.text)
    runFirstTask                             0x08008bb9   Thumb Code    24  switch.o(.text)
    runFirstTask2                            0x08008bd1   Thumb Code    48  switch.o(.text)
    taskSwitch                               0x08008c01   Thumb Code    12  switch.o(.text)
    __use_no_semihosting                     0x08008c19   Thumb Code     2  use_no_semi_2.o(.text)
    __2printf                                0x08008c1d   Thumb Code    20  noretval__2printf.o(.text)
    _printf_pre_padding                      0x08008c35   Thumb Code    44  _printf_pad.o(.text)
    _printf_post_padding                     0x08008c61   Thumb Code    34  _printf_pad.o(.text)
    _printf_str                              0x08008c83   Thumb Code    82  _printf_str.o(.text)
    _printf_int_dec                          0x08008cd5   Thumb Code   104  _printf_dec.o(.text)
    __printf                                 0x08008d4d   Thumb Code   308  __printf_flags_wp.o(.text)
    atoi                                     0x08008e85   Thumb Code    26  atoi.o(.text)
    strtok                                   0x08008ea1   Thumb Code     6  strtok.o(.text)
    strstr                                   0x08008ead   Thumb Code    36  strstr.o(.text)
    strcpy                                   0x08008ed1   Thumb Code    72  strcpy.o(.text)
    strlen                                   0x08008f19   Thumb Code    62  strlen.o(.text)
    __aeabi_memcpy4                          0x08008f57   Thumb Code     0  rt_memcpy_w.o(.text)
    __aeabi_memcpy8                          0x08008f57   Thumb Code     0  rt_memcpy_w.o(.text)
    __rt_memcpy_w                            0x08008f57   Thumb Code   100  rt_memcpy_w.o(.text)
    _memcpy_lastbytes_aligned                0x08008f9f   Thumb Code     0  rt_memcpy_w.o(.text)
    __aeabi_memclr4                          0x08008fbb   Thumb Code     0  rt_memclr_w.o(.text)
    __aeabi_memclr8                          0x08008fbb   Thumb Code     0  rt_memclr_w.o(.text)
    __rt_memclr_w                            0x08008fbb   Thumb Code    78  rt_memclr_w.o(.text)
    _memset_w                                0x08008fbf   Thumb Code     0  rt_memclr_w.o(.text)
    strcmp                                   0x08009009   Thumb Code   128  strcmpv7m.o(.text)
    __use_two_region_memory                  0x08009089   Thumb Code     2  heapauxi.o(.text)
    __rt_heap_escrow$2region                 0x0800908b   Thumb Code     2  heapauxi.o(.text)
    __rt_heap_expand$2region                 0x0800908d   Thumb Code     2  heapauxi.o(.text)
    __I$use$semihosting                      0x0800908f   Thumb Code     0  use_no_semi.o(.text)
    __use_no_semihosting_swi                 0x0800908f   Thumb Code     2  use_no_semi.o(.text)
    __aeabi_errno_addr                       0x08009091   Thumb Code     8  rt_errno_addr_intlibspace.o(.text)
    __errno$intlibspace                      0x08009091   Thumb Code     0  rt_errno_addr_intlibspace.o(.text)
    __rt_errno_addr$intlibspace              0x08009091   Thumb Code     0  rt_errno_addr_intlibspace.o(.text)
    _printf_int_common                       0x08009099   Thumb Code   178  _printf_intcommon.o(.text)
    _printf_cs_common                        0x0800914b   Thumb Code    20  _printf_char.o(.text)
    _printf_char                             0x0800915f   Thumb Code    16  _printf_char.o(.text)
    _printf_string                           0x0800916f   Thumb Code     8  _printf_char.o(.text)
    _printf_char_file                        0x08009179   Thumb Code    32  _printf_char_file.o(.text)
    strtol                                   0x0800919d   Thumb Code   112  strtol.o(.text)
    __strtok_internal                        0x0800920d   Thumb Code    64  strtok_int.o(.text)
    __user_libspace                          0x08009251   Thumb Code     8  libspace.o(.text)
    __user_perproc_libspace                  0x08009251   Thumb Code     0  libspace.o(.text)
    __user_perthread_libspace                0x08009251   Thumb Code     0  libspace.o(.text)
    __rt_ctype_table                         0x08009259   Thumb Code    16  rt_ctype_table.o(.text)
    _printf_char_common                      0x08009273   Thumb Code    32  _printf_char_common.o(.text)
    _strtoul                                 0x08009299   Thumb Code   158  _strtoul.o(.text)
    ferror                                   0x08009337   Thumb Code     8  ferror.o(.text)
    strcspn                                  0x0800933f   Thumb Code    32  strcspn.o(.text)
    strspn                                   0x0800935f   Thumb Code    28  strspn.o(.text)
    __user_setup_stackheap                   0x0800937b   Thumb Code    74  sys_stackheap_outer.o(.text)
    __rt_locale                              0x080093c5   Thumb Code     8  rt_locale_intlibspace.o(.text)
    _chval                                   0x080093cd   Thumb Code    28  _chval.o(.text)
    exit                                     0x080093e9   Thumb Code    18  exit.o(.text)
    _is_digit                                0x080093fb   Thumb Code    14  __printf_wp.o(i._is_digit)
    _get_lc_ctype                            0x08009409   Thumb Code    44  lc_ctype_c.o(locale$$code)
    __aeabi_d2f                              0x08009435   Thumb Code     0  d2f.o(x$fpl$d2f)
    _d2f                                     0x08009435   Thumb Code    98  d2f.o(x$fpl$d2f)
    __aeabi_dadd                             0x08009499   Thumb Code     0  daddsub_clz.o(x$fpl$dadd)
    _dadd                                    0x08009499   Thumb Code   332  daddsub_clz.o(x$fpl$dadd)
    __fpl_dcmp_Inf                           0x080095e9   Thumb Code    24  dcmpi.o(x$fpl$dcmpinf)
    __aeabi_ddiv                             0x08009601   Thumb Code     0  ddiv.o(x$fpl$ddiv)
    _ddiv                                    0x08009601   Thumb Code   552  ddiv.o(x$fpl$ddiv)
    __aeabi_d2iz                             0x080098b1   Thumb Code     0  dfix.o(x$fpl$dfix)
    _dfix                                    0x080098b1   Thumb Code    94  dfix.o(x$fpl$dfix)
    __aeabi_d2uiz                            0x08009911   Thumb Code     0  dfixu.o(x$fpl$dfixu)
    _dfixu                                   0x08009911   Thumb Code    90  dfixu.o(x$fpl$dfixu)
    __aeabi_ui2d                             0x0800996b   Thumb Code     0  dflt_clz.o(x$fpl$dfltu)
    _dfltu                                   0x0800996b   Thumb Code    38  dflt_clz.o(x$fpl$dfltu)
    __aeabi_cdcmple                          0x08009991   Thumb Code     0  dleqf.o(x$fpl$dleqf)
    _dcmple                                  0x08009991   Thumb Code   120  dleqf.o(x$fpl$dleqf)
    __fpl_dcmple_InfNaN                      0x080099f3   Thumb Code     0  dleqf.o(x$fpl$dleqf)
    __aeabi_dmul                             0x08009a09   Thumb Code     0  dmul.o(x$fpl$dmul)
    _dmul                                    0x08009a09   Thumb Code   332  dmul.o(x$fpl$dmul)
    __fpl_dnaninf                            0x08009b5d   Thumb Code   156  dnaninf.o(x$fpl$dnaninf)
    __fpl_dretinf                            0x08009bf9   Thumb Code    12  dretinf.o(x$fpl$dretinf)
    __aeabi_cdrcmple                         0x08009c05   Thumb Code     0  drleqf.o(x$fpl$drleqf)
    _drcmple                                 0x08009c05   Thumb Code   108  drleqf.o(x$fpl$drleqf)
    __aeabi_drsub                            0x08009c71   Thumb Code     0  daddsub_clz.o(x$fpl$drsb)
    _drsb                                    0x08009c71   Thumb Code    22  daddsub_clz.o(x$fpl$drsb)
    __aeabi_dsub                             0x08009c89   Thumb Code     0  daddsub_clz.o(x$fpl$dsub)
    _dsub                                    0x08009c89   Thumb Code   464  daddsub_clz.o(x$fpl$dsub)
    __aeabi_f2d                              0x08009e5d   Thumb Code     0  f2d.o(x$fpl$f2d)
    _f2d                                     0x08009e5d   Thumb Code    86  f2d.o(x$fpl$f2d)
    __aeabi_fadd                             0x08009eb5   Thumb Code     0  faddsub_clz.o(x$fpl$fadd)
    _fadd                                    0x08009eb5   Thumb Code   196  faddsub_clz.o(x$fpl$fadd)
    __fpl_fcmp_Inf                           0x08009f79   Thumb Code    24  fcmpi.o(x$fpl$fcmpinf)
    __aeabi_cfcmpeq                          0x08009f91   Thumb Code     0  feqf.o(x$fpl$feqf)
    _fcmpeq                                  0x08009f91   Thumb Code   104  feqf.o(x$fpl$feqf)
    __aeabi_f2iz                             0x08009ff9   Thumb Code     0  ffix.o(x$fpl$ffix)
    _ffix                                    0x08009ff9   Thumb Code    54  ffix.o(x$fpl$ffix)
    __aeabi_i2f                              0x0800a031   Thumb Code     0  fflt_clz.o(x$fpl$fflt)
    _fflt                                    0x0800a031   Thumb Code    48  fflt_clz.o(x$fpl$fflt)
    __aeabi_ui2f                             0x0800a061   Thumb Code     0  fflt_clz.o(x$fpl$ffltu)
    _ffltu                                   0x0800a061   Thumb Code    38  fflt_clz.o(x$fpl$ffltu)
    __aeabi_cfcmple                          0x0800a089   Thumb Code     0  fleqf.o(x$fpl$fleqf)
    _fcmple                                  0x0800a089   Thumb Code   104  fleqf.o(x$fpl$fleqf)
    __fpl_fcmple_InfNaN                      0x0800a0db   Thumb Code     0  fleqf.o(x$fpl$fleqf)
    __aeabi_fmul                             0x0800a0f1   Thumb Code     0  fmul.o(x$fpl$fmul)
    _fmul                                    0x0800a0f1   Thumb Code   258  fmul.o(x$fpl$fmul)
    __fpl_fnaninf                            0x0800a1f3   Thumb Code   140  fnaninf.o(x$fpl$fnaninf)
    __fpl_fretinf                            0x0800a27f   Thumb Code    10  fretinf.o(x$fpl$fretinf)
    __aeabi_cfrcmple                         0x0800a289   Thumb Code     0  frleqf.o(x$fpl$frleqf)
    _frcmple                                 0x0800a289   Thumb Code    98  frleqf.o(x$fpl$frleqf)
    __aeabi_frsub                            0x0800a2eb   Thumb Code     0  faddsub_clz.o(x$fpl$frsb)
    _frsb                                    0x0800a2eb   Thumb Code    20  faddsub_clz.o(x$fpl$frsb)
    __aeabi_fsub                             0x0800a301   Thumb Code     0  faddsub_clz.o(x$fpl$fsub)
    _fsub                                    0x0800a301   Thumb Code   234  faddsub_clz.o(x$fpl$fsub)
    __I$use$fp                               0x0800a3ea   Number         0  usenofp.o(x$fpl$usenofp)
    asc2_1206                                0x0800a3ea   Data        1140  lcd.o(.constdata)
    asc2_1608                                0x0800a85e   Data        1520  lcd.o(.constdata)
    asc2_2412                                0x0800ae4e   Data        3420  lcd.o(.constdata)
    FSMC_DefaultTimingStruct                 0x0800bbb0   Data          28  stm32f4xx_fsmc.o(.constdata)
    Region$$Table$$Base                      0x0800c4ec   Number         0  anon$$obj.o(Region$$Table)
    Region$$Table$$Limit                     0x0800c50c   Number         0  anon$$obj.o(Region$$Table)
    __ctype                                  0x0800c519   Data           0  lc_ctype_c.o(locale$$data)
    task1Flag                                0x20000000   Data           4  application.o(.data)
    task2Flag                                0x20000004   Data           4  application.o(.data)
    task3Flag                                0x20000008   Data           4  application.o(.data)
    task4Flag                                0x2000000c   Data           4  application.o(.data)
    POINT_COLOR                              0x20000010   Data           2  lcd.o(.data)
    BACK_COLOR                               0x20000012   Data           2  lcd.o(.data)
    __stdout                                 0x20000038   Data           4  uart.o(.data)
    SystemCoreClock                          0x2000003c   Data           4  system_stm32f4xx.o(.data)
    AHBPrescTable                            0x20000040   Data          16  system_stm32f4xx.o(.data)
    schedLockCount                           0x20000060   Data           1  lock.o(.data)
    isenableLowPowerMode                     0x20000061   Data           1  rt_hooks.o(.data)
    idleTask                                 0x20000064   Data           4  rt_idletask.o(.data)
    allTaskTableIndex                        0x2000007c   Data           4  rt_task.o(.data)
    taskPriorityBitmap                       0x20000080   Data           4  rt_task.o(.data)
    currentTask                              0x20000084   Data           4  rt_task.o(.data)
    nextTask                                 0x20000088   Data           4  rt_task.o(.data)
    task1Env                                 0x20000090   Data        4096  application.o(.bss)
    task2Env                                 0x20001090   Data        4096  application.o(.bss)
    task3Env                                 0x20002090   Data        4096  application.o(.bss)
    task4Env                                 0x20003090   Data        4096  application.o(.bss)
    ttask1                                   0x20004090   Data          96  application.o(.bss)
    ttask2                                   0x200040f0   Data          96  application.o(.bss)
    ttask3                                   0x20004150   Data          96  application.o(.bss)
    ttask4                                   0x200041b0   Data          96  application.o(.bss)
    lcddev                                   0x20004210   Data          14  lcd.o(.bss)
    key                                      0x20004220   Data          60  button.o(.bss)
    exEventTask                              0x20004b80   Data          96  exevent.o(.bss)
    monitorTask                              0x20004de0   Data          96  monitor.o(.bss)
    semForPrintf                             0x20005710   Data          24  main_1.o(.bss)
    _idleTask                                0x20005728   Data          96  rt_idletask.o(.bss)
    idleTaskEnv                              0x20005788   Data        4096  rt_idletask.o(.bss)
    allTask                                  0x20006788   Data          64  rt_task.o(.bss)
    taskTable                                0x200067c8   Data         384  rt_task.o(.bss)
    taskDelayedList                          0x20006948   Data          12  rt_time.o(.bss)
    __libspace_start                         0x200079fc   Data          96  libspace.o(.bss)
    __temporary_stack_top$libspace           0x20007a5c   Data           0  libspace.o(.bss)



==============================================================================

Memory Map of the image

  Image Entry point : 0x08000189

  Load Region LR_IROM1 (Base: 0x08000000, Size: 0x0000c6ac, Max: 0x00100000, ABSOLUTE)

    Execution Region ER_IROM1 (Base: 0x08000000, Size: 0x0000c61c, Max: 0x00100000, ABSOLUTE)

    Base Addr    Size         Type   Attr      Idx    E Section Name        Object

    0x08000000   0x00000188   Data   RO          482    RESET               startup_stm32f40_41xxx.o
    0x08000188   0x00000008   Code   RO         1039  * !!!main             c_w.l(__main.o)
    0x08000190   0x00000034   Code   RO         1305    !!!scatter          c_w.l(__scatter.o)
    0x080001c4   0x0000001a   Code   RO         1307    !!handler_copy      c_w.l(__scatter_copy.o)
    0x080001de   0x00000002   PAD
    0x080001e0   0x0000001c   Code   RO         1309    !!handler_zi        c_w.l(__scatter_zi.o)
    0x080001fc   0x00000000   Code   RO         1019    .ARM.Collect$$_printf_percent$$00000000  c_w.l(_printf_percent.o)
    0x080001fc   0x00000006   Code   RO         1018    .ARM.Collect$$_printf_percent$$00000009  c_w.l(_printf_d.o)
    0x08000202   0x00000006   Code   RO         1017    .ARM.Collect$$_printf_percent$$00000014  c_w.l(_printf_s.o)
    0x08000208   0x00000004   Code   RO         1113    .ARM.Collect$$_printf_percent$$00000017  c_w.l(_printf_percent_end.o)
    0x0800020c   0x00000002   Code   RO         1184    .ARM.Collect$$libinit$$00000000  c_w.l(libinit.o)
    0x0800020e   0x00000000   Code   RO         1188    .ARM.Collect$$libinit$$00000002  c_w.l(libinit2.o)
    0x0800020e   0x00000000   Code   RO         1190    .ARM.Collect$$libinit$$00000004  c_w.l(libinit2.o)
    0x0800020e   0x00000000   Code   RO         1193    .ARM.Collect$$libinit$$0000000A  c_w.l(libinit2.o)
    0x0800020e   0x00000000   Code   RO         1195    .ARM.Collect$$libinit$$0000000C  c_w.l(libinit2.o)
    0x0800020e   0x00000000   Code   RO         1197    .ARM.Collect$$libinit$$0000000E  c_w.l(libinit2.o)
    0x0800020e   0x00000006   Code   RO         1198    .ARM.Collect$$libinit$$0000000F  c_w.l(libinit2.o)
    0x08000214   0x00000000   Code   RO         1200    .ARM.Collect$$libinit$$00000011  c_w.l(libinit2.o)
    0x08000214   0x0000000c   Code   RO         1201    .ARM.Collect$$libinit$$00000012  c_w.l(libinit2.o)
    0x08000220   0x00000000   Code   RO         1202    .ARM.Collect$$libinit$$00000013  c_w.l(libinit2.o)
    0x08000220   0x00000000   Code   RO         1204    .ARM.Collect$$libinit$$00000015  c_w.l(libinit2.o)
    0x08000220   0x00000000   Code   RO         1206    .ARM.Collect$$libinit$$00000017  c_w.l(libinit2.o)
    0x08000220   0x00000000   Code   RO         1208    .ARM.Collect$$libinit$$00000019  c_w.l(libinit2.o)
    0x08000220   0x00000000   Code   RO         1210    .ARM.Collect$$libinit$$0000001B  c_w.l(libinit2.o)
    0x08000220   0x00000000   Code   RO         1212    .ARM.Collect$$libinit$$0000001D  c_w.l(libinit2.o)
    0x08000220   0x00000000   Code   RO         1214    .ARM.Collect$$libinit$$0000001F  c_w.l(libinit2.o)
    0x08000220   0x00000000   Code   RO         1216    .ARM.Collect$$libinit$$00000021  c_w.l(libinit2.o)
    0x08000220   0x00000000   Code   RO         1218    .ARM.Collect$$libinit$$00000023  c_w.l(libinit2.o)
    0x08000220   0x00000000   Code   RO         1220    .ARM.Collect$$libinit$$00000025  c_w.l(libinit2.o)
    0x08000220   0x00000000   Code   RO         1224    .ARM.Collect$$libinit$$0000002C  c_w.l(libinit2.o)
    0x08000220   0x00000000   Code   RO         1226    .ARM.Collect$$libinit$$0000002E  c_w.l(libinit2.o)
    0x08000220   0x00000000   Code   RO         1228    .ARM.Collect$$libinit$$00000030  c_w.l(libinit2.o)
    0x08000220   0x00000000   Code   RO         1230    .ARM.Collect$$libinit$$00000032  c_w.l(libinit2.o)
    0x08000220   0x00000002   Code   RO         1231    .ARM.Collect$$libinit$$00000033  c_w.l(libinit2.o)
    0x08000222   0x00000002   Code   RO         1249    .ARM.Collect$$libshutdown$$00000000  c_w.l(libshutdown.o)
    0x08000224   0x00000000   Code   RO         1259    .ARM.Collect$$libshutdown$$00000002  c_w.l(libshutdown2.o)
    0x08000224   0x00000000   Code   RO         1261    .ARM.Collect$$libshutdown$$00000004  c_w.l(libshutdown2.o)
    0x08000224   0x00000000   Code   RO         1264    .ARM.Collect$$libshutdown$$00000007  c_w.l(libshutdown2.o)
    0x08000224   0x00000000   Code   RO         1267    .ARM.Collect$$libshutdown$$0000000A  c_w.l(libshutdown2.o)
    0x08000224   0x00000000   Code   RO         1269    .ARM.Collect$$libshutdown$$0000000C  c_w.l(libshutdown2.o)
    0x08000224   0x00000000   Code   RO         1272    .ARM.Collect$$libshutdown$$0000000F  c_w.l(libshutdown2.o)
    0x08000224   0x00000002   Code   RO         1273    .ARM.Collect$$libshutdown$$00000010  c_w.l(libshutdown2.o)
    0x08000226   0x00000000   Code   RO         1101    .ARM.Collect$$rtentry$$00000000  c_w.l(__rtentry.o)
    0x08000226   0x00000000   Code   RO         1135    .ARM.Collect$$rtentry$$00000002  c_w.l(__rtentry2.o)
    0x08000226   0x00000006   Code   RO         1147    .ARM.Collect$$rtentry$$00000004  c_w.l(__rtentry4.o)
    0x0800022c   0x00000000   Code   RO         1137    .ARM.Collect$$rtentry$$00000009  c_w.l(__rtentry2.o)
    0x0800022c   0x00000004   Code   RO         1138    .ARM.Collect$$rtentry$$0000000A  c_w.l(__rtentry2.o)
    0x08000230   0x00000000   Code   RO         1140    .ARM.Collect$$rtentry$$0000000C  c_w.l(__rtentry2.o)
    0x08000230   0x00000008   Code   RO         1141    .ARM.Collect$$rtentry$$0000000D  c_w.l(__rtentry2.o)
    0x08000238   0x00000002   Code   RO         1185    .ARM.Collect$$rtexit$$00000000  c_w.l(rtexit.o)
    0x0800023a   0x00000000   Code   RO         1233    .ARM.Collect$$rtexit$$00000002  c_w.l(rtexit2.o)
    0x0800023a   0x00000004   Code   RO         1234    .ARM.Collect$$rtexit$$00000003  c_w.l(rtexit2.o)
    0x0800023e   0x00000006   Code   RO         1235    .ARM.Collect$$rtexit$$00000004  c_w.l(rtexit2.o)
    0x08000244   0x00000030   Code   RO          956    .emb_text           switch.o
    0x08000274   0x00000280   Code   RO            3    .text               application.o
    0x080004f4   0x00003658   Code   RO          225    .text               lcd.o
    0x08003b4c   0x00000124   Code   RO          256    .text               button.o
    0x08003c70   0x000013ac   Code   RO          283    .text               cli.o
    0x0800501c   0x000000bc   Code   RO          320    .text               exevent.o
    0x080050d8   0x000000b8   Code   RO          337    .text               exio.o
    0x08005190   0x00000194   Code   RO          357    .text               intertemperature.o
    0x08005324   0x00000120   Code   RO          380    .text               light.o
    0x08005444   0x000009e4   Code   RO          400    .text               monitor.o
    0x08005e28   0x000002d0   Code   RO          429    .text               uart.o
    0x080060f8   0x00000040   Code   RO          483    .text               startup_stm32f40_41xxx.o
    0x08006138   0x00000200   Code   RO          489    .text               system_stm32f4xx.o
    0x08006338   0x00000294   Code   RO          557    .text               stm32f4xx_gpio.o
    0x080065cc   0x000005c8   Code   RO          577    .text               stm32f4xx_fsmc.o
    0x08006b94   0x0000065c   Code   RO          600    .text               stm32f4xx_rcc.o
    0x080071f0   0x00000454   Code   RO          642    .text               stm32f4xx_usart.o
    0x08007644   0x00000464   Code   RO          662    .text               stm32f4xx_adc.o
    0x08007aa8   0x00000090   Code   RO          680    .text               bitmap.o
    0x08007b38   0x00000070   Code   RO          695    .text               lock.o
    0x08007ba8   0x00000098   Code   RO          719    .text               main_1.o
    0x08007c40   0x00000058   Code   RO          736    .text               rt_cpu.o
    0x08007c98   0x00000204   Code   RO          758    .text               rt_eflaggroup.o
    0x08007e9c   0x000001f2   Code   RO          770    .text               rt_event.o
    0x0800808e   0x00000002   PAD
    0x08008090   0x00000014   Code   RO          784    .text               rt_hooks.o
    0x080080a4   0x000000fc   Code   RO          812    .text               rt_idletask.o
    0x080081a0   0x00000138   Code   RO          828    .text               rt_list.o
    0x080082d8   0x000003f0   Code   RO          878    .text               rt_task.o
    0x080086c8   0x000000f4   Code   RO          904    .text               rt_time.o
    0x080087bc   0x000002c0   Code   RO          927    .text               rt_timer.o
    0x08008a7c   0x0000013c   Code   RO          941    .text               semaphore.o
    0x08008bb8   0x00000060   Code   RO          957    .text               switch.o
    0x08008c18   0x00000002   Code   RO          983    .text               c_w.l(use_no_semi_2.o)
    0x08008c1a   0x00000002   PAD
    0x08008c1c   0x00000018   Code   RO          987    .text               c_w.l(noretval__2printf.o)
    0x08008c34   0x0000004e   Code   RO          991    .text               c_w.l(_printf_pad.o)
    0x08008c82   0x00000052   Code   RO          993    .text               c_w.l(_printf_str.o)
    0x08008cd4   0x00000078   Code   RO          995    .text               c_w.l(_printf_dec.o)
    0x08008d4c   0x00000138   Code   RO         1009    .text               c_w.l(__printf_flags_wp.o)
    0x08008e84   0x0000001a   Code   RO         1020    .text               c_w.l(atoi.o)
    0x08008e9e   0x00000002   PAD
    0x08008ea0   0x0000000c   Code   RO         1022    .text               c_w.l(strtok.o)
    0x08008eac   0x00000024   Code   RO         1025    .text               c_w.l(strstr.o)
    0x08008ed0   0x00000048   Code   RO         1027    .text               c_w.l(strcpy.o)
    0x08008f18   0x0000003e   Code   RO         1029    .text               c_w.l(strlen.o)
    0x08008f56   0x00000064   Code   RO         1031    .text               c_w.l(rt_memcpy_w.o)
    0x08008fba   0x0000004e   Code   RO         1033    .text               c_w.l(rt_memclr_w.o)
    0x08009008   0x00000080   Code   RO         1035    .text               c_w.l(strcmpv7m.o)
    0x08009088   0x00000006   Code   RO         1037    .text               c_w.l(heapauxi.o)
    0x0800908e   0x00000002   Code   RO         1099    .text               c_w.l(use_no_semi.o)
    0x08009090   0x00000008   Code   RO         1105    .text               c_w.l(rt_errno_addr_intlibspace.o)
    0x08009098   0x000000b2   Code   RO         1107    .text               c_w.l(_printf_intcommon.o)
    0x0800914a   0x0000002c   Code   RO         1109    .text               c_w.l(_printf_char.o)
    0x08009176   0x00000002   PAD
    0x08009178   0x00000024   Code   RO         1111    .text               c_w.l(_printf_char_file.o)
    0x0800919c   0x00000070   Code   RO         1114    .text               c_w.l(strtol.o)
    0x0800920c   0x00000044   Code   RO         1116    .text               c_w.l(strtok_int.o)
    0x08009250   0x00000008   Code   RO         1131    .text               c_w.l(libspace.o)
    0x08009258   0x00000010   Code   RO         1149    .text               c_w.l(rt_ctype_table.o)
    0x08009268   0x00000030   Code   RO         1151    .text               c_w.l(_printf_char_common.o)
    0x08009298   0x0000009e   Code   RO         1153    .text               c_w.l(_strtoul.o)
    0x08009336   0x00000008   Code   RO         1155    .text               c_w.l(ferror.o)
    0x0800933e   0x00000020   Code   RO         1159    .text               c_w.l(strcspn.o)
    0x0800935e   0x0000001c   Code   RO         1161    .text               c_w.l(strspn.o)
    0x0800937a   0x0000004a   Code   RO         1163    .text               c_w.l(sys_stackheap_outer.o)
    0x080093c4   0x00000008   Code   RO         1168    .text               c_w.l(rt_locale_intlibspace.o)
    0x080093cc   0x0000001c   Code   RO         1172    .text               c_w.l(_chval.o)
    0x080093e8   0x00000012   Code   RO         1177    .text               c_w.l(exit.o)
    0x080093fa   0x0000000e   Code   RO         1007    i._is_digit         c_w.l(__printf_wp.o)
    0x08009408   0x0000002c   Code   RO         1175    locale$$code        c_w.l(lc_ctype_c.o)
    0x08009434   0x00000062   Code   RO         1041    x$fpl$d2f           fz_ws.l(d2f.o)
    0x08009496   0x00000002   PAD
    0x08009498   0x00000150   Code   RO         1043    x$fpl$dadd          fz_ws.l(daddsub_clz.o)
    0x080095e8   0x00000018   Code   RO         1118    x$fpl$dcmpinf       fz_ws.l(dcmpi.o)
    0x08009600   0x000002b0   Code   RO         1050    x$fpl$ddiv          fz_ws.l(ddiv.o)
    0x080098b0   0x0000005e   Code   RO         1053    x$fpl$dfix          fz_ws.l(dfix.o)
    0x0800990e   0x00000002   PAD
    0x08009910   0x0000005a   Code   RO         1057    x$fpl$dfixu         fz_ws.l(dfixu.o)
    0x0800996a   0x00000026   Code   RO         1061    x$fpl$dfltu         fz_ws.l(dflt_clz.o)
    0x08009990   0x00000078   Code   RO         1067    x$fpl$dleqf         fz_ws.l(dleqf.o)
    0x08009a08   0x00000154   Code   RO         1069    x$fpl$dmul          fz_ws.l(dmul.o)
    0x08009b5c   0x0000009c   Code   RO         1120    x$fpl$dnaninf       fz_ws.l(dnaninf.o)
    0x08009bf8   0x0000000c   Code   RO         1122    x$fpl$dretinf       fz_ws.l(dretinf.o)
    0x08009c04   0x0000006c   Code   RO         1071    x$fpl$drleqf        fz_ws.l(drleqf.o)
    0x08009c70   0x00000016   Code   RO         1044    x$fpl$drsb          fz_ws.l(daddsub_clz.o)
    0x08009c86   0x00000002   PAD
    0x08009c88   0x000001d4   Code   RO         1045    x$fpl$dsub          fz_ws.l(daddsub_clz.o)
    0x08009e5c   0x00000056   Code   RO         1073    x$fpl$f2d           fz_ws.l(f2d.o)
    0x08009eb2   0x00000002   PAD
    0x08009eb4   0x000000c4   Code   RO         1075    x$fpl$fadd          fz_ws.l(faddsub_clz.o)
    0x08009f78   0x00000018   Code   RO         1124    x$fpl$fcmpinf       fz_ws.l(fcmpi.o)
    0x08009f90   0x00000068   Code   RO         1081    x$fpl$feqf          fz_ws.l(feqf.o)
    0x08009ff8   0x00000036   Code   RO         1083    x$fpl$ffix          fz_ws.l(ffix.o)
    0x0800a02e   0x00000002   PAD
    0x0800a030   0x00000030   Code   RO         1088    x$fpl$fflt          fz_ws.l(fflt_clz.o)
    0x0800a060   0x00000026   Code   RO         1087    x$fpl$ffltu         fz_ws.l(fflt_clz.o)
    0x0800a086   0x00000002   PAD
    0x0800a088   0x00000068   Code   RO         1093    x$fpl$fleqf         fz_ws.l(fleqf.o)
    0x0800a0f0   0x00000102   Code   RO         1095    x$fpl$fmul          fz_ws.l(fmul.o)
    0x0800a1f2   0x0000008c   Code   RO         1126    x$fpl$fnaninf       fz_ws.l(fnaninf.o)
    0x0800a27e   0x0000000a   Code   RO         1128    x$fpl$fretinf       fz_ws.l(fretinf.o)
    0x0800a288   0x00000062   Code   RO         1097    x$fpl$frleqf        fz_ws.l(frleqf.o)
    0x0800a2ea   0x00000014   Code   RO         1076    x$fpl$frsb          fz_ws.l(faddsub_clz.o)
    0x0800a2fe   0x00000002   PAD
    0x0800a300   0x000000ea   Code   RO         1077    x$fpl$fsub          fz_ws.l(faddsub_clz.o)
    0x0800a3ea   0x00000000   Code   RO         1130    x$fpl$usenofp       fz_ws.l(usenofp.o)
    0x0800a3ea   0x000017c0   Data   RO          227    .constdata          lcd.o
    0x0800bbaa   0x00000005   Data   RO          285    .constdata          cli.o
    0x0800bbaf   0x00000001   PAD
    0x0800bbb0   0x0000001c   Data   RO          578    .constdata          stm32f4xx_fsmc.o
    0x0800bbcc   0x00000100   Data   RO          681    .constdata          bitmap.o
    0x0800bccc   0x00000011   Data   RO         1010    .constdata          c_w.l(__printf_flags_wp.o)
    0x0800bcdd   0x00000003   PAD
    0x0800bce0   0x000005dc   Data   RO          286    .conststring        cli.o
    0x0800c2bc   0x00000230   Data   RO          402    .conststring        monitor.o
    0x0800c4ec   0x00000020   Data   RO         1303    Region$$Table       anon$$obj.o
    0x0800c50c   0x00000110   Data   RO         1174    locale$$data        c_w.l(lc_ctype_c.o)


    Execution Region RW_IRAM1 (Base: 0x20000000, Size: 0x00008060, Max: 0x00020000, ABSOLUTE)

    Base Addr    Size         Type   Attr      Idx    E Section Name        Object

    0x20000000   0x00000010   Data   RW            5    .data               application.o
    0x20000010   0x00000004   Data   RW          228    .data               lcd.o
    0x20000014   0x00000009   Data   RW          258    .data               button.o
    0x2000001d   0x00000003   PAD
    0x20000020   0x0000001c   Data   RW          431    .data               uart.o
    0x2000003c   0x00000014   Data   RW          490    .data               system_stm32f4xx.o
    0x20000050   0x00000010   Data   RW          601    .data               stm32f4xx_rcc.o
    0x20000060   0x00000001   Data   RW          696    .data               lock.o
    0x20000061   0x00000001   Data   RW          785    .data               rt_hooks.o
    0x20000062   0x00000002   PAD
    0x20000064   0x00000018   Data   RW          814    .data               rt_idletask.o
    0x2000007c   0x00000010   Data   RW          880    .data               rt_task.o
    0x2000008c   0x00000004   Data   RW         1023    .data               c_w.l(strtok.o)
    0x20000090   0x00004180   Zero   RW            4    .bss                application.o
    0x20004210   0x0000000e   Zero   RW          226    .bss                lcd.o
    0x2000421e   0x00000002   PAD
    0x20004220   0x0000003c   Zero   RW          257    .bss                button.o
    0x2000425c   0x00000924   Zero   RW          284    .bss                cli.o
    0x20004b80   0x00000260   Zero   RW          321    .bss                exevent.o
    0x20004de0   0x00000860   Zero   RW          401    .bss                monitor.o
    0x20005640   0x000000d0   Zero   RW          430    .bss                uart.o
    0x20005710   0x00000018   Zero   RW          720    .bss                main_1.o
    0x20005728   0x00001060   Zero   RW          813    .bss                rt_idletask.o
    0x20006788   0x000001c0   Zero   RW          879    .bss                rt_task.o
    0x20006948   0x0000000c   Zero   RW          905    .bss                rt_time.o
    0x20006954   0x000010a8   Zero   RW          928    .bss                rt_timer.o
    0x200079fc   0x00000060   Zero   RW         1132    .bss                c_w.l(libspace.o)
    0x20007a5c   0x00000004   PAD
    0x20007a60   0x00000200   Zero   RW          481    HEAP                startup_stm32f40_41xxx.o
    0x20007c60   0x00000400   Zero   RW          480    STACK               startup_stm32f40_41xxx.o


==============================================================================

Image component sizes


      Code (inc. data)   RO Data    RW Data    ZI Data      Debug   Object Name

       640        166          0         16      16768     289512   application.o
       144          4        256          0          0       1848   bitmap.o
       292         30          0          9         60       1584   button.o
      5036       2020       1505          0       2340       9174   cli.o
       188         76          0          0        608       1252   exevent.o
       184          8          0          0          0       1105   exio.o
       404         44          0          0          0       1441   intertemperature.o
     13912        120       6080          4         14      18770   lcd.o
       288         22          0          0          0       1170   light.o
       112          6          0          1          0       2799   lock.o
       152         46          0          0         24        831   main_1.o
      2532        986        560          0       2144       4441   monitor.o
        88         14          0          0          0      26964   rt_cpu.o
       516          4          0          0          0       3651   rt_eflaggroup.o
       498          0          0          0          0       3434   rt_event.o
        20          4          0          1          0       2645   rt_hooks.o
       252         24          0         24       4192       1787   rt_idletask.o
       312          0          0          0          0       3905   rt_list.o
      1008         34          0         16        448       6476   rt_task.o
       244         12          0          0         12       3051   rt_time.o
       704         42          0          0       4264       3707   rt_timer.o
       316          6          0          0          0       2364   semaphore.o
        64         26        392          0       1536        776   startup_stm32f40_41xxx.o
      1124         24          0          0          0      10378   stm32f4xx_adc.o
      1480         18         28          0          0       5478   stm32f4xx_fsmc.o
       660         44          0          0          0       3897   stm32f4xx_gpio.o
      1628         52          0         16          0      12816   stm32f4xx_rcc.o
      1108         34          0          0          0       7620   stm32f4xx_usart.o
       144         20          0          0          0       2516   switch.o
       512         44          0         20          0       1599   system_stm32f4xx.o
       720         48          0         28        208      31052   uart.o

    ----------------------------------------------------------------------
     35284       3978       8854        140      32620     468043   Object Totals
         0          0         32          0          0          0   (incl. Generated)
         2          0          1          5          2          0   (incl. Padding)

    ----------------------------------------------------------------------

      Code (inc. data)   RO Data    RW Data    ZI Data      Debug   Library Member Name

         8          0          0          0          0         68   __main.o
       312          4         17          0          0         92   __printf_flags_wp.o
        14          0          0          0          0         68   __printf_wp.o
         0          0          0          0          0          0   __rtentry.o
        12          0          0          0          0          0   __rtentry2.o
         6          0          0          0          0          0   __rtentry4.o
        52          8          0          0          0          0   __scatter.o
        26          0          0          0          0          0   __scatter_copy.o
        28          0          0          0          0          0   __scatter_zi.o
        28          0          0          0          0         68   _chval.o
        44          0          0          0          0        108   _printf_char.o
        48          6          0          0          0         96   _printf_char_common.o
        36          4          0          0          0         80   _printf_char_file.o
         6          0          0          0          0          0   _printf_d.o
       120         16          0          0          0         92   _printf_dec.o
       178          0          0          0          0         88   _printf_intcommon.o
        78          0          0          0          0        108   _printf_pad.o
         0          0          0          0          0          0   _printf_percent.o
         4          0          0          0          0          0   _printf_percent_end.o
         6          0          0          0          0          0   _printf_s.o
        82          0          0          0          0         80   _printf_str.o
       158          0          0          0          0         92   _strtoul.o
        26          0          0          0          0         80   atoi.o
        18          0          0          0          0         80   exit.o
         8          0          0          0          0         68   ferror.o
         6          0          0          0          0        152   heapauxi.o
        44         10        272          0          0         76   lc_ctype_c.o
         2          0          0          0          0          0   libinit.o
        20          0          0          0          0          0   libinit2.o
         2          0          0          0          0          0   libshutdown.o
         2          0          0          0          0          0   libshutdown2.o
         8          4          0          0         96         68   libspace.o
        24          4          0          0          0         84   noretval__2printf.o
        16          4          0          0          0         76   rt_ctype_table.o
         8          4          0          0          0         68   rt_errno_addr_intlibspace.o
         8          4          0          0          0         68   rt_locale_intlibspace.o
        78          0          0          0          0         80   rt_memclr_w.o
       100          0          0          0          0         80   rt_memcpy_w.o
         2          0          0          0          0          0   rtexit.o
        10          0          0          0          0          0   rtexit2.o
       128          0          0          0          0         68   strcmpv7m.o
        72          0          0          0          0         80   strcpy.o
        32          0          0          0          0         80   strcspn.o
        62          0          0          0          0         76   strlen.o
        28          0          0          0          0         80   strspn.o
        36          0          0          0          0         80   strstr.o
        12          6          0          4          0         68   strtok.o
        68          4          0          0          0         84   strtok_int.o
       112          0          0          0          0         88   strtol.o
        74          0          0          0          0         80   sys_stackheap_outer.o
         2          0          0          0          0         68   use_no_semi.o
         2          0          0          0          0         68   use_no_semi_2.o
        98          4          0          0          0         92   d2f.o
       826         16          0          0          0        348   daddsub_clz.o
        24          0          0          0          0         68   dcmpi.o
       688        140          0          0          0        208   ddiv.o
        94          4          0          0          0         92   dfix.o
        90          4          0          0          0         92   dfixu.o
        38          0          0          0          0         68   dflt_clz.o
       120          4          0          0          0         92   dleqf.o
       340         12          0          0          0        104   dmul.o
       156          4          0          0          0         92   dnaninf.o
        12          0          0          0          0         68   dretinf.o
       108          0          0          0          0         80   drleqf.o
        86          4          0          0          0         84   f2d.o
       450          8          0          0          0        236   faddsub_clz.o
        24          0          0          0          0         68   fcmpi.o
       104          4          0          0          0         84   feqf.o
        54          4          0          0          0         84   ffix.o
        86          0          0          0          0        136   fflt_clz.o
       104          4          0          0          0         84   fleqf.o
       258          4          0          0          0         84   fmul.o
       140          4          0          0          0         84   fnaninf.o
        10          0          0          0          0         68   fretinf.o
        98          0          0          0          0         68   frleqf.o
         0          0          0          0          0          0   usenofp.o

    ----------------------------------------------------------------------
      6286        298        292          4        100       5424   Library Totals
        22          0          3          0          4          0   (incl. Padding)

    ----------------------------------------------------------------------

      Code (inc. data)   RO Data    RW Data    ZI Data      Debug   Library Name

      2256         78        289          4         96       2940   c_w.l
      4008        220          0          0          0       2484   fz_ws.l

    ----------------------------------------------------------------------
      6286        298        292          4        100       5424   Library Totals

    ----------------------------------------------------------------------

==============================================================================


      Code (inc. data)   RO Data    RW Data    ZI Data      Debug   

     41570       4276       9146        144      32720     467379   Grand Totals
     41570       4276       9146        144      32720     467379   ELF Image Totals
     41570       4276       9146        144          0          0   ROM Totals

==============================================================================

    Total RO  Size (Code + RO Data)                50716 (  49.53kB)
    Total RW  Size (RW Data + ZI Data)             32864 (  32.09kB)
    Total ROM Size (Code + RO Data + RW Data)      50860 (  49.67kB)

==============================================================================

