Component: ARM Compiler 5.06 update 3 (build 300) Tool: armlink [4d35c9]

==============================================================================

Section Cross References

    main.o(i.main) refers to main.o(i.rtosInit) for rtosInit
    main.o(i.main) refers to application.o(i.appInit) for appInit
    main.o(i.main) refers to rt_task.o(i.getHighestReadyTask) for getHighestReadyTask
    main.o(i.main) refers to switch.o(i.runFirstTask2) for runFirstTask2
    main.o(i.main) refers to rt_task.o(.data) for nextTask
    main.o(i.rtosInit) refers to lock.o(i.schedLockInit) for schedLockInit
    main.o(i.rtosInit) refers to bitmap.o(i.bitmapInit) for bitmapInit
    main.o(i.rtosInit) refers to rt_task.o(i.taskDelayedListInit) for taskDelayedListInit
    main.o(i.rtosInit) refers to rt_list.o(i.listHeadInit) for listHeadInit
    main.o(i.rtosInit) refers to rt_task.o(i.taskInit) for taskInit
    main.o(i.rtosInit) refers to rt_timer.o(i.timerFuncInit) for timerFuncInit
    main.o(i.rtosInit) refers to rt_task.o(.data) for taskPriorityBitmap
    main.o(i.rtosInit) refers to rt_task.o(.bss) for taskTable
    main.o(i.rtosInit) refers to rt_task.o(i.idleTaskEntry) for idleTaskEntry
    switch.o(.emb_text) refers to rt_task.o(.data) for currentTask
    switch.o(i.runFirstTask2) refers to rt_task.o(.bss) for idleTaskEnv
    switch.o(i.runFirstTask2) refers to rt_task.o(.data) for currentTask
    lock.o(i.lockSched) refers to lock.o(i.enterCritical) for enterCritical
    lock.o(i.lockSched) refers to lock.o(i.leaveCritical) for leaveCritical
    lock.o(i.lockSched) refers to lock.o(.data) for schedLockCount
    lock.o(i.schedLockInit) refers to lock.o(.data) for schedLockCount
    lock.o(i.unlockSched) refers to lock.o(i.enterCritical) for enterCritical
    lock.o(i.unlockSched) refers to rt_task.o(i.taskSched) for taskSched
    lock.o(i.unlockSched) refers to lock.o(i.leaveCritical) for leaveCritical
    lock.o(i.unlockSched) refers to lock.o(.data) for schedLockCount
    bitmap.o(i.bitmapClear) refers to assert.o(.text) for __aeabi_assert
    bitmap.o(i.bitmapGetFirstSet) refers to bitmap.o(i.bitmapPosCount) for bitmapPosCount
    bitmap.o(i.bitmapGetFirstSet) refers to bitmap.o(.constdata) for quickFindTable
    bitmap.o(i.bitmapSet) refers to assert.o(.text) for __aeabi_assert
    rt_task.o(i.getHighestReadyTask) refers to bitmap.o(i.bitmapGetFirstSet) for bitmapGetFirstSet
    rt_task.o(i.getHighestReadyTask) refers to rt_list.o(i.getFirstListNode) for getFirstListNode
    rt_task.o(i.getHighestReadyTask) refers to rt_task.o(.data) for taskPriorityBitmap
    rt_task.o(i.getHighestReadyTask) refers to rt_task.o(.bss) for taskTable
    rt_task.o(i.taskDelayedListInit) refers to rt_list.o(i.listHeadInit) for listHeadInit
    rt_task.o(i.taskDelayedListInit) refers to rt_time.o(.bss) for taskDelayedList
    rt_task.o(i.taskDeleteSelf) refers to lock.o(i.enterCritical) for enterCritical
    rt_task.o(i.taskDeleteSelf) refers to rt_task.o(i.taskSched2Unready) for taskSched2Unready
    rt_task.o(i.taskDeleteSelf) refers to rt_task.o(i.taskSched) for taskSched
    rt_task.o(i.taskDeleteSelf) refers to lock.o(i.leaveCritical) for leaveCritical
    rt_task.o(i.taskDeleteSelf) refers to rt_task.o(.data) for currentTask
    rt_task.o(i.taskForceDelete) refers to lock.o(i.enterCritical) for enterCritical
    rt_task.o(i.taskForceDelete) refers to rt_task.o(i.taskSched2Undelay) for taskSched2Undelay
    rt_task.o(i.taskForceDelete) refers to rt_task.o(i.taskSched2Unready) for taskSched2Unready
    rt_task.o(i.taskForceDelete) refers to rt_task.o(i.taskSched) for taskSched
    rt_task.o(i.taskForceDelete) refers to lock.o(i.leaveCritical) for leaveCritical
    rt_task.o(i.taskForceDelete) refers to rt_task.o(.data) for currentTask
    rt_task.o(i.taskGetInfo) refers to lock.o(i.enterCritical) for enterCritical
    rt_task.o(i.taskGetInfo) refers to lock.o(i.leaveCritical) for leaveCritical
    rt_task.o(i.taskInit) refers to rt_list.o(i.listNodeInit) for listNodeInit
    rt_task.o(i.taskInit) refers to rt_task.o(i.taskSched2Ready) for taskSched2Ready
    rt_task.o(i.taskSched) refers to lock.o(i.enterCritical) for enterCritical
    rt_task.o(i.taskSched) refers to lock.o(i.leaveCritical) for leaveCritical
    rt_task.o(i.taskSched) refers to rt_task.o(i.getHighestReadyTask) for getHighestReadyTask
    rt_task.o(i.taskSched) refers to switch.o(i.taskSwitch) for taskSwitch
    rt_task.o(i.taskSched) refers to lock.o(.data) for schedLockCount
    rt_task.o(i.taskSched) refers to rt_task.o(.data) for currentTask
    rt_task.o(i.taskSched2Delay) refers to rt_list.o(i.listNodeInsert2Head) for listNodeInsert2Head
    rt_task.o(i.taskSched2Delay) refers to rt_task.o(.data) for currentTask
    rt_task.o(i.taskSched2Delay) refers to rt_time.o(.bss) for taskDelayedList
    rt_task.o(i.taskSched2Ready) refers to rt_list.o(i.listNodeInsert2Tail) for listNodeInsert2Tail
[...]
    rt_time.o(i.taskTimeSliceHandler) refers to rt_task.o(.bss) for taskTable
    semaphore.o(i.semDestory) refers to lock.o(i.enterCritical) for enterCritical
    semaphore.o(i.semDestory) refers to rt_event.o(i.eventRemoveAllTask) for eventRemoveAllTask
    semaphore.o(i.semDestory) refers to rt_task.o(i.taskSched) for taskSched
    semaphore.o(i.semDestory) refers to lock.o(i.leaveCritical) for leaveCritical
    semaphore.o(i.semGetInfo) refers to lock.o(i.enterCritical) for enterCritical
    semaphore.o(i.semGetInfo) refers to rt_event.o(i.eventGetWaitNum) for eventGetWaitNum
    semaphore.o(i.semGetInfo) refers to lock.o(i.leaveCritical) for leaveCritical
    semaphore.o(i.semGetWithNoWait) refers to lock.o(i.enterCritical) for enterCritical
    semaphore.o(i.semGetWithNoWait) refers to lock.o(i.leaveCritical) for leaveCritical
    semaphore.o(i.semInit) refers to rt_event.o(i.eventInit) for eventInit
    semaphore.o(i.semPost) refers to lock.o(i.enterCritical) for enterCritical
    semaphore.o(i.semPost) refers to rt_event.o(i.eventGetWaitNum) for eventGetWaitNum
    semaphore.o(i.semPost) refers to rt_event.o(i.eventWakeUp) for eventWakeUp
    semaphore.o(i.semPost) refers to rt_task.o(i.taskSched) for taskSched
    semaphore.o(i.semPost) refers to lock.o(i.leaveCritical) for leaveCritical
    semaphore.o(i.semPost) refers to rt_task.o(.data) for currentTask
    semaphore.o(i.semWait) refers to lock.o(i.enterCritical) for enterCritical
    semaphore.o(i.semWait) refers to lock.o(i.leaveCritical) for leaveCritical
    semaphore.o(i.semWait) refers to rt_event.o(i.eventWait) for eventWait
    semaphore.o(i.semWait) refers to rt_task.o(i.taskSched) for taskSched
    semaphore.o(i.semWait) refers to rt_task.o(.data) for currentTask
    rt_memblock.o(i.memBlockDestory) refers to lock.o(i.enterCritical) for enterCritical
    rt_memblock.o(i.memBlockDestory) refers to rt_event.o(i.eventRemoveAllTask) for eventRemoveAllTask
    rt_memblock.o(i.memBlockDestory) refers to rt_task.o(i.taskSched) for taskSched
    rt_memblock.o(i.memBlockDestory) refers to lock.o(i.leaveCritical) for leaveCritical
    rt_memblock.o(i.memBlockGetInfo) refers to lock.o(i.enterCritical) for enterCritical
    rt_memblock.o(i.memBlockGetInfo) refers to rt_list.o(i.getListNodeNum) for getListNodeNum
    rt_memblock.o(i.memBlockGetInfo) refers to rt_event.o(i.eventGetWaitNum) for eventGetWaitNum
    rt_memblock.o(i.memBlockGetInfo) refers to lock.o(i.leaveCritical) for leaveCritical
    rt_memblock.o(i.memBlockGetWithNoWait) refers to lock.o(i.enterCritical) for enterCritical
    rt_memblock.o(i.memBlockGetWithNoWait) refers to rt_list.o(i.getListNodeNum) for getListNodeNum
    rt_memblock.o(i.memBlockGetWithNoWait) refers to rt_list.o(i.listRemoveFirst) for listRemoveFirst
    rt_memblock.o(i.memBlockGetWithNoWait) refers to lock.o(i.leaveCritical) for leaveCritical
    rt_memblock.o(i.memBlockInit) refers to rt_event.o(i.eventInit) for eventInit
    rt_memblock.o(i.memBlockInit) refers to rt_list.o(i.listHeadInit) for listHeadInit
    rt_memblock.o(i.memBlockInit) refers to rt_list.o(i.listNodeInit) for listNodeInit
    rt_memblock.o(i.memBlockInit) refers to rt_list.o(i.listNodeInsert2Tail) for listNodeInsert2Tail
    rt_memblock.o(i.memBlockPost) refers to lock.o(i.enterCritical) for enterCritical
    rt_memblock.o(i.memBlockPost) refers to rt_event.o(i.eventGetWaitNum) for eventGetWaitNum
    rt_memblock.o(i.memBlockPost) refers to rt_event.o(i.eventWakeUp) for eventWakeUp
    rt_memblock.o(i.memBlockPost) refers to rt_task.o(i.taskSched) for taskSched
    rt_memblock.o(i.memBlockPost) refers to lock.o(i.leaveCritical) for leaveCritical
    rt_memblock.o(i.memBlockPost) refers to rt_list.o(i.listNodeInsert2Tail) for listNodeInsert2Tail
    rt_memblock.o(i.memBlockPost) refers to rt_task.o(.data) for currentTask
    rt_memblock.o(i.memBlockWait) refers to lock.o(i.enterCritical) for enterCritical
    rt_memblock.o(i.memBlockWait) refers to rt_list.o(i.getListNodeNum) for getListNodeNum
    rt_memblock.o(i.memBlockWait) refers to rt_list.o(i.listRemoveFirst) for listRemoveFirst
    rt_memblock.o(i.memBlockWait) refers to lock.o(i.leaveCritical) for leaveCritical
    rt_memblock.o(i.memBlockWait) refers to rt_event.o(i.eventWait) for eventWait
    rt_memblock.o(i.memBlockWait) refers to rt_task.o(i.taskSched) for taskSched
    rt_memblock.o(i.memBlockWait) refers to rt_task.o(.data) for currentTask
    rt_eflaggroup.o(i.eFlagGroupDestory) refers to lock.o(i.enterCritical) for enterCritical
    rt_eflaggroup.o(i.eFlagGroupDestory) refers to rt_event.o(i.eventRemoveAllTask) for eventRemoveAllTask
    rt_eflaggroup.o(i.eFlagGroupDestory) refers to rt_task.o(i.taskSched) for taskSched
    rt_eflaggroup.o(i.eFlagGroupDestory) refers to lock.o(i.leaveCritical) for leaveCritical
    rt_eflaggroup.o(i.eFlagGroupGetInfo) refers to lock.o(i.enterCritical) for enterCritical
    rt_eflaggroup.o(i.eFlagGroupGetInfo) refers to rt_list.o(i.getListNodeNum) for getListNodeNum
    rt_eflaggroup.o(i.eFlagGroupGetInfo) refers to lock.o(i.leaveCritical) for leaveCritical
    rt_eflaggroup.o(i.eFlagGroupGetWithNoWait) refers to lock.o(i.enterCritical) for enterCritical
    rt_eflaggroup.o(i.eFlagGroupGetWithNoWait) refers to rt_eflaggroup.o(i.eFlagGroupCheckExpected) for eFlagGroupCheckExpected
    rt_eflaggroup.o(i.eFlagGroupGetWithNoWait) refers to lock.o(i.leaveCritical) for leaveCritical
    rt_eflaggroup.o(i.eFlagGroupInit) refers to rt_event.o(i.eventInit) for eventInit
    rt_eflaggroup.o(i.eFlagGroupPost) refers to lock.o(i.enterCritical) for enterCritical
    rt_eflaggroup.o(i.eFlagGroupPost) refers to rt_eflaggroup.o(i.eFlagGroupCheckExpected) for eFlagGroupCheckExpected
    rt_eflaggroup.o(i.eFlagGroupPost) refers to rt_event.o(i.eventWakeUpGivenTask) for eventWakeUpGivenTask
    rt_eflaggroup.o(i.eFlagGroupPost) refers to rt_task.o(i.taskSched) for taskSched
    rt_eflaggroup.o(i.eFlagGroupPost) refers to lock.o(i.leaveCritical) for leaveCritical
    rt_eflaggroup.o(i.eFlagGroupPost) refers to rt_task.o(.data) for currentTask
    rt_eflaggroup.o(i.eFlagGroupWait) refers to lock.o(i.enterCritical) for enterCritical
    rt_eflaggroup.o(i.eFlagGroupWait) refers to rt_eflaggroup.o(i.eFlagGroupCheckExpected) for eFlagGroupCheckExpected
    rt_eflaggroup.o(i.eFlagGroupWait) refers to rt_event.o(i.eventWait) for eventWait
    rt_eflaggroup.o(i.eFlagGroupWait) refers to rt_task.o(i.taskSched) for taskSched
    rt_eflaggroup.o(i.eFlagGroupWait) refers to lock.o(i.leaveCritical) for leaveCritical
    rt_eflaggroup.o(i.eFlagGroupWait) refers to rt_task.o(.data) for currentTask
    rt_mutex.o(i.mutexDestory) refers to lock.o(i.enterCritical) for enterCritical
    rt_mutex.o(i.mutexDestory) refers to lock.o(i.leaveCritical) for leaveCritical
    rt_mutex.o(i.mutexDestory) refers to rt_task.o(i.taskSched2Unready) for taskSched2Unready
    rt_mutex.o(i.mutexDestory) refers to rt_task.o(i.taskSched2Ready) for taskSched2Ready
    rt_mutex.o(i.mutexDestory) refers to rt_event.o(i.eventRemoveAllTask) for eventRemoveAllTask
    rt_mutex.o(i.mutexDestory) refers to rt_task.o(i.taskSched) for taskSched
    rt_mutex.o(i.mutexGetInfo) refers to lock.o(i.enterCritical) for enterCritical
    rt_mutex.o(i.mutexGetInfo) refers to rt_event.o(i.eventGetWaitNum) for eventGetWaitNum
    rt_mutex.o(i.mutexGetInfo) refers to lock.o(i.leaveCritical) for leaveCritical
    rt_mutex.o(i.mutexGetInfo) refers to rt_memcpy_w.o(.text) for __aeabi_memcpy4
    rt_mutex.o(i.mutexGetWithNoWait) refers to lock.o(i.enterCritical) for enterCritical
    rt_mutex.o(i.mutexGetWithNoWait) refers to lock.o(i.leaveCritical) for leaveCritical
    rt_mutex.o(i.mutexGetWithNoWait) refers to rt_task.o(.data) for currentTask
    rt_mutex.o(i.mutexInit) refers to rt_event.o(i.eventInit) for eventInit
    rt_mutex.o(i.mutexPost) refers to lock.o(i.enterCritical) for enterCritical
    rt_mutex.o(i.mutexPost) refers to lock.o(i.leaveCritical) for leaveCritical
    rt_mutex.o(i.mutexPost) refers to rt_task.o(i.taskSched2Unready) for taskSched2Unready
    rt_mutex.o(i.mutexPost) refers to rt_task.o(i.taskSched2Ready) for taskSched2Ready
    rt_mutex.o(i.mutexPost) refers to rt_event.o(i.eventWakeUp) for eventWakeUp
    rt_mutex.o(i.mutexPost) refers to rt_task.o(i.taskSched) for taskSched
    rt_mutex.o(i.mutexPost) refers to rt_task.o(.data) for currentTask
    rt_mutex.o(i.mutexWait) refers to lock.o(i.enterCritical) for enterCritical
    rt_mutex.o(i.mutexWait) refers to lock.o(i.leaveCritical) for leaveCritical
    rt_mutex.o(i.mutexWait) refers to rt_event.o(i.eventWait) for eventWait
    rt_mutex.o(i.mutexWait) refers to rt_task.o(i.taskSched) for taskSched
    rt_mutex.o(i.mutexWait) refers to rt_task.o(i.taskSched2Unready) for taskSched2Unready
    rt_mutex.o(i.mutexWait) refers to rt_task.o(i.taskSched2Ready) for taskSched2Ready
    rt_mutex.o(i.mutexWait) refers to rt_task.o(.data) for currentTask
    rt_timer.o(i.timerCallFuncList) refers to rt_list.o(i.listRemove) for listRemove
    rt_timer.o(i.timerDestory) refers to lock.o(i.enterCritical) for enterCritical
    rt_timer.o(i.timerDestory) refers to rt_list.o(i.listRemove) for listRemove
    rt_timer.o(i.timerDestory) refers to lock.o(i.leaveCritical) for leaveCritical
    rt_timer.o(i.timerDestory) refers to semaphore.o(i.semWait) for semWait
    rt_timer.o(i.timerDestory) refers to semaphore.o(i.semPost) for semPost
    rt_timer.o(i.timerDestory) refers to rt_timer.o(.bss) for timerStrictList
    rt_timer.o(i.timerFuncInit) refers to rt_list.o(i.listHeadInit) for listHeadInit
    rt_timer.o(i.timerFuncInit) refers to semaphore.o(i.semInit) for semInit
    rt_timer.o(i.timerFuncInit) refers to rt_task.o(i.taskInit) for taskInit
    rt_timer.o(i.timerFuncInit) refers to rt_timer.o(.bss) for timerStrictList
    rt_timer.o(i.timerFuncInit) refers to rt_timer.o(i.timerTaskFunc) for timerTaskFunc
    rt_timer.o(i.timerFuncPost) refers to rt_timer.o(i.timerCallFuncList) for timerCallFuncList
    rt_timer.o(i.timerFuncPost) refers to semaphore.o(i.semPost) for semPost
    rt_timer.o(i.timerFuncPost) refers to rt_timer.o(.bss) for timerStrictList
    rt_timer.o(i.timerGetInfo) refers to lock.o(i.enterCritical) for enterCritical
    rt_timer.o(i.timerGetInfo) refers to lock.o(i.leaveCritical) for leaveCritical
    rt_timer.o(i.timerGetInfo) refers to rt_memcpy_w.o(.text) for __aeabi_memcpy4
    rt_timer.o(i.timerInit) refers to rt_list.o(i.listNodeInit) for listNodeInit
    rt_timer.o(i.timerResume) refers to lock.o(i.enterCritical) for enterCritical
    rt_timer.o(i.timerResume) refers to rt_list.o(i.listNodeInsert2Tail) for listNodeInsert2Tail
    rt_timer.o(i.timerResume) refers to lock.o(i.leaveCritical) for leaveCritical
    rt_timer.o(i.timerResume) refers to semaphore.o(i.semWait) for semWait
    rt_timer.o(i.timerResume) refers to semaphore.o(i.semPost) for semPost
    rt_timer.o(i.timerResume) refers to rt_timer.o(.bss) for timerStrictList
    rt_timer.o(i.timerStart) refers to lock.o(i.enterCritical) for enterCritical
    rt_timer.o(i.timerStart) refers to rt_list.o(i.listNodeInsert2Tail) for listNodeInsert2Tail
    rt_timer.o(i.timerStart) refers to lock.o(i.leaveCritical) for leaveCritical
    rt_timer.o(i.timerStart) refers to semaphore.o(i.semWait) for semWait
    rt_timer.o(i.timerStart) refers to semaphore.o(i.semPost) for semPost
    rt_timer.o(i.timerStart) refers to rt_timer.o(.bss) for timerStrictList
    rt_timer.o(i.timerStop) refers to lock.o(i.enterCritical) for enterCritical
    rt_timer.o(i.timerStop) refers to rt_list.o(i.listRemove) for listRemove
    rt_timer.o(i.timerStop) refers to lock.o(i.leaveCritical) for leaveCritical
    rt_timer.o(i.timerStop) refers to semaphore.o(i.semWait) for semWait
    rt_timer.o(i.timerStop) refers to semaphore.o(i.semPost) for semPost
    rt_timer.o(i.timerStop) refers to rt_timer.o(.bss) for timerStrictList
    rt_timer.o(i.timerTaskFunc) refers to semaphore.o(i.semWait) for semWait
    rt_timer.o(i.timerTaskFunc) refers to rt_timer.o(i.timerCallFuncList) for timerCallFuncList
    rt_timer.o(i.timerTaskFunc) refers to semaphore.o(i.semPost) for semPost
    rt_timer.o(i.timerTaskFunc) refers to rt_timer.o(.bss) for semForTimerNotify
    startup_armcm3.o(STACK) refers (Special) to heapauxi.o(.text) for __use_two_region_memory
    startup_armcm3.o(HEAP) refers (Special) to heapauxi.o(.text) for __use_two_region_memory
    startup_armcm3.o(RESET) refers (Special) to heapauxi.o(.text) for __use_two_region_memory
    startup_armcm3.o(RESET) refers to startup_armcm3.o(STACK) for __initial_sp
    startup_armcm3.o(RESET) refers to startup_armcm3.o(.text) for Reset_Handler
    startup_armcm3.o(RESET) refers to switch.o(.emb_text) for PendSV_Handler
    startup_armcm3.o(RESET) refers to rt_time.o(i.SysTick_Handler) for SysTick_Handler
    startup_armcm3.o(.text) refers (Special) to heapauxi.o(.text) for __use_two_region_memory
    startup_armcm3.o(.text) refers to system_armcm3.o(i.SystemInit) for SystemInit
    startup_armcm3.o(.text) refers to __main.o(!!!main) for __main
    startup_armcm3.o(.text) refers to startup_armcm3.o(HEAP) for Heap_Mem
    startup_armcm3.o(.text) refers to startup_armcm3.o(STACK) for Stack_Mem
    system_armcm3.o(i.SystemCoreClockUpdate) refers to system_armcm3.o(.data) for SystemCoreClock
    system_armcm3.o(i.SystemInit) refers to system_armcm3.o(.data) for SystemCoreClock
    assert.o(.text) refers to assert_puts.o(.text) for __assert_puts
    assert.o(.text) refers to abort.o(.text) for abort
    __main.o(!!!main) refers to __rtentry.o(.ARM.Collect$$rtentry$$00000000) for __rt_entry
    __rtentry.o(.ARM.Collect$$rtentry$$00000000) refers (Special) to __rtentry2.o(.ARM.Collect$$rtentry$$0000000A) for __rt_entry_li
    __rtentry.o(.ARM.Collect$$rtentry$$00000000) refers (Special) to __rtentry2.o(.ARM.Collect$$rtentry$$0000000D) for __rt_entry_main
    __rtentry.o(.ARM.Collect$$rtentry$$00000000) refers (Special) to __rtentry2.o(.ARM.Collect$$rtentry$$0000000C) for __rt_entry_postli_1
    __rtentry.o(.ARM.Collect$$rtentry$$00000000) refers (Special) to __rtentry2.o(.ARM.Collect$$rtentry$$00000009) for __rt_entry_postsh_1
    __rtentry.o(.ARM.Collect$$rtentry$$00000000) refers (Special) to __rtentry2.o(.ARM.Collect$$rtentry$$00000002) for __rt_entry_presh_1
    __rtentry.o(.ARM.Collect$$rtentry$$00000000) refers (Special) to __rtentry4.o(.ARM.Collect$$rtentry$$00000004) for __rt_entry_sh
    abort.o(.text) refers to defsig_abrt_outer.o(.text) for __rt_SIGABRT
    abort.o(.text) refers (Weak) to libshutdown.o(.ARM.Collect$$libshutdown$$00000000) for __rt_lib_shutdown
    abort.o(.text) refers to sys_exit.o(.text) for _sys_exit
    assert_puts.o(.text) refers to sys_wrch.o(.text) for _ttywrch
    sys_wrch.o(.text) refers (Special) to use_no_semi.o(.text) for __I$use$semihosting
    sys_wrch.o(.text) refers (Special) to indicate_semi.o(.text) for __semihosting_library_function
    sys_exit.o(.text) refers (Special) to use_no_semi.o(.text) for __I$use$semihosting
    sys_exit.o(.text) refers (Special) to indicate_semi.o(.text) for __semihosting_library_function
    __rtentry2.o(.ARM.Collect$$rtentry$$00000008) refers to boardinit2.o(.text) for _platform_post_stackheap_init
    __rtentry2.o(.ARM.Collect$$rtentry$$0000000A) refers to libinit.o(.ARM.Collect$$libinit$$00000000) for __rt_lib_init
    __rtentry2.o(.ARM.Collect$$rtentry$$0000000B) refers to boardinit3.o(.text) for _platform_post_lib_init
    __rtentry2.o(.ARM.Collect$$rtentry$$0000000D) refers to main.o(i.main) for main
    __rtentry2.o(.ARM.Collect$$rtentry$$0000000D) refers to exit.o(.text) for exit
    __rtentry2.o(.ARM.exidx) refers to __rtentry2.o(.ARM.Collect$$rtentry$$00000001) for .ARM.Collect$$rtentry$$00000001
    __rtentry2.o(.ARM.exidx) refers to __rtentry2.o(.ARM.Collect$$rtentry$$00000008) for .ARM.Collect$$rtentry$$00000008
    __rtentry2.o(.ARM.exidx) refers to __rtentry2.o(.ARM.Collect$$rtentry$$0000000A) for .ARM.Collect$$rtentry$$0000000A
    __rtentry2.o(.ARM.exidx) refers to __rtentry2.o(.ARM.Collect$$rtentry$$0000000B) for .ARM.Collect$$rtentry$$0000000B
    __rtentry2.o(.ARM.exidx) refers to __rtentry2.o(.ARM.Collect$$rtentry$$0000000D) for .ARM.Collect$$rtentry$$0000000D
    __rtentry4.o(.ARM.Collect$$rtentry$$00000004) refers to sys_stackheap_outer.o(.text) for __user_setup_stackheap
    __rtentry4.o(.ARM.exidx) refers to __rtentry4.o(.ARM.Collect$$rtentry$$00000004) for .ARM.Collect$$rtentry$$00000004
    defsig_abrt_outer.o(.text) refers to defsig_abrt_inner.o(.text) for __rt_SIGABRT_inner
    defsig_abrt_outer.o(.text) refers to defsig_exit.o(.text) for __sig_exit
    defsig_abrt_formal.o(.text) refers to rt_raise.o(.text) for __rt_raise
    sys_stackheap_outer.o(.text) refers to libspace.o(.text) for __user_perproc_libspace
    sys_stackheap_outer.o(.text) refers to startup_armcm3.o(.text) for __user_initial_stackheap
    rt_raise.o(.text) refers to __raise.o(.text) for __raise
    rt_raise.o(.text) refers to sys_exit.o(.text) for _sys_exit
    exit.o(.text) refers to rtexit.o(.ARM.Collect$$rtexit$$00000000) for __rt_exit
    defsig_exit.o(.text) refers to sys_exit.o(.text) for _sys_exit
    defsig_abrt_inner.o(.text) refers to defsig_general.o(.text) for __default_signal_display
    libinit.o(.ARM.Collect$$libinit$$00000000) refers (Special) to libinit2.o(.ARM.Collect$$libinit$$0000002E) for __rt_lib_init_alloca_1
    libinit.o(.ARM.Collect$$libinit$$00000000) refers (Special) to libinit2.o(.ARM.Collect$$libinit$$0000002C) for __rt_lib_init_argv_1
    libinit.o(.ARM.Collect$$libinit$$00000000) refers (Special) to libinit2.o(.ARM.Collect$$libinit$$0000001B) for __rt_lib_init_atexit_1
    libinit.o(.ARM.Collect$$libinit$$00000000) refers (Special) to libinit2.o(.ARM.Collect$$libinit$$00000021) for __rt_lib_init_clock_1
    libinit.o(.ARM.Collect$$libinit$$00000000) refers (Special) to libinit2.o(.ARM.Collect$$libinit$$00000032) for __rt_lib_init_cpp_1
    libinit.o(.ARM.Collect$$libinit$$00000000) refers (Special) to libinit2.o(.ARM.Collect$$libinit$$00000030) for __rt_lib_init_exceptions_1
    libinit.o(.ARM.Collect$$libinit$$00000000) refers (Special) to libinit2.o(.ARM.Collect$$libinit$$00000002) for __rt_lib_init_fp_1
    libinit.o(.ARM.Collect$$libinit$$00000000) refers (Special) to libinit2.o(.ARM.Collect$$libinit$$0000001F) for __rt_lib_init_fp_trap_1
    libinit.o(.ARM.Collect$$libinit$$00000000) refers (Special) to libinit2.o(.ARM.Collect$$libinit$$00000023) for __rt_lib_init_getenv_1
    libinit.o(.ARM.Collect$$libinit$$00000000) refers (Special) to libinit2.o(.ARM.Collect$$libinit$$0000000A) for __rt_lib_init_heap_1
    libinit.o(.ARM.Collect$$libinit$$00000000) refers (Special) to libinit2.o(.ARM.Collect$$libinit$$00000011) for __rt_lib_init_lc_collate_1
    libinit.o(.ARM.Collect$$libinit$$00000000) refers (Special) to libinit2.o(.ARM.Collect$$libinit$$00000013) for __rt_lib_init_lc_ctype_1
    libinit.o(.ARM.Collect$$libinit$$00000000) refers (Special) to libinit2.o(.ARM.Collect$$libinit$$00000015) for __rt_lib_init_lc_monetary_1
    libinit.o(.ARM.Collect$$libinit$$00000000) refers (Special) to libinit2.o(.ARM.Collect$$libinit$$00000017) for __rt_lib_init_lc_numeric_1
    libinit.o(.ARM.Collect$$libinit$$00000000) refers (Special) to libinit2.o(.ARM.Collect$$libinit$$00000019) for __rt_lib_init_lc_time_1
    libinit.o(.ARM.Collect$$libinit$$00000000) refers (Special) to libinit2.o(.ARM.Collect$$libinit$$00000004) for __rt_lib_init_preinit_1
    libinit.o(.ARM.Collect$$libinit$$00000000) refers (Special) to libinit2.o(.ARM.Collect$$libinit$$0000000E) for __rt_lib_init_rand_1
    libinit.o(.ARM.Collect$$libinit$$00000000) refers (Special) to libinit2.o(.ARM.Collect$$libinit$$00000033) for __rt_lib_init_return
    libinit.o(.ARM.Collect$$libinit$$00000000) refers (Special) to libinit2.o(.ARM.Collect$$libinit$$0000001D) for __rt_lib_init_signal_1
    libinit.o(.ARM.Collect$$libinit$$00000000) refers (Special) to libinit2.o(.ARM.Collect$$libinit$$00000025) for __rt_lib_init_stdio_1
    libinit.o(.ARM.Collect$$libinit$$00000000) refers (Special) to libinit2.o(.ARM.Collect$$libinit$$0000000C) for __rt_lib_init_user_alloc_1
    libspace.o(.text) refers to libspace.o(.bss) for __libspace_start
    rtexit.o(.ARM.Collect$$rtexit$$00000000) refers (Special) to rtexit2.o(.ARM.Collect$$rtexit$$00000004) for __rt_exit_exit
    rtexit.o(.ARM.Collect$$rtexit$$00000000) refers (Special) to rtexit2.o(.ARM.Collect$$rtexit$$00000003) for __rt_exit_ls
    rtexit.o(.ARM.Collect$$rtexit$$00000000) refers (Special) to rtexit2.o(.ARM.Collect$$rtexit$$00000002) for __rt_exit_prels_1
    rtexit.o(.ARM.exidx) refers (Special) to rtexit2.o(.ARM.Collect$$rtexit$$00000004) for __rt_exit_exit
    rtexit.o(.ARM.exidx) refers (Special) to rtexit2.o(.ARM.Collect$$rtexit$$00000003) for __rt_exit_ls
    rtexit.o(.ARM.exidx) refers (Special) to rtexit2.o(.ARM.Collect$$rtexit$$00000002) for __rt_exit_prels_1
    rtexit.o(.ARM.exidx) refers to rtexit.o(.ARM.Collect$$rtexit$$00000000) for .ARM.Collect$$rtexit$$00000000
    __raise.o(.text) refers to defsig.o(CL$$defsig) for __default_signal_handler
    defsig_general.o(.text) refers to sys_wrch.o(.text) for _ttywrch
    libinit2.o(.ARM.Collect$$libinit$$00000010) refers to libinit2.o(.ARM.Collect$$libinit$$0000000F) for .ARM.Collect$$libinit$$0000000F
    libinit2.o(.ARM.Collect$$libinit$$00000012) refers to libinit2.o(.ARM.Collect$$libinit$$0000000F) for .ARM.Collect$$libinit$$0000000F
    libinit2.o(.ARM.Collect$$libinit$$00000014) refers to libinit2.o(.ARM.Collect$$libinit$$0000000F) for .ARM.Collect$$libinit$$0000000F
    libinit2.o(.ARM.Collect$$libinit$$00000016) refers to libinit2.o(.ARM.Collect$$libinit$$0000000F) for .ARM.Collect$$libinit$$0000000F
    libinit2.o(.ARM.Collect$$libinit$$00000018) refers to libinit2.o(.ARM.Collect$$libinit$$0000000F) for .ARM.Collect$$libinit$$0000000F
    libinit2.o(.ARM.Collect$$libinit$$00000026) refers to argv_veneer.o(.emb_text) for __ARM_argv_veneer
    libinit2.o(.ARM.Collect$$libinit$$00000027) refers to argv_veneer.o(.emb_text) for __ARM_argv_veneer
    rtexit2.o(.ARM.Collect$$rtexit$$00000003) refers to libshutdown.o(.ARM.Collect$$libshutdown$$00000000) for __rt_lib_shutdown
    rtexit2.o(.ARM.Collect$$rtexit$$00000004) refers to sys_exit.o(.text) for _sys_exit
    rtexit2.o(.ARM.exidx) refers to rtexit2.o(.ARM.Collect$$rtexit$$00000001) for .ARM.Collect$$rtexit$$00000001
    rtexit2.o(.ARM.exidx) refers to rtexit2.o(.ARM.Collect$$rtexit$$00000003) for .ARM.Collect$$rtexit$$00000003
    rtexit2.o(.ARM.exidx) refers to rtexit2.o(.ARM.Collect$$rtexit$$00000004) for .ARM.Collect$$rtexit$$00000004
    defsig.o(CL$$defsig) refers to defsig_abrt_inner.o(.text) for __rt_SIGABRT_inner
    defsig.o(CL$$defsig) refers to defsig_rtmem_inner.o(.text) for __rt_SIGRTMEM_inner
    argv_veneer.o(.emb_text) refers to no_argv.o(.text) for __ARM_get_argv
    defsig_fpe_inner.o(.text) refers to defsig_general.o(.text) for __default_signal_display
    defsig_rtred_inner.o(.text) refers to defsig_general.o(.text) for __default_signal_display
    defsig_rtmem_inner.o(.text) refers to defsig_general.o(.text) for __default_signal_display
    defsig_stak_inner.o(.text) refers to defsig_general.o(.text) for __default_signal_display
    defsig_pvfn_inner.o(.text) refers to defsig_general.o(.text) for __default_signal_display
    defsig_cppl_inner.o(.text) refers to defsig_general.o(.text) for __default_signal_display
    defsig_segv_inner.o(.text) refers to defsig_general.o(.text) for __default_signal_display
    defsig_other.o(.text) refers to defsig_general.o(.text) for __default_signal_display
    _get_argv_nomalloc.o(.text) refers (Special) to hrguard.o(.text) for __heap_region$guard
    _get_argv_nomalloc.o(.text) refers to defsig_rtmem_outer.o(.text) for __rt_SIGRTMEM
    _get_argv_nomalloc.o(.text) refers to sys_command.o(.text) for _sys_command_string
    libshutdown.o(.ARM.Collect$$libshutdown$$00000000) refers (Special) to libshutdown2.o(.ARM.Collect$$libshutdown$$00000002) for __rt_lib_shutdown_cpp_1
    libshutdown.o(.ARM.Collect$$libshutdown$$00000000) refers (Special) to libshutdown2.o(.ARM.Collect$$libshutdown$$00000007) for __rt_lib_shutdown_fp_trap_1
    libshutdown.o(.ARM.Collect$$libshutdown$$00000000) refers (Special) to libshutdown2.o(.ARM.Collect$$libshutdown$$0000000F) for __rt_lib_shutdown_heap_1
    libshutdown.o(.ARM.Collect$$libshutdown$$00000000) refers (Special) to libshutdown2.o(.ARM.Collect$$libshutdown$$00000010) for __rt_lib_shutdown_return
    libshutdown.o(.ARM.Collect$$libshutdown$$00000000) refers (Special) to libshutdown2.o(.ARM.Collect$$libshutdown$$0000000A) for __rt_lib_shutdown_signal_1
    libshutdown.o(.ARM.Collect$$libshutdown$$00000000) refers (Special) to libshutdown2.o(.ARM.Collect$$libshutdown$$00000004) for __rt_lib_shutdown_stdio_1
    libshutdown.o(.ARM.Collect$$libshutdown$$00000000) refers (Special) to libshutdown2.o(.ARM.Collect$$libshutdown$$0000000C) for __rt_lib_shutdown_user_alloc_1
    sys_command.o(.text) refers (Special) to use_no_semi.o(.text) for __I$use$semihosting
    sys_command.o(.text) refers (Special) to indicate_semi.o(.text) for __semihosting_library_function
    defsig_rtmem_outer.o(.text) refers to defsig_rtmem_inner.o(.text) for __rt_SIGRTMEM_inner
    defsig_rtmem_outer.o(.text) refers to defsig_exit.o(.text) for __sig_exit
    defsig_rtmem_formal.o(.text) refers to rt_raise.o(.text) for __rt_raise


==============================================================================

Removing Unused input sections from the image.

    Removing switch.o(.rev16_text), (4 bytes).
    Removing switch.o(.revsh_text), (4 bytes).
    Removing switch.o(.rrx_text), (6 bytes).
    Removing switch.o(i.runFirstTask), (28 bytes).
    Removing lock.o(.rev16_text), (4 bytes).
    Removing lock.o(.revsh_text), (4 bytes).
    Removing lock.o(.rrx_text), (6 bytes).
    Removing lock.o(i.lockSched), (40 bytes).
    Removing lock.o(i.unlockSched), (48 bytes).
    Removing rt_task.o(.rev16_text), (4 bytes).
    Removing rt_task.o(.revsh_text), (4 bytes).
    Removing rt_task.o(.rrx_text), (6 bytes).
    Removing rt_task.o(i.taskDeleteSelf), (56 bytes).
    Removing rt_task.o(i.taskForceDelete), (76 bytes).
    Removing rt_task.o(i.taskGetInfo), (44 bytes).
    Removing rt_task.o(i.taskIsRequestedDelete), (8 bytes).
    Removing rt_task.o(i.taskRequestDelete), (8 bytes).
    Removing rt_task.o(i.taskSetCleanCallFunc), (6 bytes).
    Removing rt_task.o(i.taskSuspend), (76 bytes).
    Removing rt_task.o(i.taskWakeUp), (68 bytes).
    Removing rt_list.o(i.getLastListNode), (14 bytes).
    Removing rt_list.o(i.getNextListNode), (16 bytes).
    Removing rt_list.o(i.getPrevListNode), (16 bytes).
    Removing rt_list.o(i.listClearALL), (34 bytes).
    Removing rt_list.o(i.listInsert), (88 bytes).
    Removing application.o(i.delay), (16 bytes).
    Removing rt_cpu.o(.rev16_text), (4 bytes).
    Removing rt_cpu.o(.revsh_text), (4 bytes).
    Removing rt_cpu.o(.rrx_text), (6 bytes).
    Removing rt_event.o(i.eventInsertTaskByPriority), (66 bytes).
    Removing rt_event.o(i.eventRemoveAllTask), (84 bytes).
    Removing rt_event.o(i.eventWakeUpGivenTask), (62 bytes).
    Removing rt_mailbox.o(i.mboxDestory), (46 bytes).
    Removing rt_mailbox.o(i.mboxFlush), (34 bytes).
    Removing rt_mailbox.o(i.mboxGetInfo), (44 bytes).
    Removing rt_mailbox.o(i.mboxGetWithNoWait), (68 bytes).
    Removing rt_mailbox.o(i.mboxInit), (30 bytes).
    Removing rt_mailbox.o(i.mboxPost), (164 bytes).
    Removing rt_mailbox.o(i.mboxWait), (108 bytes).
    Removing semaphore.o(i.semDestory), (42 bytes).
    Removing semaphore.o(i.semGetInfo), (44 bytes).
    Removing semaphore.o(i.semGetWithNoWait), (40 bytes).
    Removing rt_memblock.o(i.memBlockDestory), (38 bytes).
    Removing rt_memblock.o(i.memBlockGetInfo), (54 bytes).
    Removing rt_memblock.o(i.memBlockGetWithNoWait), (52 bytes).
    Removing rt_memblock.o(i.memBlockInit), (80 bytes).
    Removing rt_memblock.o(i.memBlockPost), (84 bytes).
    Removing rt_memblock.o(i.memBlockWait), (92 bytes).
    Removing rt_eflaggroup.o(i.eFlagGroupCheckExpected), (86 bytes).
    Removing rt_eflaggroup.o(i.eFlagGroupDestory), (38 bytes).
    Removing rt_eflaggroup.o(i.eFlagGroupGetInfo), (42 bytes).
    Removing rt_eflaggroup.o(i.eFlagGroupGetWithNoWait), (68 bytes).
    Removing rt_eflaggroup.o(i.eFlagGroupInit), (18 bytes).
    Removing rt_eflaggroup.o(i.eFlagGroupPost), (132 bytes).
    Removing rt_eflaggroup.o(i.eFlagGroupWait), (120 bytes).
    Removing rt_mutex.o(i.mutexDestory), (100 bytes).
    Removing rt_mutex.o(i.mutexGetInfo), (72 bytes).
    Removing rt_mutex.o(i.mutexGetWithNoWait), (84 bytes).
    Removing rt_mutex.o(i.mutexInit), (24 bytes).
    Removing rt_mutex.o(i.mutexPost), (152 bytes).
    Removing rt_mutex.o(i.mutexWait), (224 bytes).
    Removing rt_timer.o(i.timerResume), (92 bytes).
    Removing rt_timer.o(i.timerStop), (100 bytes).
    Removing system_armcm3.o(.rev16_text), (4 bytes).
    Removing system_armcm3.o(.revsh_text), (4 bytes).
    Removing system_armcm3.o(.rrx_text), (6 bytes).
    Removing system_armcm3.o(i.SystemCoreClockUpdate), (16 bytes).

67 unused section(s) (total 3312 bytes) removed from the image.

==============================================================================

Image Symbol Table

    Local Symbols

    Symbol Name                              Value     Ov Type        Size  Object(Section)

    RESET                                    0x00000000   Section      192  startup_armcm3.o(RESET)
    ../clib/angel/boardlib.s                 0x00000000   Number         0  boardshut.o ABSOLUTE
    ../clib/angel/boardlib.s                 0x00000000   Number         0  boardinit3.o ABSOLUTE
    ../clib/angel/boardlib.s                 0x00000000   Number         0  boardinit2.o ABSOLUTE
    ../clib/angel/boardlib.s                 0x00000000   Number         0  boardinit1.o ABSOLUTE
    ../clib/angel/handlers.s                 0x00000000   Number         0  __scatter_copy.o ABSOLUTE
    ../clib/angel/handlers.s                 0x00000000   Number         0  __scatter_zi.o ABSOLUTE
    ../clib/angel/kernel.s                   0x00000000   Number         0  __rtentry2.o ABSOLUTE
    ../clib/angel/kernel.s                   0x00000000   Number         0  rtexit.o ABSOLUTE
    ../clib/angel/kernel.s                   0x00000000   Number         0  __rtentry4.o ABSOLUTE
    ../clib/angel/kernel.s                   0x00000000   Number         0  __rtentry.o ABSOLUTE
    ../clib/angel/kernel.s                   0x00000000   Number         0  rtexit2.o ABSOLUTE
    ../clib/angel/rt.s                       0x00000000   Number         0  rt_raise.o ABSOLUTE
    ../clib/angel/scatter.s                  0x00000000   Number         0  __scatter.o ABSOLUTE
    ../clib/angel/startup.s                  0x00000000   Number         0  __main.o ABSOLUTE
    ../clib/angel/sys.s                      0x00000000   Number         0  indicate_semi.o ABSOLUTE
    ../clib/angel/sys.s                      0x00000000   Number         0  use_no_semi.o ABSOLUTE
    ../clib/angel/sys.s                      0x00000000   Number         0  sys_stackheap_outer.o ABSOLUTE
    ../clib/angel/sys.s                      0x00000000   Number         0  libspace.o ABSOLUTE
    ../clib/angel/sysapp.c                   0x00000000   Number         0  sys_command.o ABSOLUTE
    ../clib/angel/sysapp.c                   0x00000000   Number         0  sys_wrch.o ABSOLUTE
    ../clib/angel/sysapp.c                   0x00000000   Number         0  sys_exit.o ABSOLUTE
    ../clib/armsys.c                         0x00000000   Number         0  argv_veneer.o ABSOLUTE
    ../clib/armsys.c                         0x00000000   Number         0  argv_veneer.o ABSOLUTE
    ../clib/armsys.c                         0x00000000   Number         0  _get_argv_nomalloc.o ABSOLUTE
    ../clib/armsys.c                         0x00000000   Number         0  no_argv.o ABSOLUTE
    ../clib/assert.c                         0x00000000   Number         0  assert_puts.o ABSOLUTE
    ../clib/assert.c                         0x00000000   Number         0  assert.o ABSOLUTE
    ../clib/heapalloc.c                      0x00000000   Number         0  hrguard.o ABSOLUTE
    ../clib/heapaux.c                        0x00000000   Number         0  heapauxi.o ABSOLUTE
    ../clib/libinit.s                        0x00000000   Number         0  libinit.o ABSOLUTE
    ../clib/libinit.s                        0x00000000   Number         0  libinit2.o ABSOLUTE
    ../clib/libinit.s                        0x00000000   Number         0  libshutdown2.o ABSOLUTE
    ../clib/libinit.s                        0x00000000   Number         0  libshutdown.o ABSOLUTE
    ../clib/memcpset.s                       0x00000000   Number         0  rt_memcpy_w.o ABSOLUTE
    ../clib/signal.c                         0x00000000   Number         0  defsig_other.o ABSOLUTE
    ../clib/signal.c                         0x00000000   Number         0  defsig_fpe_inner.o ABSOLUTE
    ../clib/signal.c                         0x00000000   Number         0  defsig_segv_inner.o ABSOLUTE
    ../clib/signal.c                         0x00000000   Number         0  defsig_cppl_inner.o ABSOLUTE
    ../clib/signal.c                         0x00000000   Number         0  defsig_pvfn_inner.o ABSOLUTE
    ../clib/signal.c                         0x00000000   Number         0  defsig_rtmem_inner.o ABSOLUTE
    ../clib/signal.c                         0x00000000   Number         0  defsig_abrt_inner.o ABSOLUTE
    ../clib/signal.c                         0x00000000   Number         0  defsig_abrt_formal.o ABSOLUTE
    ../clib/signal.c                         0x00000000   Number         0  defsig_abrt_outer.o ABSOLUTE
    ../clib/signal.c                         0x00000000   Number         0  defsig_exit.o ABSOLUTE
    ../clib/signal.c                         0x00000000   Number         0  defsig_stak_inner.o ABSOLUTE
    ../clib/signal.c                         0x00000000   Number         0  __raise.o ABSOLUTE
    ../clib/signal.c                         0x00000000   Number         0  defsig_general.o ABSOLUTE
    ../clib/signal.c                         0x00000000   Number         0  defsig_rtmem_formal.o ABSOLUTE
    ../clib/signal.c                         0x00000000   Number         0  defsig_rtmem_outer.o ABSOLUTE
    ../clib/signal.c                         0x00000000   Number         0  defsig_rtred_inner.o ABSOLUTE
    ../clib/signal.s                         0x00000000   Number         0  defsig.o ABSOLUTE
    ../clib/stdlib.c                         0x00000000   Number         0  abort.o ABSOLUTE
    ../clib/stdlib.c                         0x00000000   Number         0  exit.o ABSOLUTE
    ../fplib/fpinit.s                        0x00000000   Number         0  fpinit.o ABSOLUTE
    RTE\Device\ARMCM3\startup_ARMCM3.s       0x00000000   Number         0  startup_armcm3.o ABSOLUTE
    RTE\Device\ARMCM3\system_ARMCM3.c        0x00000000   Number         0  system_armcm3.o ABSOLUTE
    RTE\\Device\\ARMCM3\\system_ARMCM3.c     0x00000000   Number         0  system_armcm3.o ABSOLUTE
    SRC\\lock.c                              0x00000000   Number         0  lock.o ABSOLUTE
    SRC\\rt_cpu.c                            0x00000000   Number         0  rt_cpu.o ABSOLUTE
    SRC\\rt_task.c                           0x00000000   Number         0  rt_task.o ABSOLUTE
    SRC\\switch.c                            0x00000000   Number         0  switch.o ABSOLUTE
    SRC\application.c                        0x00000000   Number         0  application.o ABSOLUTE
    SRC\bitmap.c                             0x00000000   Number         0  bitmap.o ABSOLUTE
    SRC\lock.c                               0x00000000   Number         0  lock.o ABSOLUTE
    SRC\main.c                               0x00000000   Number         0  main.o ABSOLUTE
    SRC\rt_cpu.c                             0x00000000   Number         0  rt_cpu.o ABSOLUTE
    SRC\rt_eflaggroup.c                      0x00000000   Number         0  rt_eflaggroup.o ABSOLUTE
    SRC\rt_event.c                           0x00000000   Number         0  rt_event.o ABSOLUTE
    SRC\rt_list.c                            0x00000000   Number         0  rt_list.o ABSOLUTE
    SRC\rt_mailbox.c                         0x00000000   Number         0  rt_mailbox.o ABSOLUTE
    SRC\rt_memblock.c                        0x00000000   Number         0  rt_memblock.o ABSOLUTE
    SRC\rt_mutex.c                           0x00000000   Number         0  rt_mutex.o ABSOLUTE
    SRC\rt_task.c                            0x00000000   Number         0  rt_task.o ABSOLUTE
    SRC\rt_time.c                            0x00000000   Number         0  rt_time.o ABSOLUTE
    SRC\rt_timer.c                           0x00000000   Number         0  rt_timer.o ABSOLUTE
    SRC\semaphore.c                          0x00000000   Number         0  semaphore.o ABSOLUTE
    SRC\switch.c                             0x00000000   Number         0  switch.o ABSOLUTE
    dc.s                                     0x00000000   Number         0  dc.o ABSOLUTE
    !!!main                                  0x000000c0   Section        8  __main.o(!!!main)
    !!!scatter                               0x000000c8   Section       52  __scatter.o(!!!scatter)
    !!handler_copy                           0x000000fc   Section       26  __scatter_copy.o(!!handler_copy)
    !!handler_zi                             0x00000118   Section       28  __scatter_zi.o(!!handler_zi)
    .ARM.Collect$$libinit$$00000000          0x00000134   Section        2  libinit.o(.ARM.Collect$$libinit$$00000000)
    .ARM.Collect$$libinit$$00000002          0x00000136   Section        0  libinit2.o(.ARM.Collect$$libinit$$00000002)
    .ARM.Collect$$libinit$$00000004          0x00000136   Section        0  libinit2.o(.ARM.Collect$$libinit$$00000004)
    .ARM.Collect$$libinit$$0000000A          0x00000136   Section        0  libinit2.o(.ARM.Collect$$libinit$$0000000A)
    .ARM.Collect$$libinit$$0000000C          0x00000136   Section        0  libinit2.o(.ARM.Collect$$libinit$$0000000C)
    .ARM.Collect$$libinit$$0000000E          0x00000136   Section        0  libinit2.o(.ARM.Collect$$libinit$$0000000E)
    .ARM.Collect$$libinit$$00000011          0x00000136   Section        0  libinit2.o(.ARM.Collect$$libinit$$00000011)
    .ARM.Collect$$libinit$$00000013          0x00000136   Section        0  libinit2.o(.ARM.Collect$$libinit$$00000013)
    .ARM.Collect$$libinit$$00000015          0x00000136   Section        0  libinit2.o(.ARM.Collect$$libinit$$00000015)
    .ARM.Collect$$libinit$$00000017          0x00000136   Section        0  libinit2.o(.ARM.Collect$$libinit$$00000017)
    .ARM.Collect$$libinit$$00000019          0x00000136   Section        0  libinit2.o(.ARM.Collect$$libinit$$00000019)
    .ARM.Collect$$libinit$$0000001B          0x00000136   Section        0  libinit2.o(.ARM.Collect$$libinit$$0000001B)
    .ARM.Collect$$libinit$$0000001D          0x00000136   Section        0  libinit2.o(.ARM.Collect$$libinit$$0000001D)
    .ARM.Collect$$libinit$$0000001F          0x00000136   Section        0  libinit2.o(.ARM.Collect$$libinit$$0000001F)
    .ARM.Collect$$libinit$$00000021          0x00000136   Section        0  libinit2.o(.ARM.Collect$$libinit$$00000021)
    .ARM.Collect$$libinit$$00000023          0x00000136   Section        0  libinit2.o(.ARM.Collect$$libinit$$00000023)
    .ARM.Collect$$libinit$$00000025          0x00000136   Section        0  libinit2.o(.ARM.Collect$$libinit$$00000025)
    .ARM.Collect$$libinit$$0000002C          0x00000136   Section        0  libinit2.o(.ARM.Collect$$libinit$$0000002C)
    .ARM.Collect$$libinit$$0000002E          0x00000136   Section        0  libinit2.o(.ARM.Collect$$libinit$$0000002E)
    .ARM.Collect$$libinit$$00000030          0x00000136   Section        0  libinit2.o(.ARM.Collect$$libinit$$00000030)
    .ARM.Collect$$libinit$$00000032          0x00000136   Section        0  libinit2.o(.ARM.Collect$$libinit$$00000032)
    .ARM.Collect$$libinit$$00000033          0x00000136   Section        2  libinit2.o(.ARM.Collect$$libinit$$00000033)
    .ARM.Collect$$libshutdown$$00000000      0x00000138   Section        2  libshutdown.o(.ARM.Collect$$libshutdown$$00000000)
    .ARM.Collect$$libshutdown$$00000002      0x0000013a   Section        0  libshutdown2.o(.ARM.Collect$$libshutdown$$00000002)
    .ARM.Collect$$libshutdown$$00000004      0x0000013a   Section        0  libshutdown2.o(.ARM.Collect$$libshutdown$$00000004)
    .ARM.Collect$$libshutdown$$00000007      0x0000013a   Section        0  libshutdown2.o(.ARM.Collect$$libshutdown$$00000007)
    .ARM.Collect$$libshutdown$$0000000A      0x0000013a   Section        0  libshutdown2.o(.ARM.Collect$$libshutdown$$0000000A)
    .ARM.Collect$$libshutdown$$0000000C      0x0000013a   Section        0  libshutdown2.o(.ARM.Collect$$libshutdown$$0000000C)
    .ARM.Collect$$libshutdown$$0000000F      0x0000013a   Section        0  libshutdown2.o(.ARM.Collect$$libshutdown$$0000000F)
    .ARM.Collect$$libshutdown$$00000010      0x0000013a   Section        2  libshutdown2.o(.ARM.Collect$$libshutdown$$00000010)
    .ARM.Collect$$rtentry$$00000000          0x0000013c   Section        0  __rtentry.o(.ARM.Collect$$rtentry$$00000000)
    .ARM.Collect$$rtentry$$00000002          0x0000013c   Section        0  __rtentry2.o(.ARM.Collect$$rtentry$$00000002)
    .ARM.Collect$$rtentry$$00000004          0x0000013c   Section        6  __rtentry4.o(.ARM.Collect$$rtentry$$00000004)
    .ARM.Collect$$rtentry$$00000009          0x00000142   Section        0  __rtentry2.o(.ARM.Collect$$rtentry$$00000009)
    .ARM.Collect$$rtentry$$0000000A          0x00000142   Section        4  __rtentry2.o(.ARM.Collect$$rtentry$$0000000A)
    .ARM.Collect$$rtentry$$0000000C          0x00000146   Section        0  __rtentry2.o(.ARM.Collect$$rtentry$$0000000C)
    .ARM.Collect$$rtentry$$0000000D          0x00000146   Section        8  __rtentry2.o(.ARM.Collect$$rtentry$$0000000D)
    .ARM.Collect$$rtexit$$00000000           0x0000014e   Section        2  rtexit.o(.ARM.Collect$$rtexit$$00000000)
    .ARM.Collect$$rtexit$$00000002           0x00000150   Section        0  rtexit2.o(.ARM.Collect$$rtexit$$00000002)
    .ARM.Collect$$rtexit$$00000003           0x00000150   Section        4  rtexit2.o(.ARM.Collect$$rtexit$$00000003)
    .ARM.Collect$$rtexit$$00000004           0x00000154   Section        6  rtexit2.o(.ARM.Collect$$rtexit$$00000004)
    .emb_text                                0x0000015c   Section       48  switch.o(.emb_text)
    .text                                    0x0000018c   Section       64  startup_armcm3.o(.text)
    .text                                    0x000001cc   Section        0  assert.o(.text)
    .text                                    0x0000024c   Section      100  rt_memcpy_w.o(.text)
    .text                                    0x000002b0   Section        0  heapauxi.o(.text)
    .text                                    0x000002b6   Section        0  abort.o(.text)
    .text                                    0x000002cc   Section        0  assert_puts.o(.text)
    .text                                    0x000002e0   Section        0  sys_wrch.o(.text)
    .text                                    0x000002f0   Section        0  sys_exit.o(.text)
    .text                                    0x000002fc   Section        0  defsig_abrt_outer.o(.text)
    .text                                    0x0000030a   Section        2  use_no_semi.o(.text)
    .text                                    0x0000030c   Section       74  sys_stackheap_outer.o(.text)
    .text                                    0x0000030c   Section        0  indicate_semi.o(.text)
    .text                                    0x00000356   Section        0  exit.o(.text)
    .text                                    0x00000368   Section        0  defsig_exit.o(.text)
    .text                                    0x00000374   Section        0  defsig_abrt_inner.o(.text)
    .text                                    0x000003a4   Section        8  libspace.o(.text)
    .text                                    0x000003ac   Section        0  defsig_general.o(.text)
    i.SysTick_Handler                        0x000003de   Section        0  rt_time.o(i.SysTick_Handler)
    i.SystemInit                             0x000003e8   Section        0  system_armcm3.o(i.SystemInit)
    i.appInit                                0x000003f8   Section        0  application.o(i.appInit)
    i.bitmapClear                            0x00000474   Section        0  bitmap.o(i.bitmapClear)
    i.bitmapGetFirstSet                      0x000004b4   Section        0  bitmap.o(i.bitmapGetFirstSet)
    i.bitmapInit                             0x00000510   Section        0  bitmap.o(i.bitmapInit)
    i.bitmapPosCount                         0x00000516   Section        0  bitmap.o(i.bitmapPosCount)
    i.bitmapSet                              0x0000051c   Section        0  bitmap.o(i.bitmapSet)
    i.checkNodeIsInList                      0x0000055c   Section        0  rt_list.o(i.checkNodeIsInList)
    i.enterCritical                          0x00000576   Section        0  lock.o(i.enterCritical)
    i.eventGetWaitNum                        0x00000582   Section        0  rt_event.o(i.eventGetWaitNum)
    i.eventInit                              0x000005a0   Section        0  rt_event.o(i.eventInit)
    i.eventRemoveTask                        0x000005b0   Section        0  rt_event.o(i.eventRemoveTask)
    i.eventWait                              0x000005e6   Section        0  rt_event.o(i.eventWait)
    i.eventWakeUp                            0x00000632   Section        0  rt_event.o(i.eventWakeUp)
    i.getFirstListNode                       0x000006ac   Section        0  rt_list.o(i.getFirstListNode)
    i.getHighestReadyTask                    0x000006bc   Section        0  rt_task.o(i.getHighestReadyTask)
    i.getListNodeNum                         0x000006e4   Section        0  rt_list.o(i.getListNodeNum)
    i.idleTaskEntry                          0x000006ea   Section        0  rt_task.o(i.idleTaskEntry)
    i.leaveCritical                          0x000006ee   Section        0  lock.o(i.leaveCritical)
    i.listHeadInit                           0x000006f8   Section        0  rt_list.o(i.listHeadInit)
    i.listNodeInit                           0x00000702   Section        0  rt_list.o(i.listNodeInit)
    i.listNodeInsert2Head                    0x0000070a   Section        0  rt_list.o(i.listNodeInsert2Head)
    i.listNodeInsert2Tail                    0x00000722   Section        0  rt_list.o(i.listNodeInsert2Tail)
    i.listRemove                             0x0000073a   Section        0  rt_list.o(i.listRemove)
    i.listRemoveFirst                        0x00000766   Section        0  rt_list.o(i.listRemoveFirst)
    i.main                                   0x0000078c   Section        0  main.o(i.main)
    i.rtosInit                               0x000007ac   Section        0  main.o(i.rtosInit)
    i.runFirstTask2                          0x00000808   Section        0  switch.o(i.runFirstTask2)
    i.schedLockInit                          0x00000830   Section        0  lock.o(i.schedLockInit)
    i.semInit                                0x0000083c   Section        0  semaphore.o(i.semInit)
    i.semPost                                0x00000864   Section        0  semaphore.o(i.semPost)
    i.semWait                                0x000008b8   Section        0  semaphore.o(i.semWait)
    i.setSysTick                             0x00000900   Section        0  rt_cpu.o(i.setSysTick)
    i.task1Entry                             0x00000958   Section        0  application.o(i.task1Entry)
    i.task2Entry                             0x00000a08   Section        0  application.o(i.task2Entry)
    i.task3Entry                             0x00000a28   Section        0  application.o(i.task3Entry)
    i.task4Entry                             0x00000a48   Section        0  application.o(i.task4Entry)
    i.taskDelay                              0x00000a68   Section        0  rt_time.o(i.taskDelay)
    i.taskDelayedListInit                    0x00000a9c   Section        0  rt_task.o(i.taskDelayedListInit)
    i.taskInit                               0x00000aac   Section        0  rt_task.o(i.taskInit)
    i.taskSched                              0x00000b78   Section        0  rt_task.o(i.taskSched)
    i.taskSched2Delay                        0x00000bbc   Section        0  rt_task.o(i.taskSched2Delay)
    i.taskSched2Ready                        0x00000bf4   Section        0  rt_task.o(i.taskSched2Ready)
    i.taskSched2Undelay                      0x00000c24   Section        0  rt_task.o(i.taskSched2Undelay)
    i.taskSched2Unready                      0x00000c54   Section        0  rt_task.o(i.taskSched2Unready)
    i.taskSwitch                             0x00000cb4   Section        0  switch.o(i.taskSwitch)
    i.taskTimeSliceHandler                   0x00000cc4   Section        0  rt_time.o(i.taskTimeSliceHandler)
    i.timerCallFuncList                      0x00000d70   Section        0  rt_timer.o(i.timerCallFuncList)
    timerCallFuncList                        0x00000d71   Thumb Code    72  rt_timer.o(i.timerCallFuncList)
    i.timerDestory                           0x00000db8   Section        0  rt_timer.o(i.timerDestory)
    i.timerFuc                               0x00000e1c   Section        0  application.o(i.timerFuc)
    i.timerFuncInit                          0x00000e28   Section        0  rt_timer.o(i.timerFuncInit)
    i.timerFuncPost                          0x00000e78   Section        0  rt_timer.o(i.timerFuncPost)
    i.timerGetInfo                           0x00000e90   Section        0  rt_timer.o(i.timerGetInfo)
    i.timerInit                              0x00000eca   Section        0  rt_timer.o(i.timerInit)
    i.timerStart                             0x00000f04   Section        0  rt_timer.o(i.timerStart)
    i.timerTaskFunc                          0x00000f7c   Section        0  rt_timer.o(i.timerTaskFunc)
    timerTaskFunc                            0x00000f7d   Thumb Code    32  rt_timer.o(i.timerTaskFunc)
    .constdata                               0x00000fa8   Section      256  bitmap.o(.constdata)
    quickFindTable                           0x00000fa8   Data         256  bitmap.o(.constdata)
    .data                                    0x20000000   Section        1  lock.o(.data)
    .data                                    0x20000004   Section       16  rt_task.o(.data)
    .data                                    0x20000014   Section       28  application.o(.data)
    .data                                    0x20000030   Section        4  system_armcm3.o(.data)
    .bss                                     0x20000034   Section     2504  rt_task.o(.bss)
    .bss                                     0x200009fc   Section    16780  application.o(.bss)
    .bss                                     0x20004b88   Section       12  rt_time.o(.bss)
    .bss                                     0x20004b94   Section     4240  rt_timer.o(.bss)
    timerStrictList                          0x20004b94   Data          12  rt_timer.o(.bss)
    timerLooseList                           0x20004ba0   Data          12  rt_timer.o(.bss)
    semForTimerProtect                       0x20004bac   Data          24  rt_timer.o(.bss)
    semForTimerNotify                        0x20004bc4   Data          24  rt_timer.o(.bss)
    timerTask                                0x20004bdc   Data          72  rt_timer.o(.bss)
    timerTaskStack                           0x20004c24   Data        4096  rt_timer.o(.bss)
    .bss                                     0x20005c24   Section       96  libspace.o(.bss)
    HEAP                                     0x20005c88   Section     3072  startup_armcm3.o(HEAP)
    Heap_Mem                                 0x20005c88   Data        3072  startup_armcm3.o(HEAP)
    STACK                                    0x20006888   Section     1024  startup_armcm3.o(STACK)
    Stack_Mem                                0x20006888   Data        1024  startup_armcm3.o(STACK)
    __initial_sp                             0x20006c88   Data           0  startup_armcm3.o(STACK)

    Global Symbols

    Symbol Name                              Value     Ov Type        Size  Object(Section)

    BuildAttributes$$THM_ISAv4$P$D$K$B$S$PE$A:L22UL41UL21$X:L11$S22US41US21$IEEE1$IW$USESV6$~STKCKD$USESV7$~SHL$OSPACE$ROPI$EBA8$UX$STANDARDLIB$REQ8$PRES8$EABIv2 0x00000000   Number         0  anon$$obj.o ABSOLUTE
    __ARM_use_no_argv                        0x00000000   Number         0  main.o ABSOLUTE
    __Vectors                                0x00000000   Data           4  startup_armcm3.o(RESET)
    __ARM_exceptions_init                     - Undefined Weak Reference
    __alloca_initialize                       - Undefined Weak Reference
    __arm_preinit_                            - Undefined Weak Reference
    __cpp_initialize__aeabi_                  - Undefined Weak Reference
    __cxa_finalize                            - Undefined Weak Reference
    __rt_locale                               - Undefined Weak Reference
    __sigvec_lookup                           - Undefined Weak Reference
    _atexit_init                              - Undefined Weak Reference
    _call_atexit_fns                          - Undefined Weak Reference
    _clock_init                               - Undefined Weak Reference
    _fp_trap_init                             - Undefined Weak Reference
    _fp_trap_shutdown                         - Undefined Weak Reference
    _get_lc_collate                           - Undefined Weak Reference
    _get_lc_ctype                             - Undefined Weak Reference
    _get_lc_monetary                          - Undefined Weak Reference
    _get_lc_numeric                           - Undefined Weak Reference
    _get_lc_time                              - Undefined Weak Reference
    _getenv_init                              - Undefined Weak Reference
    _handle_redirection                       - Undefined Weak Reference
    _init_alloc                               - Undefined Weak Reference
    _init_user_alloc                          - Undefined Weak Reference
    _initio                                   - Undefined Weak Reference
    _rand_init                                - Undefined Weak Reference
    _signal_finish                            - Undefined Weak Reference
    _signal_init                              - Undefined Weak Reference
    _terminate_alloc                          - Undefined Weak Reference
    _terminate_user_alloc                     - Undefined Weak Reference
    _terminateio                              - Undefined Weak Reference
    __Vectors_End                            0x000000c0   Data           0  startup_armcm3.o(RESET)
    __Vectors_Size                           0x000000c0   Number         0  startup_armcm3.o ABSOLUTE
    __main                                   0x000000c1   Thumb Code     8  __main.o(!!!main)
    __scatterload                            0x000000c9   Thumb Code     0  __scatter.o(!!!scatter)
    __scatterload_rt2                        0x000000c9   Thumb Code    44  __scatter.o(!!!scatter)
    __scatterload_rt2_thumb_only             0x000000c9   Thumb Code     0  __scatter.o(!!!scatter)
    __scatterload_null                       0x000000d7   Thumb Code     0  __scatter.o(!!!scatter)
    __scatterload_copy                       0x000000fd   Thumb Code    26  __scatter_copy.o(!!handler_copy)
    __scatterload_zeroinit                   0x00000119   Thumb Code    28  __scatter_zi.o(!!handler_zi)
    __rt_lib_init                            0x00000135   Thumb Code     0  libinit.o(.ARM.Collect$$libinit$$00000000)
    __rt_lib_init_alloca_1                   0x00000137   Thumb Code     0  libinit2.o(.ARM.Collect$$libinit$$0000002E)
    __rt_lib_init_argv_1                     0x00000137   Thumb Code     0  libinit2.o(.ARM.Collect$$libinit$$0000002C)
    __rt_lib_init_atexit_1                   0x00000137   Thumb Code     0  libinit2.o(.ARM.Collect$$libinit$$0000001B)
    __rt_lib_init_clock_1                    0x00000137   Thumb Code     0  libinit2.o(.ARM.Collect$$libinit$$00000021)
    __rt_lib_init_cpp_1                      0x00000137   Thumb Code     0  libinit2.o(.ARM.Collect$$libinit$$00000032)
    __rt_lib_init_exceptions_1               0x00000137   Thumb Code     0  libinit2.o(.ARM.Collect$$libinit$$00000030)
    __rt_lib_init_fp_1                       0x00000137   Thumb Code     0  libinit2.o(.ARM.Collect$$libinit$$00000002)
    __rt_lib_init_fp_trap_1                  0x00000137   Thumb Code     0  libinit2.o(.ARM.Collect$$libinit$$0000001F)
    __rt_lib_init_getenv_1                   0x00000137   Thumb Code     0  libinit2.o(.ARM.Collect$$libinit$$00000023)
    __rt_lib_init_heap_1                     0x00000137   Thumb Code     0  libinit2.o(.ARM.Collect$$libinit$$0000000A)
    __rt_lib_init_lc_collate_1               0x00000137   Thumb Code     0  libinit2.o(.ARM.Collect$$libinit$$00000011)
    __rt_lib_init_lc_ctype_1                 0x00000137   Thumb Code     0  libinit2.o(.ARM.Collect$$libinit$$00000013)
    __rt_lib_init_lc_monetary_1              0x00000137   Thumb Code     0  libinit2.o(.ARM.Collect$$libinit$$00000015)
    __rt_lib_init_lc_numeric_1               0x00000137   Thumb Code     0  libinit2.o(.ARM.Collect$$libinit$$00000017)
    __rt_lib_init_lc_time_1                  0x00000137   Thumb Code     0  libinit2.o(.ARM.Collect$$libinit$$00000019)
    __rt_lib_init_preinit_1                  0x00000137   Thumb Code     0  libinit2.o(.ARM.Collect$$libinit$$00000004)
    __rt_lib_init_rand_1                     0x00000137   Thumb Code     0  libinit2.o(.ARM.Collect$$libinit$$0000000E)
    __rt_lib_init_return                     0x00000137   Thumb Code     0  libinit2.o(.ARM.Collect$$libinit$$00000033)
    __rt_lib_init_signal_1                   0x00000137   Thumb Code     0  libinit2.o(.ARM.Collect$$libinit$$0000001D)
    __rt_lib_init_stdio_1                    0x00000137   Thumb Code     0  libinit2.o(.ARM.Collect$$libinit$$00000025)
    __rt_lib_init_user_alloc_1               0x00000137   Thumb Code     0  libinit2.o(.ARM.Collect$$libinit$$0000000C)
    __rt_lib_shutdown                        0x00000139   Thumb Code     0  libshutdown.o(.ARM.Collect$$libshutdown$$00000000)
    __rt_lib_shutdown_cpp_1                  0x0000013b   Thumb Code     0  libshutdown2.o(.ARM.Collect$$libshutdown$$00000002)
    __rt_lib_shutdown_fp_trap_1              0x0000013b   Thumb Code     0  libshutdown2.o(.ARM.Collect$$libshutdown$$00000007)
    __rt_lib_shutdown_heap_1                 0x0000013b   Thumb Code     0  libshutdown2.o(.ARM.Collect$$libshutdown$$0000000F)
    __rt_lib_shutdown_return                 0x0000013b   Thumb Code     0  libshutdown2.o(.ARM.Collect$$libshutdown$$00000010)
    __rt_lib_shutdown_signal_1               0x0000013b   Thumb Code     0  libshutdown2.o(.ARM.Collect$$libshutdown$$0000000A)
    __rt_lib_shutdown_stdio_1                0x0000013b   Thumb Code     0  libshutdown2.o(.ARM.Collect$$libshutdown$$00000004)
    __rt_lib_shutdown_user_alloc_1           0x0000013b   Thumb Code     0  libshutdown2.o(.ARM.Collect$$libshutdown$$0000000C)
    __rt_entry                               0x0000013d   Thumb Code     0  __rtentry.o(.ARM.Collect$$rtentry$$00000000)
    __rt_entry_presh_1                       0x0000013d   Thumb Code     0  __rtentry2.o(.ARM.Collect$$rtentry$$00000002)
    __rt_entry_sh                            0x0000013d   Thumb Code     0  __rtentry4.o(.ARM.Collect$$rtentry$$00000004)
    __rt_entry_li                            0x00000143   Thumb Code     0  __rtentry2.o(.ARM.Collect$$rtentry$$0000000A)
    __rt_entry_postsh_1                      0x00000143   Thumb Code     0  __rtentry2.o(.ARM.Collect$$rtentry$$00000009)
    __rt_entry_main                          0x00000147   Thumb Code     0  __rtentry2.o(.ARM.Collect$$rtentry$$0000000D)
    __rt_entry_postli_1                      0x00000147   Thumb Code     0  __rtentry2.o(.ARM.Collect$$rtentry$$0000000C)
    __rt_exit                                0x0000014f   Thumb Code     0  rtexit.o(.ARM.Collect$$rtexit$$00000000)
    __rt_exit_ls                             0x00000151   Thumb Code     0  rtexit2.o(.ARM.Collect$$rtexit$$00000003)
    __rt_exit_prels_1                        0x00000151   Thumb Code     0  rtexit2.o(.ARM.Collect$$rtexit$$00000002)
    __rt_exit_exit                           0x00000155   Thumb Code     0  rtexit2.o(.ARM.Collect$$rtexit$$00000004)
    PendSV_Handler                           0x0000015d   Thumb Code    40  switch.o(.emb_text)
    Reset_Handler                            0x0000018d   Thumb Code     8  startup_armcm3.o(.text)
    NMI_Handler                              0x00000195   Thumb Code     2  startup_armcm3.o(.text)
    HardFault_Handler                        0x00000197   Thumb Code     2  startup_armcm3.o(.text)
    MemManage_Handler                        0x00000199   Thumb Code     2  startup_armcm3.o(.text)
    BusFault_Handler                         0x0000019b   Thumb Code     2  startup_armcm3.o(.text)
    UsageFault_Handler                       0x0000019d   Thumb Code     2  startup_armcm3.o(.text)
    SVC_Handler                              0x0000019f   Thumb Code     2  startup_armcm3.o(.text)
    DebugMon_Handler                         0x000001a1   Thumb Code     2  startup_armcm3.o(.text)
    AACI_IRQHandler                          0x000001a7   Thumb Code     0  startup_armcm3.o(.text)
    CAN_IRQHandler                           0x000001a7   Thumb Code     0  startup_armcm3.o(.text)
    CHLCD_IRQHandler                         0x000001a7   Thumb Code     0  startup_armcm3.o(.text)
    CLCD_IRQHandler                          0x000001a7   Thumb Code     0  startup_armcm3.o(.text)
    CPU_CLCD_IRQHandler                      0x000001a7   Thumb Code     0  startup_armcm3.o(.text)
    ENET_IRQHandler                          0x000001a7   Thumb Code     0  startup_armcm3.o(.text)
    FLEXRAY_IRQHandler                       0x000001a7   Thumb Code     0  startup_armcm3.o(.text)
    I2C_IRQHandler                           0x000001a7   Thumb Code     0  startup_armcm3.o(.text)
    LIN_IRQHandler                           0x000001a7   Thumb Code     0  startup_armcm3.o(.text)
    MCIA_IRQHandler                          0x000001a7   Thumb Code     0  startup_armcm3.o(.text)
    MCIB_IRQHandler                          0x000001a7   Thumb Code     0  startup_armcm3.o(.text)
    RTC_IRQHandler                           0x000001a7   Thumb Code     0  startup_armcm3.o(.text)
    SPI_IRQHandler                           0x000001a7   Thumb Code     0  startup_armcm3.o(.text)
    TIM0_IRQHandler                          0x000001a7   Thumb Code     0  startup_armcm3.o(.text)
    TIM2_IRQHandler                          0x000001a7   Thumb Code     0  startup_armcm3.o(.text)
    UART0_IRQHandler                         0x000001a7   Thumb Code     0  startup_armcm3.o(.text)
    UART1_IRQHandler                         0x000001a7   Thumb Code     0  startup_armcm3.o(.text)
    UART2_IRQHandler                         0x000001a7   Thumb Code     0  startup_armcm3.o(.text)
    UART3_IRQHandler                         0x000001a7   Thumb Code     0  startup_armcm3.o(.text)
    UART4_IRQHandler                         0x000001a7   Thumb Code     0  startup_armcm3.o(.text)
    USBDC_IRQHandler                         0x000001a7   Thumb Code     0  startup_armcm3.o(.text)
    USBHC_IRQHandler                         0x000001a7   Thumb Code     0  startup_armcm3.o(.text)
    WDT_IRQHandler                           0x000001a7   Thumb Code     0  startup_armcm3.o(.text)
    __user_initial_stackheap                 0x000001a9   Thumb Code    10  startup_armcm3.o(.text)
    __aeabi_assert                           0x000001cd   Thumb Code    86  assert.o(.text)
    __assert                                 0x000001cd   Thumb Code     0  assert.o(.text)
    __aeabi_memcpy4                          0x0000024d   Thumb Code     0  rt_memcpy_w.o(.text)
    __aeabi_memcpy8                          0x0000024d   Thumb Code     0  rt_memcpy_w.o(.text)
    __rt_memcpy_w                            0x0000024d   Thumb Code   100  rt_memcpy_w.o(.text)
    _memcpy_lastbytes_aligned                0x00000295   Thumb Code     0  rt_memcpy_w.o(.text)
    __use_two_region_memory                  0x000002b1   Thumb Code     2  heapauxi.o(.text)
    __rt_heap_escrow$2region                 0x000002b3   Thumb Code     2  heapauxi.o(.text)
    __rt_heap_expand$2region                 0x000002b5   Thumb Code     2  heapauxi.o(.text)
    abort                                    0x000002b7   Thumb Code    22  abort.o(.text)
    __assert_puts                            0x000002cd   Thumb Code    20  assert_puts.o(.text)
    _ttywrch                                 0x000002e1   Thumb Code    14  sys_wrch.o(.text)
    _sys_exit                                0x000002f1   Thumb Code     8  sys_exit.o(.text)
    __rt_SIGABRT                             0x000002fd   Thumb Code    14  defsig_abrt_outer.o(.text)
    __I$use$semihosting                      0x0000030b   Thumb Code     0  use_no_semi.o(.text)
    __use_no_semihosting_swi                 0x0000030b   Thumb Code     2  use_no_semi.o(.text)
    __semihosting_library_function           0x0000030d   Thumb Code     0  indicate_semi.o(.text)
    __user_setup_stackheap                   0x0000030d   Thumb Code    74  sys_stackheap_outer.o(.text)
    exit                                     0x00000357   Thumb Code    18  exit.o(.text)
    __sig_exit                               0x00000369   Thumb Code    10  defsig_exit.o(.text)
    __rt_SIGABRT_inner                       0x00000375   Thumb Code    14  defsig_abrt_inner.o(.text)
    __user_libspace                          0x000003a5   Thumb Code     8  libspace.o(.text)
    __user_perproc_libspace                  0x000003a5   Thumb Code     0  libspace.o(.text)
    __user_perthread_libspace                0x000003a5   Thumb Code     0  libspace.o(.text)
    __default_signal_display                 0x000003ad   Thumb Code    50  defsig_general.o(.text)
    SysTick_Handler                          0x000003df   Thumb Code     8  rt_time.o(i.SysTick_Handler)
    SystemInit                               0x000003e9   Thumb Code     8  system_armcm3.o(i.SystemInit)
    appInit                                  0x000003f9   Thumb Code    76  application.o(i.appInit)
    bitmapClear                              0x00000475   Thumb Code    34  bitmap.o(i.bitmapClear)
    bitmapGetFirstSet                        0x000004b5   Thumb Code    86  bitmap.o(i.bitmapGetFirstSet)
    bitmapInit                               0x00000511   Thumb Code     6  bitmap.o(i.bitmapInit)
    bitmapPosCount                           0x00000517   Thumb Code     4  bitmap.o(i.bitmapPosCount)
    bitmapSet                                0x0000051d   Thumb Code    34  bitmap.o(i.bitmapSet)
    checkNodeIsInList                        0x0000055d   Thumb Code    26  rt_list.o(i.checkNodeIsInList)
    enterCritical                            0x00000577   Thumb Code    12  lock.o(i.enterCritical)
    eventGetWaitNum                          0x00000583   Thumb Code    30  rt_event.o(i.eventGetWaitNum)
    eventInit                                0x000005a1   Thumb Code    16  rt_event.o(i.eventInit)
    eventRemoveTask                          0x000005b1   Thumb Code    54  rt_event.o(i.eventRemoveTask)
    eventWait                                0x000005e7   Thumb Code    76  rt_event.o(i.eventWait)
    eventWakeUp                              0x00000633   Thumb Code   122  rt_event.o(i.eventWakeUp)
    getFirstListNode                         0x000006ad   Thumb Code    14  rt_list.o(i.getFirstListNode)
    getHighestReadyTask                      0x000006bd   Thumb Code    32  rt_task.o(i.getHighestReadyTask)
    getListNodeNum                           0x000006e5   Thumb Code     6  rt_list.o(i.getListNodeNum)
    idleTaskEntry                            0x000006eb   Thumb Code     4  rt_task.o(i.idleTaskEntry)
    leaveCritical                            0x000006ef   Thumb Code    10  lock.o(i.leaveCritical)
    listHeadInit                             0x000006f9   Thumb Code    10  rt_list.o(i.listHeadInit)
    listNodeInit                             0x00000703   Thumb Code     8  rt_list.o(i.listNodeInit)
    listNodeInsert2Head                      0x0000070b   Thumb Code    24  rt_list.o(i.listNodeInsert2Head)
    listNodeInsert2Tail                      0x00000723   Thumb Code    24  rt_list.o(i.listNodeInsert2Tail)
    listRemove                               0x0000073b   Thumb Code    44  rt_list.o(i.listRemove)
    listRemoveFirst                          0x00000767   Thumb Code    38  rt_list.o(i.listRemoveFirst)
    main                                     0x0000078d   Thumb Code    26  main.o(i.main)
    rtosInit                                 0x000007ad   Thumb Code    68  main.o(i.rtosInit)
    runFirstTask2                            0x00000809   Thumb Code    28  switch.o(i.runFirstTask2)
    schedLockInit                            0x00000831   Thumb Code     8  lock.o(i.schedLockInit)
    semInit                                  0x0000083d   Thumb Code    38  semaphore.o(i.semInit)
    semPost                                  0x00000865   Thumb Code    78  semaphore.o(i.semPost)
    semWait                                  0x000008b9   Thumb Code    68  semaphore.o(i.semWait)
    setSysTick                               0x00000901   Thumb Code    74  rt_cpu.o(i.setSysTick)
    task1Entry                               0x00000959   Thumb Code   144  application.o(i.task1Entry)
    task2Entry                               0x00000a09   Thumb Code    28  application.o(i.task2Entry)
    task3Entry                               0x00000a29   Thumb Code    28  application.o(i.task3Entry)
    task4Entry                               0x00000a49   Thumb Code    28  application.o(i.task4Entry)
    taskDelay                                0x00000a69   Thumb Code    46  rt_time.o(i.taskDelay)
    taskDelayedListInit                      0x00000a9d   Thumb Code    10  rt_task.o(i.taskDelayedListInit)
    taskInit                                 0x00000aad   Thumb Code   204  rt_task.o(i.taskInit)
    taskSched                                0x00000b79   Thumb Code    56  rt_task.o(i.taskSched)
    taskSched2Delay                          0x00000bbd   Thumb Code    46  rt_task.o(i.taskSched2Delay)
    taskSched2Ready                          0x00000bf5   Thumb Code    38  rt_task.o(i.taskSched2Ready)
    taskSched2Undelay                        0x00000c25   Thumb Code    44  rt_task.o(i.taskSched2Undelay)
    taskSched2Unready                        0x00000c55   Thumb Code    86  rt_task.o(i.taskSched2Unready)
    taskSwitch                               0x00000cb5   Thumb Code    10  switch.o(i.taskSwitch)
    taskTimeSliceHandler                     0x00000cc5   Thumb Code   158  rt_time.o(i.taskTimeSliceHandler)
    timerDestory                             0x00000db9   Thumb Code    86  rt_timer.o(i.timerDestory)
    timerFuc                                 0x00000e1d   Thumb Code    12  application.o(i.timerFuc)
    timerFuncInit                            0x00000e29   Thumb Code    52  rt_timer.o(i.timerFuncInit)
    timerFuncPost                            0x00000e79   Thumb Code    16  rt_timer.o(i.timerFuncPost)
    timerGetInfo                             0x00000e91   Thumb Code    58  rt_timer.o(i.timerGetInfo)
    timerInit                                0x00000ecb   Thumb Code    56  rt_timer.o(i.timerInit)
    timerStart                               0x00000f05   Thumb Code   108  rt_timer.o(i.timerStart)
    Region$$Table$$Base                      0x000010a8   Number         0  anon$$obj.o(Region$$Table)
    Region$$Table$$Limit                     0x000010c8   Number         0  anon$$obj.o(Region$$Table)
    schedLockCount                           0x20000000   Data           1  lock.o(.data)
    taskPriorityBitmap                       0x20000004   Data           4  rt_task.o(.data)
    currentTask                              0x20000008   Data           4  rt_task.o(.data)
    nextTask                                 0x2000000c   Data           4  rt_task.o(.data)
    idleTask                                 0x20000010   Data           4  rt_task.o(.data)
    bit1                                     0x20000014   Data           4  application.o(.data)
    bit2                                     0x20000018   Data           4  application.o(.data)
    bit3                                     0x2000001c   Data           4  application.o(.data)
    task1Flag                                0x20000020   Data           4  application.o(.data)
    task2Flag                                0x20000024   Data           4  application.o(.data)
    task3Flag                                0x20000028   Data           4  application.o(.data)
    task4Flag                                0x2000002c   Data           4  application.o(.data)
    SystemCoreClock                          0x20000030   Data           4  system_armcm3.o(.data)
    _idleTask                                0x20000034   Data          72  rt_task.o(.bss)
    taskTable                                0x2000007c   Data         384  rt_task.o(.bss)
    idleTaskEnv                              0x200001fc   Data        2048  rt_task.o(.bss)
    task1Env                                 0x200009fc   Data        4096  application.o(.bss)
    task2Env                                 0x200019fc   Data        4096  application.o(.bss)
    task3Env                                 0x200029fc   Data        4096  application.o(.bss)
    task4Env                                 0x200039fc   Data        4096  application.o(.bss)
    ttask1                                   0x200049fc   Data          72  application.o(.bss)
    ttask2                                   0x20004a44   Data          72  application.o(.bss)
    ttask3                                   0x20004a8c   Data          72  application.o(.bss)
    ttask4                                   0x20004ad4   Data          72  application.o(.bss)
    timer1                                   0x20004b1c   Data          36  application.o(.bss)
    timer2                                   0x20004b40   Data          36  application.o(.bss)
    timer3                                   0x20004b64   Data          36  application.o(.bss)
    taskDelayedList                          0x20004b88   Data          12  rt_time.o(.bss)
    __libspace_start                         0x20005c24   Data          96  libspace.o(.bss)
    __temporary_stack_top$libspace           0x20005c84   Data           0  libspace.o(.bss)



==============================================================================

Memory Map of the image

  Image Entry point : 0x0000018d

  Load Region LR_1 (Base: 0x00000000, Size: 0x000010fc, Max: 0xffffffff, ABSOLUTE)

    Execution Region ER_RO (Base: 0x00000000, Size: 0x000010c8, Max: 0xffffffff, ABSOLUTE)

    Base Addr    Size         Type   Attr      Idx    E Section Name        Object

    0x00000000   0x000000c0   Data   RO          896    RESET               startup_armcm3.o
    0x000000c0   0x00000008   Code   RO          945  * !!!main             c_w.l(__main.o)
    0x000000c8   0x00000034   Code   RO         1110    !!!scatter          c_w.l(__scatter.o)
    0x000000fc   0x0000001a   Code   RO         1112    !!handler_copy      c_w.l(__scatter_copy.o)
    0x00000116   0x00000002   PAD
    0x00000118   0x0000001c   Code   RO         1114    !!handler_zi        c_w.l(__scatter_zi.o)
    0x00000134   0x00000002   Code   RO          993    .ARM.Collect$$libinit$$00000000  c_w.l(libinit.o)
    0x00000136   0x00000000   Code   RO         1004    .ARM.Collect$$libinit$$00000002  c_w.l(libinit2.o)
    0x00000136   0x00000000   Code   RO         1006    .ARM.Collect$$libinit$$00000004  c_w.l(libinit2.o)
    0x00000136   0x00000000   Code   RO         1009    .ARM.Collect$$libinit$$0000000A  c_w.l(libinit2.o)
    0x00000136   0x00000000   Code   RO         1011    .ARM.Collect$$libinit$$0000000C  c_w.l(libinit2.o)
    0x00000136   0x00000000   Code   RO         1013    .ARM.Collect$$libinit$$0000000E  c_w.l(libinit2.o)
    0x00000136   0x00000000   Code   RO         1016    .ARM.Collect$$libinit$$00000011  c_w.l(libinit2.o)
    0x00000136   0x00000000   Code   RO         1018    .ARM.Collect$$libinit$$00000013  c_w.l(libinit2.o)
    0x00000136   0x00000000   Code   RO         1020    .ARM.Collect$$libinit$$00000015  c_w.l(libinit2.o)
    0x00000136   0x00000000   Code   RO         1022    .ARM.Collect$$libinit$$00000017  c_w.l(libinit2.o)
    0x00000136   0x00000000   Code   RO         1024    .ARM.Collect$$libinit$$00000019  c_w.l(libinit2.o)
    0x00000136   0x00000000   Code   RO         1026    .ARM.Collect$$libinit$$0000001B  c_w.l(libinit2.o)
    0x00000136   0x00000000   Code   RO         1028    .ARM.Collect$$libinit$$0000001D  c_w.l(libinit2.o)
    0x00000136   0x00000000   Code   RO         1030    .ARM.Collect$$libinit$$0000001F  c_w.l(libinit2.o)
    0x00000136   0x00000000   Code   RO         1032    .ARM.Collect$$libinit$$00000021  c_w.l(libinit2.o)
    0x00000136   0x00000000   Code   RO         1034    .ARM.Collect$$libinit$$00000023  c_w.l(libinit2.o)
    0x00000136   0x00000000   Code   RO         1036    .ARM.Collect$$libinit$$00000025  c_w.l(libinit2.o)
    0x00000136   0x00000000   Code   RO         1040    .ARM.Collect$$libinit$$0000002C  c_w.l(libinit2.o)
    0x00000136   0x00000000   Code   RO         1042    .ARM.Collect$$libinit$$0000002E  c_w.l(libinit2.o)
    0x00000136   0x00000000   Code   RO         1044    .ARM.Collect$$libinit$$00000030  c_w.l(libinit2.o)
    0x00000136   0x00000000   Code   RO         1046    .ARM.Collect$$libinit$$00000032  c_w.l(libinit2.o)
    0x00000136   0x00000002   Code   RO         1047    .ARM.Collect$$libinit$$00000033  c_w.l(libinit2.o)
    0x00000138   0x00000002   Code   RO         1083    .ARM.Collect$$libshutdown$$00000000  c_w.l(libshutdown.o)
    0x0000013a   0x00000000   Code   RO         1093    .ARM.Collect$$libshutdown$$00000002  c_w.l(libshutdown2.o)
    0x0000013a   0x00000000   Code   RO         1095    .ARM.Collect$$libshutdown$$00000004  c_w.l(libshutdown2.o)
    0x0000013a   0x00000000   Code   RO         1098    .ARM.Collect$$libshutdown$$00000007  c_w.l(libshutdown2.o)
    0x0000013a   0x00000000   Code   RO         1101    .ARM.Collect$$libshutdown$$0000000A  c_w.l(libshutdown2.o)
    0x0000013a   0x00000000   Code   RO         1103    .ARM.Collect$$libshutdown$$0000000C  c_w.l(libshutdown2.o)
    0x0000013a   0x00000000   Code   RO         1106    .ARM.Collect$$libshutdown$$0000000F  c_w.l(libshutdown2.o)
    0x0000013a   0x00000002   Code   RO         1107    .ARM.Collect$$libshutdown$$00000010  c_w.l(libshutdown2.o)
    0x0000013c   0x00000000   Code   RO          947    .ARM.Collect$$rtentry$$00000000  c_w.l(__rtentry.o)
    0x0000013c   0x00000000   Code   RO          957    .ARM.Collect$$rtentry$$00000002  c_w.l(__rtentry2.o)
    0x0000013c   0x00000006   Code   RO          969    .ARM.Collect$$rtentry$$00000004  c_w.l(__rtentry4.o)
    0x00000142   0x00000000   Code   RO          959    .ARM.Collect$$rtentry$$00000009  c_w.l(__rtentry2.o)
    0x00000142   0x00000004   Code   RO          960    .ARM.Collect$$rtentry$$0000000A  c_w.l(__rtentry2.o)
    0x00000146   0x00000000   Code   RO          962    .ARM.Collect$$rtentry$$0000000C  c_w.l(__rtentry2.o)
    0x00000146   0x00000008   Code   RO          963    .ARM.Collect$$rtentry$$0000000D  c_w.l(__rtentry2.o)
    0x0000014e   0x00000002   Code   RO          997    .ARM.Collect$$rtexit$$00000000  c_w.l(rtexit.o)
    0x00000150   0x00000000   Code   RO         1049    .ARM.Collect$$rtexit$$00000002  c_w.l(rtexit2.o)
    0x00000150   0x00000004   Code   RO         1050    .ARM.Collect$$rtexit$$00000003  c_w.l(rtexit2.o)
    0x00000154   0x00000006   Code   RO         1051    .ARM.Collect$$rtexit$$00000004  c_w.l(rtexit2.o)
    0x0000015a   0x00000002   PAD
    0x0000015c   0x00000030   Code   RO           69    .emb_text           switch.o
    0x0000018c   0x00000040   Code   RO          897  * .text               startup_armcm3.o
    0x000001cc   0x00000080   Code   RO          939    .text               c_w.l(assert.o)
    0x0000024c   0x00000064   Code   RO          941    .text               c_w.l(rt_memcpy_w.o)
    0x000002b0   0x00000006   Code   RO          943    .text               c_w.l(heapauxi.o)
    0x000002b6   0x00000016   Code   RO          948    .text               c_w.l(abort.o)
    0x000002cc   0x00000014   Code   RO          950    .text               c_w.l(assert_puts.o)
    0x000002e0   0x0000000e   Code   RO          952    .text               c_w.l(sys_wrch.o)
    0x000002ee   0x00000002   PAD
    0x000002f0   0x0000000c   Code   RO          954    .text               c_w.l(sys_exit.o)
    0x000002fc   0x0000000e   Code   RO          971    .text               c_w.l(defsig_abrt_outer.o)
    0x0000030a   0x00000002   Code   RO          975    .text               c_w.l(use_no_semi.o)
    0x0000030c   0x00000000   Code   RO          977    .text               c_w.l(indicate_semi.o)
    0x0000030c   0x0000004a   Code   RO          978    .text               c_w.l(sys_stackheap_outer.o)
    0x00000356   0x00000012   Code   RO          982    .text               c_w.l(exit.o)
    0x00000368   0x0000000a   Code   RO          984    .text               c_w.l(defsig_exit.o)
    0x00000372   0x00000002   PAD
    0x00000374   0x00000030   Code   RO          986    .text               c_w.l(defsig_abrt_inner.o)
    0x000003a4   0x00000008   Code   RO          994    .text               c_w.l(libspace.o)
    0x000003ac   0x00000032   Code   RO         1001    .text               c_w.l(defsig_general.o)
    0x000003de   0x00000008   Code   RO          624    i.SysTick_Handler   rt_time.o
    0x000003e6   0x00000002   PAD
    0x000003e8   0x00000010   Code   RO          905    i.SystemInit        system_armcm3.o
    0x000003f8   0x0000007c   Code   RO          442    i.appInit           application.o
    0x00000474   0x00000040   Code   RO          181    i.bitmapClear       bitmap.o
    0x000004b4   0x0000005c   Code   RO          182    i.bitmapGetFirstSet  bitmap.o
    0x00000510   0x00000006   Code   RO          183    i.bitmapInit        bitmap.o
    0x00000516   0x00000004   Code   RO          184    i.bitmapPosCount    bitmap.o
    0x0000051a   0x00000002   PAD
    0x0000051c   0x00000040   Code   RO          185    i.bitmapSet         bitmap.o
    0x0000055c   0x0000001a   Code   RO          352    i.checkNodeIsInList  rt_list.o
    0x00000576   0x0000000c   Code   RO          130    i.enterCritical     lock.o
    0x00000582   0x0000001e   Code   RO          522    i.eventGetWaitNum   rt_event.o
    0x000005a0   0x00000010   Code   RO          523    i.eventInit         rt_event.o
    0x000005b0   0x00000036   Code   RO          526    i.eventRemoveTask   rt_event.o
    0x000005e6   0x0000004c   Code   RO          527    i.eventWait         rt_event.o
    0x00000632   0x0000007a   Code   RO          528    i.eventWakeUp       rt_event.o
    0x000006ac   0x0000000e   Code   RO          353    i.getFirstListNode  rt_list.o
    0x000006ba   0x00000002   PAD
    0x000006bc   0x00000028   Code   RO          224    i.getHighestReadyTask  rt_task.o
    0x000006e4   0x00000006   Code   RO          355    i.getListNodeNum    rt_list.o
    0x000006ea   0x00000004   Code   RO          225    i.idleTaskEntry     rt_task.o
    0x000006ee   0x0000000a   Code   RO          131    i.leaveCritical     lock.o
    0x000006f8   0x0000000a   Code   RO          359    i.listHeadInit      rt_list.o
    0x00000702   0x00000008   Code   RO          361    i.listNodeInit      rt_list.o
    0x0000070a   0x00000018   Code   RO          362    i.listNodeInsert2Head  rt_list.o
    0x00000722   0x00000018   Code   RO          363    i.listNodeInsert2Tail  rt_list.o
    0x0000073a   0x0000002c   Code   RO          364    i.listRemove        rt_list.o
    0x00000766   0x00000026   Code   RO          365    i.listRemoveFirst   rt_list.o
    0x0000078c   0x00000020   Code   RO            1    i.main              main.o
    0x000007ac   0x0000005c   Code   RO            2    i.rtosInit          main.o
    0x00000808   0x00000028   Code   RO           71    i.runFirstTask2     switch.o
    0x00000830   0x0000000c   Code   RO          133    i.schedLockInit     lock.o
    0x0000083c   0x00000026   Code   RO          658    i.semInit           semaphore.o
    0x00000862   0x00000002   PAD
    0x00000864   0x00000054   Code   RO          659    i.semPost           semaphore.o
    0x000008b8   0x00000048   Code   RO          660    i.semWait           semaphore.o
    0x00000900   0x00000058   Code   RO          497    i.setSysTick        rt_cpu.o
    0x00000958   0x000000b0   Code   RO          444    i.task1Entry        application.o
    0x00000a08   0x00000020   Code   RO          445    i.task2Entry        application.o
    0x00000a28   0x00000020   Code   RO          446    i.task3Entry        application.o
    0x00000a48   0x00000020   Code   RO          447    i.task4Entry        application.o
    0x00000a68   0x00000034   Code   RO          625    i.taskDelay         rt_time.o
    0x00000a9c   0x00000010   Code   RO          226    i.taskDelayedListInit  rt_task.o
    0x00000aac   0x000000cc   Code   RO          230    i.taskInit          rt_task.o
    0x00000b78   0x00000044   Code   RO          233    i.taskSched         rt_task.o
    0x00000bbc   0x00000038   Code   RO          234    i.taskSched2Delay   rt_task.o
    0x00000bf4   0x00000030   Code   RO          235    i.taskSched2Ready   rt_task.o
    0x00000c24   0x00000030   Code   RO          236    i.taskSched2Undelay  rt_task.o
    0x00000c54   0x00000060   Code   RO          237    i.taskSched2Unready  rt_task.o
    0x00000cb4   0x00000010   Code   RO           72    i.taskSwitch        switch.o
    0x00000cc4   0x000000ac   Code   RO          626    i.taskTimeSliceHandler  rt_time.o
    0x00000d70   0x00000048   Code   RO          828    i.timerCallFuncList  rt_timer.o
    0x00000db8   0x00000064   Code   RO          829    i.timerDestory      rt_timer.o
    0x00000e1c   0x0000000c   Code   RO          448    i.timerFuc          application.o
    0x00000e28   0x00000050   Code   RO          830    i.timerFuncInit     rt_timer.o
    0x00000e78   0x00000018   Code   RO          831    i.timerFuncPost     rt_timer.o
    0x00000e90   0x0000003a   Code   RO          832    i.timerGetInfo      rt_timer.o
    0x00000eca   0x00000038   Code   RO          833    i.timerInit         rt_timer.o
    0x00000f02   0x00000002   PAD
    0x00000f04   0x00000078   Code   RO          835    i.timerStart        rt_timer.o
    0x00000f7c   0x0000002c   Code   RO          837    i.timerTaskFunc     rt_timer.o
    0x00000fa8   0x00000100   Data   RO          186    .constdata          bitmap.o
    0x000010a8   0x00000020   Data   RO         1108    Region$$Table       anon$$obj.o


    Execution Region ER_RW (Base: 0x20000000, Size: 0x00000034, Max: 0xffffffff, ABSOLUTE)

    Base Addr    Size         Type   Attr      Idx    E Section Name        Object

    0x20000000   0x00000001   Data   RW          135    .data               lock.o
    0x20000001   0x00000003   PAD
    0x20000004   0x00000010   Data   RW          242    .data               rt_task.o
    0x20000014   0x0000001c   Data   RW          450    .data               application.o
    0x20000030   0x00000004   Data   RW          906    .data               system_armcm3.o


    Execution Region ER_ZI (Base: 0x20000034, Size: 0x00006c54, Max: 0xffffffff, ABSOLUTE)

    Base Addr    Size         Type   Attr      Idx    E Section Name        Object

    0x20000034   0x000009c8   Zero   RW          241    .bss                rt_task.o
    0x200009fc   0x0000418c   Zero   RW          449    .bss                application.o
    0x20004b88   0x0000000c   Zero   RW          627    .bss                rt_time.o
    0x20004b94   0x00001090   Zero   RW          838    .bss                rt_timer.o
    0x20005c24   0x00000060   Zero   RW          995    .bss                c_w.l(libspace.o)
    0x20005c84   0x00000004   PAD
    0x20005c88   0x00000c00   Zero   RW          895    HEAP                startup_armcm3.o
    0x20006888   0x00000400   Zero   RW          894    STACK               startup_armcm3.o


==============================================================================

Image component sizes


      Code (inc. data)   RO Data    RW Data    ZI Data      Debug   Object Name

       408         92          0         28      16780       3887   application.o
       230         66        256          0          0       2744   bitmap.o
        34          4          0          1          0       4401   lock.o
       124         30          0          0          0       9261   main.o
        88         14          0          0          0      24304   rt_cpu.o
       298          0          0          0          0       3570   rt_event.o
       194          0          0          0          0       4841   rt_list.o
       580         60          0         16       2504       6676   rt_task.o
       232         20          0          0         12       3498   rt_time.o
       554         74          0          0       4240       5055   rt_timer.o
       194         10          0          0          0       2066   semaphore.o
        64         26        192          0       4096        840   startup_armcm3.o
       104         26          0          0          0       7049   switch.o
        16          8          0          4          0        659   system_armcm3.o

    ----------------------------------------------------------------------
      3130        430        480         52      27632      78851   Object Totals
         0          0         32          0          0          0   (incl. Generated)
        10          0          0          3          0          0   (incl. Padding)

    ----------------------------------------------------------------------

      Code (inc. data)   RO Data    RW Data    ZI Data      Debug   Library Member Name

         8          0          0          0          0         68   __main.o
         0          0          0          0          0          0   __rtentry.o
        12          0          0          0          0          0   __rtentry2.o
         6          0          0          0          0          0   __rtentry4.o
        52          8          0          0          0          0   __scatter.o
        26          0          0          0          0          0   __scatter_copy.o
        28          0          0          0          0          0   __scatter_zi.o
        22          0          0          0          0         80   abort.o
       128         42          0          0          0         76   assert.o
        20          0          0          0          0         76   assert_puts.o
        48         34          0          0          0         76   defsig_abrt_inner.o
        14          0          0          0          0         80   defsig_abrt_outer.o
        10          0          0          0          0         68   defsig_exit.o
        50          0          0          0          0         88   defsig_general.o
        18          0          0          0          0         80   exit.o
         6          0          0          0          0        152   heapauxi.o
         0          0          0          0          0          0   indicate_semi.o
         2          0          0          0          0          0   libinit.o
         2          0          0          0          0          0   libinit2.o
         2          0          0          0          0          0   libshutdown.o
         2          0          0          0          0          0   libshutdown2.o
         8          4          0          0         96         68   libspace.o
       100          0          0          0          0         80   rt_memcpy_w.o
         2          0          0          0          0          0   rtexit.o
        10          0          0          0          0          0   rtexit2.o
        12          4          0          0          0         68   sys_exit.o
        74          0          0          0          0         80   sys_stackheap_outer.o
        14          0          0          0          0         76   sys_wrch.o
         2          0          0          0          0         68   use_no_semi.o

    ----------------------------------------------------------------------
       686         92          0          0        100       1284   Library Totals
         8          0          0          0          4          0   (incl. Padding)

    ----------------------------------------------------------------------

      Code (inc. data)   RO Data    RW Data    ZI Data      Debug   Library Name

       678         92          0          0         96       1284   c_w.l

    ----------------------------------------------------------------------
       686         92          0          0        100       1284   Library Totals

    ----------------------------------------------------------------------

==============================================================================


      Code (inc. data)   RO Data    RW Data    ZI Data      Debug   

      3816        522        480         52      27732      76699   Grand Totals
      3816        522        480         52      27732      76699   ELF Image Totals
      3816        522        480         52          0          0   ROM Totals

==============================================================================

    Total RO  Size (Code + RO Data)                 4296 (   4.20kB)
    Total RW  Size (RW Data + ZI Data)             27784 (  27.13kB)
    Total ROM Size (Code + RO Data + RW Data)       4348 (   4.25kB)

==============================================================================

