Component: ARM Compiler 5.06 update 3 (build 300) Tool: armlink [4d35c9]

==============================================================================

Section Cross References

    main.o(i.main) refers to main.o(i.rtosInit) for rtosInit
    main.o(i.main) refers to rt_task.o(i.taskInit) for taskInit
    main.o(i.main) refers to rt_task.o(i.getHighestReadyTask) for getHighestReadyTask
    main.o(i.main) refers to switch.o(i.runFirstTask2) for runFirstTask2
    main.o(i.main) refers to main.o(.bss) for task1Env
    main.o(i.main) refers to main.o(i.task1Entry) for task1Entry
    main.o(i.main) refers to main.o(i.task2Entry) for task2Entry
    main.o(i.main) refers to main.o(i.task3Entry) for task3Entry
    main.o(i.main) refers to rt_task.o(.data) for nextTask
    main.o(i.rtosInit) refers to lock.o(i.schedLockInit) for schedLockInit
    main.o(i.rtosInit) refers to bitmap.o(i.bitmapInit) for bitmapInit
    main.o(i.rtosInit) refers to rt_task.o(i.taskDelayedListInit) for taskDelayedListInit
    main.o(i.rtosInit) refers to rt_list.o(i.listHeadInit) for listHeadInit
    main.o(i.rtosInit) refers to rt_task.o(i.taskInit) for taskInit
    main.o(i.rtosInit) refers to rt_task.o(.data) for taskPriorityBitmap
    main.o(i.rtosInit) refers to rt_task.o(.bss) for taskTable
    main.o(i.rtosInit) refers to rt_task.o(i.idleTaskEntry) for idleTaskEntry
    main.o(i.task1Entry) refers to rt_task.o(i.setSysTick) for setSysTick
    main.o(i.task1Entry) refers to rt_task.o(i.taskDelay) for taskDelay
    main.o(i.task1Entry) refers to main.o(.data) for task1Flag
    main.o(i.task2Entry) refers to main.o(i.delay) for delay
    main.o(i.task2Entry) refers to main.o(.data) for task2Flag
    main.o(i.task3Entry) refers to main.o(i.delay) for delay
    main.o(i.task3Entry) refers to main.o(.data) for task3Flag
    switch.o(.emb_text) refers to rt_task.o(.data) for currentTask
    switch.o(i.runFirstTask2) refers to rt_task.o(.bss) for idleTaskEnv
    switch.o(i.runFirstTask2) refers to rt_task.o(.data) for currentTask
    lock.o(i.lockSched) refers to lock.o(i.enterCritical) for enterCritical
    lock.o(i.lockSched) refers to lock.o(i.leaveCritical) for leaveCritical
    lock.o(i.lockSched) refers to lock.o(.data) for schedLockCount
    lock.o(i.schedLockInit) refers to lock.o(.data) for schedLockCount
    lock.o(i.unlockSched) refers to lock.o(i.enterCritical) for enterCritical
    lock.o(i.unlockSched) refers to rt_task.o(i.taskSched) for taskSched
    lock.o(i.unlockSched) refers to lock.o(i.leaveCritical) for leaveCritical
    lock.o(i.unlockSched) refers to lock.o(.data) for schedLockCount
    bitmap.o(i.bitmapClear) refers to assert.o(.text) for __aeabi_assert
    bitmap.o(i.bitmapGetFirstSet) refers to bitmap.o(i.bitmapPosCount) for bitmapPosCount
    bitmap.o(i.bitmapGetFirstSet) refers to bitmap.o(.constdata) for quickFindTable
    bitmap.o(i.bitmapSet) refers to assert.o(.text) for __aeabi_assert
    rt_task.o(i.SysTick_Handler) refers to rt_task.o(i.taskTimeSliceHandler) for taskTimeSliceHandler
    rt_task.o(i.getHighestReadyTask) refers to bitmap.o(i.bitmapGetFirstSet) for bitmapGetFirstSet
    rt_task.o(i.getHighestReadyTask) refers to rt_list.o(i.getFirstListNode) for getFirstListNode
    rt_task.o(i.getHighestReadyTask) refers to rt_task.o(.data) for taskPriorityBitmap
    rt_task.o(i.getHighestReadyTask) refers to rt_task.o(.bss) for taskTable
    rt_task.o(i.setSysTick) refers to system_armcm3.o(.data) for SystemCoreClock
    rt_task.o(i.taskDelay) refers to lock.o(i.enterCritical) for enterCritical
    rt_task.o(i.taskDelay) refers to rt_task.o(i.taskWait) for taskWait
    rt_task.o(i.taskDelay) refers to rt_task.o(i.taskSched2Unready) for taskSched2Unready
    rt_task.o(i.taskDelay) refers to lock.o(i.leaveCritical) for leaveCritical
    rt_task.o(i.taskDelay) refers to rt_task.o(i.taskSched) for taskSched
    rt_task.o(i.taskDelay) refers to rt_task.o(.data) for currentTask
    rt_task.o(i.taskDelayedListInit) refers to rt_list.o(i.listHeadInit) for listHeadInit
    rt_task.o(i.taskDelayedListInit) refers to rt_task.o(.bss) for taskDelayedList
    rt_task.o(i.taskInit) refers to rt_list.o(i.listNodeInit) for listNodeInit
    rt_task.o(i.taskInit) refers to rt_list.o(i.listNodeInsert2Head) for listNodeInsert2Head
    rt_task.o(i.taskInit) refers to bitmap.o(i.bitmapSet) for bitmapSet
    rt_task.o(i.taskInit) refers to rt_task.o(.bss) for taskTable
    rt_task.o(i.taskInit) refers to rt_task.o(.data) for taskPriorityBitmap
    rt_task.o(i.taskSched) refers to lock.o(i.enterCritical) for enterCritical
    rt_task.o(i.taskSched) refers to lock.o(i.leaveCritical) for leaveCritical
    rt_task.o(i.taskSched) refers to rt_task.o(i.getHighestReadyTask) for getHighestReadyTask
    rt_task.o(i.taskSched) refers to switch.o(i.taskSwitch) for taskSwitch
    rt_task.o(i.taskSched) refers to lock.o(.data) for schedLockCount
    rt_task.o(i.taskSched) refers to rt_task.o(.data) for currentTask
    rt_task.o(i.taskSched2Ready) refers to rt_list.o(i.listNodeInsert2Head) for listNodeInsert2Head
    rt_task.o(i.taskSched2Ready) refers to bitmap.o(i.bitmapSet) for bitmapSet
    rt_task.o(i.taskSched2Ready) refers to rt_task.o(.bss) for taskTable
    rt_task.o(i.taskSched2Ready) refers to rt_task.o(.data) for taskPriorityBitmap
    rt_task.o(i.taskSched2Unready) refers to rt_list.o(i.listRemove) for listRemove
    rt_task.o(i.taskSched2Unready) refers to rt_list.o(i.getListNodeNum) for getListNodeNum
    rt_task.o(i.taskSched2Unready) refers to bitmap.o(i.bitmapClear) for bitmapClear
    rt_task.o(i.taskSched2Unready) refers to rt_task.o(.bss) for taskTable
    rt_task.o(i.taskSched2Unready) refers to rt_task.o(.data) for taskPriorityBitmap
    rt_task.o(i.taskTimeSliceHandler) refers to rt_task.o(i.taskWakeUp) for taskWakeUp
    rt_task.o(i.taskTimeSliceHandler) refers to rt_task.o(i.taskSched2Ready) for taskSched2Ready
    rt_task.o(i.taskTimeSliceHandler) refers to rt_list.o(i.getListNodeNum) for getListNodeNum
    rt_task.o(i.taskTimeSliceHandler) refers to rt_list.o(i.listRemoveFirst) for listRemoveFirst
    rt_task.o(i.taskTimeSliceHandler) refers to rt_list.o(i.listNodeInsert2Tail) for listNodeInsert2Tail
    rt_task.o(i.taskTimeSliceHandler) refers to rt_task.o(i.taskSched) for taskSched
    rt_task.o(i.taskTimeSliceHandler) refers to rt_task.o(.bss) for taskDelayedList
    rt_task.o(i.taskTimeSliceHandler) refers to rt_task.o(.data) for currentTask
    rt_task.o(i.taskWait) refers to rt_list.o(i.listNodeInsert2Head) for listNodeInsert2Head
    rt_task.o(i.taskWait) refers to rt_task.o(.bss) for taskDelayedList
    rt_task.o(i.taskWakeUp) refers to rt_list.o(i.listRemove) for listRemove
    rt_task.o(i.taskWakeUp) refers to rt_task.o(.bss) for taskDelayedList
    startup_armcm3.o(STACK) refers (Special) to heapauxi.o(.text) for __use_two_region_memory
    startup_armcm3.o(HEAP) refers (Special) to heapauxi.o(.text) for __use_two_region_memory
    startup_armcm3.o(RESET) refers (Special) to heapauxi.o(.text) for __use_two_region_memory
    startup_armcm3.o(RESET) refers to startup_armcm3.o(STACK) for __initial_sp
    startup_armcm3.o(RESET) refers to startup_armcm3.o(.text) for Reset_Handler
    startup_armcm3.o(RESET) refers to switch.o(.emb_text) for PendSV_Handler
    startup_armcm3.o(RESET) refers to rt_task.o(i.SysTick_Handler) for SysTick_Handler
    startup_armcm3.o(.text) refers (Special) to heapauxi.o(.text) for __use_two_region_memory
    startup_armcm3.o(.text) refers to system_armcm3.o(i.SystemInit) for SystemInit
    startup_armcm3.o(.text) refers to __main.o(!!!main) for __main
    startup_armcm3.o(.text) refers to startup_armcm3.o(HEAP) for Heap_Mem
    startup_armcm3.o(.text) refers to startup_armcm3.o(STACK) for Stack_Mem
    system_armcm3.o(i.SystemCoreClockUpdate) refers to system_armcm3.o(.data) for SystemCoreClock
    system_armcm3.o(i.SystemInit) refers to system_armcm3.o(.data) for SystemCoreClock
    assert.o(.text) refers to assert_puts.o(.text) for __assert_puts
    assert.o(.text) refers to abort.o(.text) for abort
    __main.o(!!!main) refers to __rtentry.o(.ARM.Collect$$rtentry$$00000000) for __rt_entry
    __rtentry.o(.ARM.Collect$$rtentry$$00000000) refers (Special) to __rtentry2.o(.ARM.Collect$$rtentry$$0000000A) for __rt_entry_li
    __rtentry.o(.ARM.Collect$$rtentry$$00000000) refers (Special) to __rtentry2.o(.ARM.Collect$$rtentry$$0000000D) for __rt_entry_main
    __rtentry.o(.ARM.Collect$$rtentry$$00000000) refers (Special) to __rtentry2.o(.ARM.Collect$$rtentry$$0000000C) for __rt_entry_postli_1
    __rtentry.o(.ARM.Collect$$rtentry$$00000000) refers (Special) to __rtentry2.o(.ARM.Collect$$rtentry$$00000009) for __rt_entry_postsh_1
    __rtentry.o(.ARM.Collect$$rtentry$$00000000) refers (Special) to __rtentry2.o(.ARM.Collect$$rtentry$$00000002) for __rt_entry_presh_1
    __rtentry.o(.ARM.Collect$$rtentry$$00000000) refers (Special) to __rtentry4.o(.ARM.Collect$$rtentry$$00000004) for __rt_entry_sh
    abort.o(.text) refers to defsig_abrt_outer.o(.text) for __rt_SIGABRT
    abort.o(.text) refers (Weak) to libshutdown.o(.ARM.Collect$$libshutdown$$00000000) for __rt_lib_shutdown
    abort.o(.text) refers to sys_exit.o(.text) for _sys_exit
    assert_puts.o(.text) refers to sys_wrch.o(.text) for _ttywrch
    sys_wrch.o(.text) refers (Special) to use_no_semi.o(.text) for __I$use$semihosting
    sys_wrch.o(.text) refers (Special) to indicate_semi.o(.text) for __semihosting_library_function
    sys_exit.o(.text) refers (Special) to use_no_semi.o(.text) for __I$use$semihosting
    sys_exit.o(.text) refers (Special) to indicate_semi.o(.text) for __semihosting_library_function
    __rtentry2.o(.ARM.Collect$$rtentry$$00000008) refers to boardinit2.o(.text) for _platform_post_stackheap_init
    __rtentry2.o(.ARM.Collect$$rtentry$$0000000A) refers to libinit.o(.ARM.Collect$$libinit$$00000000) for __rt_lib_init
    __rtentry2.o(.ARM.Collect$$rtentry$$0000000B) refers to boardinit3.o(.text) for _platform_post_lib_init
    __rtentry2.o(.ARM.Collect$$rtentry$$0000000D) refers to main.o(i.main) for main
    __rtentry2.o(.ARM.Collect$$rtentry$$0000000D) refers to exit.o(.text) for exit
    __rtentry2.o(.ARM.exidx) refers to __rtentry2.o(.ARM.Collect$$rtentry$$00000001) for .ARM.Collect$$rtentry$$00000001
    __rtentry2.o(.ARM.exidx) refers to __rtentry2.o(.ARM.Collect$$rtentry$$00000008) for .ARM.Collect$$rtentry$$00000008
    __rtentry2.o(.ARM.exidx) refers to __rtentry2.o(.ARM.Collect$$rtentry$$0000000A) for .ARM.Collect$$rtentry$$0000000A
    __rtentry2.o(.ARM.exidx) refers to __rtentry2.o(.ARM.Collect$$rtentry$$0000000B) for .ARM.Collect$$rtentry$$0000000B
    __rtentry2.o(.ARM.exidx) refers to __rtentry2.o(.ARM.Collect$$rtentry$$0000000D) for .ARM.Collect$$rtentry$$0000000D
    __rtentry4.o(.ARM.Collect$$rtentry$$00000004) refers to sys_stackheap_outer.o(.text) for __user_setup_stackheap
    __rtentry4.o(.ARM.exidx) refers to __rtentry4.o(.ARM.Collect$$rtentry$$00000004) for .ARM.Collect$$rtentry$$00000004
    defsig_abrt_outer.o(.text) refers to defsig_abrt_inner.o(.text) for __rt_SIGABRT_inner
    defsig_abrt_outer.o(.text) refers to defsig_exit.o(.text) for __sig_exit
    defsig_abrt_formal.o(.text) refers to rt_raise.o(.text) for __rt_raise
    sys_stackheap_outer.o(.text) refers to libspace.o(.text) for __user_perproc_libspace
    sys_stackheap_outer.o(.text) refers to startup_armcm3.o(.text) for __user_initial_stackheap
    rt_raise.o(.text) refers to __raise.o(.text) for __raise
    rt_raise.o(.text) refers to sys_exit.o(.text) for _sys_exit
    exit.o(.text) refers to rtexit.o(.ARM.Collect$$rtexit$$00000000) for __rt_exit
    defsig_exit.o(.text) refers to sys_exit.o(.text) for _sys_exit
    defsig_abrt_inner.o(.text) refers to defsig_general.o(.text) for __default_signal_display
    libinit.o(.ARM.Collect$$libinit$$00000000) refers (Special) to libinit2.o(.ARM.Collect$$libinit$$0000002E) for __rt_lib_init_alloca_1
    libinit.o(.ARM.Collect$$libinit$$00000000) refers (Special) to libinit2.o(.ARM.Collect$$libinit$$0000002C) for __rt_lib_init_argv_1
    libinit.o(.ARM.Collect$$libinit$$00000000) refers (Special) to libinit2.o(.ARM.Collect$$libinit$$0000001B) for __rt_lib_init_atexit_1
    libinit.o(.ARM.Collect$$libinit$$00000000) refers (Special) to libinit2.o(.ARM.Collect$$libinit$$00000021) for __rt_lib_init_clock_1
    libinit.o(.ARM.Collect$$libinit$$00000000) refers (Special) to libinit2.o(.ARM.Collect$$libinit$$00000032) for __rt_lib_init_cpp_1
    libinit.o(.ARM.Collect$$libinit$$00000000) refers (Special) to libinit2.o(.ARM.Collect$$libinit$$00000030) for __rt_lib_init_exceptions_1
    libinit.o(.ARM.Collect$$libinit$$00000000) refers (Special) to libinit2.o(.ARM.Collect$$libinit$$00000002) for __rt_lib_init_fp_1
    libinit.o(.ARM.Collect$$libinit$$00000000) refers (Special) to libinit2.o(.ARM.Collect$$libinit$$0000001F) for __rt_lib_init_fp_trap_1
    libinit.o(.ARM.Collect$$libinit$$00000000) refers (Special) to libinit2.o(.ARM.Collect$$libinit$$00000023) for __rt_lib_init_getenv_1
    libinit.o(.ARM.Collect$$libinit$$00000000) refers (Special) to libinit2.o(.ARM.Collect$$libinit$$0000000A) for __rt_lib_init_heap_1
    libinit.o(.ARM.Collect$$libinit$$00000000) refers (Special) to libinit2.o(.ARM.Collect$$libinit$$00000011) for __rt_lib_init_lc_collate_1
    libinit.o(.ARM.Collect$$libinit$$00000000) refers (Special) to libinit2.o(.ARM.Collect$$libinit$$00000013) for __rt_lib_init_lc_ctype_1
    libinit.o(.ARM.Collect$$libinit$$00000000) refers (Special) to libinit2.o(.ARM.Collect$$libinit$$00000015) for __rt_lib_init_lc_monetary_1
    libinit.o(.ARM.Collect$$libinit$$00000000) refers (Special) to libinit2.o(.ARM.Collect$$libinit$$00000017) for __rt_lib_init_lc_numeric_1
    libinit.o(.ARM.Collect$$libinit$$00000000) refers (Special) to libinit2.o(.ARM.Collect$$libinit$$00000019) for __rt_lib_init_lc_time_1
    libinit.o(.ARM.Collect$$libinit$$00000000) refers (Special) to libinit2.o(.ARM.Collect$$libinit$$00000004) for __rt_lib_init_preinit_1
    libinit.o(.ARM.Collect$$libinit$$00000000) refers (Special) to libinit2.o(.ARM.Collect$$libinit$$0000000E) for __rt_lib_init_rand_1
    libinit.o(.ARM.Collect$$libinit$$00000000) refers (Special) to libinit2.o(.ARM.Collect$$libinit$$00000033) for __rt_lib_init_return
    libinit.o(.ARM.Collect$$libinit$$00000000) refers (Special) to libinit2.o(.ARM.Collect$$libinit$$0000001D) for __rt_lib_init_signal_1
    libinit.o(.ARM.Collect$$libinit$$00000000) refers (Special) to libinit2.o(.ARM.Collect$$libinit$$00000025) for __rt_lib_init_stdio_1
    libinit.o(.ARM.Collect$$libinit$$00000000) refers (Special) to libinit2.o(.ARM.Collect$$libinit$$0000000C) for __rt_lib_init_user_alloc_1
    libspace.o(.text) refers to libspace.o(.bss) for __libspace_start
    rtexit.o(.ARM.Collect$$rtexit$$00000000) refers (Special) to rtexit2.o(.ARM.Collect$$rtexit$$00000004) for __rt_exit_exit
    rtexit.o(.ARM.Collect$$rtexit$$00000000) refers (Special) to rtexit2.o(.ARM.Collect$$rtexit$$00000003) for __rt_exit_ls
    rtexit.o(.ARM.Collect$$rtexit$$00000000) refers (Special) to rtexit2.o(.ARM.Collect$$rtexit$$00000002) for __rt_exit_prels_1
    rtexit.o(.ARM.exidx) refers (Special) to rtexit2.o(.ARM.Collect$$rtexit$$00000004) for __rt_exit_exit
    rtexit.o(.ARM.exidx) refers (Special) to rtexit2.o(.ARM.Collect$$rtexit$$00000003) for __rt_exit_ls
    rtexit.o(.ARM.exidx) refers (Special) to rtexit2.o(.ARM.Collect$$rtexit$$00000002) for __rt_exit_prels_1
    rtexit.o(.ARM.exidx) refers to rtexit.o(.ARM.Collect$$rtexit$$00000000) for .ARM.Collect$$rtexit$$00000000
    __raise.o(.text) refers to defsig.o(CL$$defsig) for __default_signal_handler
    defsig_general.o(.text) refers to sys_wrch.o(.text) for _ttywrch
    libinit2.o(.ARM.Collect$$libinit$$00000010) refers to libinit2.o(.ARM.Collect$$libinit$$0000000F) for .ARM.Collect$$libinit$$0000000F
    libinit2.o(.ARM.Collect$$libinit$$00000012) refers to libinit2.o(.ARM.Collect$$libinit$$0000000F) for .ARM.Collect$$libinit$$0000000F
    libinit2.o(.ARM.Collect$$libinit$$00000014) refers to libinit2.o(.ARM.Collect$$libinit$$0000000F) for .ARM.Collect$$libinit$$0000000F
    libinit2.o(.ARM.Collect$$libinit$$00000016) refers to libinit2.o(.ARM.Collect$$libinit$$0000000F) for .ARM.Collect$$libinit$$0000000F
    libinit2.o(.ARM.Collect$$libinit$$00000018) refers to libinit2.o(.ARM.Collect$$libinit$$0000000F) for .ARM.Collect$$libinit$$0000000F
    libinit2.o(.ARM.Collect$$libinit$$00000026) refers to argv_veneer.o(.emb_text) for __ARM_argv_veneer
    libinit2.o(.ARM.Collect$$libinit$$00000027) refers to argv_veneer.o(.emb_text) for __ARM_argv_veneer
    rtexit2.o(.ARM.Collect$$rtexit$$00000003) refers to libshutdown.o(.ARM.Collect$$libshutdown$$00000000) for __rt_lib_shutdown
    rtexit2.o(.ARM.Collect$$rtexit$$00000004) refers to sys_exit.o(.text) for _sys_exit
    rtexit2.o(.ARM.exidx) refers to rtexit2.o(.ARM.Collect$$rtexit$$00000001) for .ARM.Collect$$rtexit$$00000001
    rtexit2.o(.ARM.exidx) refers to rtexit2.o(.ARM.Collect$$rtexit$$00000003) for .ARM.Collect$$rtexit$$00000003
    rtexit2.o(.ARM.exidx) refers to rtexit2.o(.ARM.Collect$$rtexit$$00000004) for .ARM.Collect$$rtexit$$00000004
    defsig.o(CL$$defsig) refers to defsig_abrt_inner.o(.text) for __rt_SIGABRT_inner
    defsig.o(CL$$defsig) refers to defsig_rtmem_inner.o(.text) for __rt_SIGRTMEM_inner
    argv_veneer.o(.emb_text) refers to no_argv.o(.text) for __ARM_get_argv
    defsig_fpe_inner.o(.text) refers to defsig_general.o(.text) for __default_signal_display
    defsig_rtred_inner.o(.text) refers to defsig_general.o(.text) for __default_signal_display
    defsig_rtmem_inner.o(.text) refers to defsig_general.o(.text) for __default_signal_display
    defsig_stak_inner.o(.text) refers to defsig_general.o(.text) for __default_signal_display
    defsig_pvfn_inner.o(.text) refers to defsig_general.o(.text) for __default_signal_display
    defsig_cppl_inner.o(.text) refers to defsig_general.o(.text) for __default_signal_display
    defsig_segv_inner.o(.text) refers to defsig_general.o(.text) for __default_signal_display
    defsig_other.o(.text) refers to defsig_general.o(.text) for __default_signal_display
    _get_argv_nomalloc.o(.text) refers (Special) to hrguard.o(.text) for __heap_region$guard
    _get_argv_nomalloc.o(.text) refers to defsig_rtmem_outer.o(.text) for __rt_SIGRTMEM
    _get_argv_nomalloc.o(.text) refers to sys_command.o(.text) for _sys_command_string
    libshutdown.o(.ARM.Collect$$libshutdown$$00000000) refers (Special) to libshutdown2.o(.ARM.Collect$$libshutdown$$00000002) for __rt_lib_shutdown_cpp_1
    libshutdown.o(.ARM.Collect$$libshutdown$$00000000) refers (Special) to libshutdown2.o(.ARM.Collect$$libshutdown$$00000007) for __rt_lib_shutdown_fp_trap_1
    libshutdown.o(.ARM.Collect$$libshutdown$$00000000) refers (Special) to libshutdown2.o(.ARM.Collect$$libshutdown$$0000000F) for __rt_lib_shutdown_heap_1
    libshutdown.o(.ARM.Collect$$libshutdown$$00000000) refers (Special) to libshutdown2.o(.ARM.Collect$$libshutdown$$00000010) for __rt_lib_shutdown_return
    libshutdown.o(.ARM.Collect$$libshutdown$$00000000) refers (Special) to libshutdown2.o(.ARM.Collect$$libshutdown$$0000000A) for __rt_lib_shutdown_signal_1
    libshutdown.o(.ARM.Collect$$libshutdown$$00000000) refers (Special) to libshutdown2.o(.ARM.Collect$$libshutdown$$00000004) for __rt_lib_shutdown_stdio_1
    libshutdown.o(.ARM.Collect$$libshutdown$$00000000) refers (Special) to libshutdown2.o(.ARM.Collect$$libshutdown$$0000000C) for __rt_lib_shutdown_user_alloc_1
    sys_command.o(.text) refers (Special) to use_no_semi.o(.text) for __I$use$semihosting
    sys_command.o(.text) refers (Special) to indicate_semi.o(.text) for __semihosting_library_function
    defsig_rtmem_outer.o(.text) refers to defsig_rtmem_inner.o(.text) for __rt_SIGRTMEM_inner
    defsig_rtmem_outer.o(.text) refers to defsig_exit.o(.text) for __sig_exit
    defsig_rtmem_formal.o(.text) refers to rt_raise.o(.text) for __rt_raise


==============================================================================

Removing Unused input sections from the image.

    Removing main.o(.rev16_text), (4 bytes).
    Removing main.o(.revsh_text), (4 bytes).
    Removing main.o(.rrx_text), (6 bytes).
    Removing switch.o(.rev16_text), (4 bytes).
    Removing switch.o(.revsh_text), (4 bytes).
    Removing switch.o(.rrx_text), (6 bytes).
    Removing switch.o(i.runFirstTask), (28 bytes).
    Removing lock.o(.rev16_text), (4 bytes).
    Removing lock.o(.revsh_text), (4 bytes).
    Removing lock.o(.rrx_text), (6 bytes).
    Removing lock.o(i.lockSched), (40 bytes).
    Removing lock.o(i.unlockSched), (48 bytes).
    Removing rt_task.o(.rev16_text), (4 bytes).
    Removing rt_task.o(.revsh_text), (4 bytes).
    Removing rt_task.o(.rrx_text), (6 bytes).
    Removing rt_list.o(i.getLastListNode), (14 bytes).
    Removing rt_list.o(i.getNextListNode), (16 bytes).
    Removing rt_list.o(i.getPrevListNode), (16 bytes).
    Removing rt_list.o(i.listClearALL), (34 bytes).
    Removing rt_list.o(i.listInsert), (20 bytes).
    Removing system_armcm3.o(.rev16_text), (4 bytes).
    Removing system_armcm3.o(.revsh_text), (4 bytes).
    Removing system_armcm3.o(.rrx_text), (6 bytes).
    Removing system_armcm3.o(i.SystemCoreClockUpdate), (16 bytes).

24 unused section(s) (total 302 bytes) removed from the image.

==============================================================================

Image Symbol Table

    Local Symbols

    Symbol Name                              Value     Ov Type        Size  Object(Section)

    RESET                                    0x00000000   Section      192  startup_armcm3.o(RESET)
    ../clib/angel/boardlib.s                 0x00000000   Number         0  boardinit1.o ABSOLUTE
    ../clib/angel/boardlib.s                 0x00000000   Number         0  boardshut.o ABSOLUTE
    ../clib/angel/boardlib.s                 0x00000000   Number         0  boardinit3.o ABSOLUTE
    ../clib/angel/boardlib.s                 0x00000000   Number         0  boardinit2.o ABSOLUTE
    ../clib/angel/handlers.s                 0x00000000   Number         0  __scatter_copy.o ABSOLUTE
    ../clib/angel/handlers.s                 0x00000000   Number         0  __scatter_zi.o ABSOLUTE
    ../clib/angel/kernel.s                   0x00000000   Number         0  __rtentry2.o ABSOLUTE
    ../clib/angel/kernel.s                   0x00000000   Number         0  rtexit2.o ABSOLUTE
    ../clib/angel/kernel.s                   0x00000000   Number         0  rtexit.o ABSOLUTE
    ../clib/angel/kernel.s                   0x00000000   Number         0  __rtentry4.o ABSOLUTE
    ../clib/angel/kernel.s                   0x00000000   Number         0  __rtentry.o ABSOLUTE
    ../clib/angel/rt.s                       0x00000000   Number         0  rt_raise.o ABSOLUTE
    ../clib/angel/scatter.s                  0x00000000   Number         0  __scatter.o ABSOLUTE
    ../clib/angel/startup.s                  0x00000000   Number         0  __main.o ABSOLUTE
    ../clib/angel/sys.s                      0x00000000   Number         0  libspace.o ABSOLUTE
    ../clib/angel/sys.s                      0x00000000   Number         0  indicate_semi.o ABSOLUTE
    ../clib/angel/sys.s                      0x00000000   Number         0  sys_stackheap_outer.o ABSOLUTE
    ../clib/angel/sys.s                      0x00000000   Number         0  use_no_semi.o ABSOLUTE
    ../clib/angel/sysapp.c                   0x00000000   Number         0  sys_exit.o ABSOLUTE
    ../clib/angel/sysapp.c                   0x00000000   Number         0  sys_command.o ABSOLUTE
    ../clib/angel/sysapp.c                   0x00000000   Number         0  sys_wrch.o ABSOLUTE
    ../clib/armsys.c                         0x00000000   Number         0  _get_argv_nomalloc.o ABSOLUTE
    ../clib/armsys.c                         0x00000000   Number         0  no_argv.o ABSOLUTE
    ../clib/armsys.c                         0x00000000   Number         0  argv_veneer.o ABSOLUTE
    ../clib/armsys.c                         0x00000000   Number         0  argv_veneer.o ABSOLUTE
    ../clib/assert.c                         0x00000000   Number         0  assert_puts.o ABSOLUTE
    ../clib/assert.c                         0x00000000   Number         0  assert.o ABSOLUTE
    ../clib/heapalloc.c                      0x00000000   Number         0  hrguard.o ABSOLUTE
    ../clib/heapaux.c                        0x00000000   Number         0  heapauxi.o ABSOLUTE
    ../clib/libinit.s                        0x00000000   Number         0  libinit.o ABSOLUTE
    ../clib/libinit.s                        0x00000000   Number         0  libinit2.o ABSOLUTE
    ../clib/libinit.s                        0x00000000   Number         0  libshutdown.o ABSOLUTE
    ../clib/libinit.s                        0x00000000   Number         0  libshutdown2.o ABSOLUTE
    ../clib/signal.c                         0x00000000   Number         0  defsig_rtred_inner.o ABSOLUTE
    ../clib/signal.c                         0x00000000   Number         0  defsig_rtmem_formal.o ABSOLUTE
    ../clib/signal.c                         0x00000000   Number         0  defsig_rtmem_outer.o ABSOLUTE
    ../clib/signal.c                         0x00000000   Number         0  defsig_fpe_inner.o ABSOLUTE
    ../clib/signal.c                         0x00000000   Number         0  defsig_exit.o ABSOLUTE
    ../clib/signal.c                         0x00000000   Number         0  defsig_general.o ABSOLUTE
    ../clib/signal.c                         0x00000000   Number         0  defsig_other.o ABSOLUTE
    ../clib/signal.c                         0x00000000   Number         0  defsig_segv_inner.o ABSOLUTE
    ../clib/signal.c                         0x00000000   Number         0  __raise.o ABSOLUTE
    ../clib/signal.c                         0x00000000   Number         0  defsig_abrt_inner.o ABSOLUTE
    ../clib/signal.c                         0x00000000   Number         0  defsig_cppl_inner.o ABSOLUTE
    ../clib/signal.c                         0x00000000   Number         0  defsig_pvfn_inner.o ABSOLUTE
    ../clib/signal.c                         0x00000000   Number         0  defsig_stak_inner.o ABSOLUTE
    ../clib/signal.c                         0x00000000   Number         0  defsig_rtmem_inner.o ABSOLUTE
    ../clib/signal.c                         0x00000000   Number         0  defsig_abrt_formal.o ABSOLUTE
    ../clib/signal.c                         0x00000000   Number         0  defsig_abrt_outer.o ABSOLUTE
    ../clib/signal.s                         0x00000000   Number         0  defsig.o ABSOLUTE
    ../clib/stdlib.c                         0x00000000   Number         0  abort.o ABSOLUTE
    ../clib/stdlib.c                         0x00000000   Number         0  exit.o ABSOLUTE
    ../fplib/fpinit.s                        0x00000000   Number         0  fpinit.o ABSOLUTE
    RTE\Device\ARMCM3\startup_ARMCM3.s       0x00000000   Number         0  startup_armcm3.o ABSOLUTE
    RTE\Device\ARMCM3\system_ARMCM3.c        0x00000000   Number         0  system_armcm3.o ABSOLUTE
    RTE\\Device\\ARMCM3\\system_ARMCM3.c     0x00000000   Number         0  system_armcm3.o ABSOLUTE
    SRC\\lock.c                              0x00000000   Number         0  lock.o ABSOLUTE
    SRC\\main.c                              0x00000000   Number         0  main.o ABSOLUTE
    SRC\\rt_task.c                           0x00000000   Number         0  rt_task.o ABSOLUTE
    SRC\\switch.c                            0x00000000   Number         0  switch.o ABSOLUTE
    SRC\bitmap.c                             0x00000000   Number         0  bitmap.o ABSOLUTE
    SRC\lock.c                               0x00000000   Number         0  lock.o ABSOLUTE
    SRC\main.c                               0x00000000   Number         0  main.o ABSOLUTE
    SRC\rt_list.c                            0x00000000   Number         0  rt_list.o ABSOLUTE
    SRC\rt_task.c                            0x00000000   Number         0  rt_task.o ABSOLUTE
    SRC\switch.c                             0x00000000   Number         0  switch.o ABSOLUTE
    dc.s                                     0x00000000   Number         0  dc.o ABSOLUTE
    !!!main                                  0x000000c0   Section        8  __main.o(!!!main)
    !!!scatter                               0x000000c8   Section       52  __scatter.o(!!!scatter)
    !!handler_copy                           0x000000fc   Section       26  __scatter_copy.o(!!handler_copy)
    !!handler_zi                             0x00000118   Section       28  __scatter_zi.o(!!handler_zi)
    .ARM.Collect$$libinit$$00000000          0x00000134   Section        2  libinit.o(.ARM.Collect$$libinit$$00000000)
    .ARM.Collect$$libinit$$00000002          0x00000136   Section        0  libinit2.o(.ARM.Collect$$libinit$$00000002)
    .ARM.Collect$$libinit$$00000004          0x00000136   Section        0  libinit2.o(.ARM.Collect$$libinit$$00000004)
    .ARM.Collect$$libinit$$0000000A          0x00000136   Section        0  libinit2.o(.ARM.Collect$$libinit$$0000000A)
    .ARM.Collect$$libinit$$0000000C          0x00000136   Section        0  libinit2.o(.ARM.Collect$$libinit$$0000000C)
    .ARM.Collect$$libinit$$0000000E          0x00000136   Section        0  libinit2.o(.ARM.Collect$$libinit$$0000000E)
    .ARM.Collect$$libinit$$00000011          0x00000136   Section        0  libinit2.o(.ARM.Collect$$libinit$$00000011)
    .ARM.Collect$$libinit$$00000013          0x00000136   Section        0  libinit2.o(.ARM.Collect$$libinit$$00000013)
    .ARM.Collect$$libinit$$00000015          0x00000136   Section        0  libinit2.o(.ARM.Collect$$libinit$$00000015)
    .ARM.Collect$$libinit$$00000017          0x00000136   Section        0  libinit2.o(.ARM.Collect$$libinit$$00000017)
    .ARM.Collect$$libinit$$00000019          0x00000136   Section        0  libinit2.o(.ARM.Collect$$libinit$$00000019)
    .ARM.Collect$$libinit$$0000001B          0x00000136   Section        0  libinit2.o(.ARM.Collect$$libinit$$0000001B)
    .ARM.Collect$$libinit$$0000001D          0x00000136   Section        0  libinit2.o(.ARM.Collect$$libinit$$0000001D)
    .ARM.Collect$$libinit$$0000001F          0x00000136   Section        0  libinit2.o(.ARM.Collect$$libinit$$0000001F)
    .ARM.Collect$$libinit$$00000021          0x00000136   Section        0  libinit2.o(.ARM.Collect$$libinit$$00000021)
    .ARM.Collect$$libinit$$00000023          0x00000136   Section        0  libinit2.o(.ARM.Collect$$libinit$$00000023)
    .ARM.Collect$$libinit$$00000025          0x00000136   Section        0  libinit2.o(.ARM.Collect$$libinit$$00000025)
    .ARM.Collect$$libinit$$0000002C          0x00000136   Section        0  libinit2.o(.ARM.Collect$$libinit$$0000002C)
    .ARM.Collect$$libinit$$0000002E          0x00000136   Section        0  libinit2.o(.ARM.Collect$$libinit$$0000002E)
    .ARM.Collect$$libinit$$00000030          0x00000136   Section        0  libinit2.o(.ARM.Collect$$libinit$$00000030)
    .ARM.Collect$$libinit$$00000032          0x00000136   Section        0  libinit2.o(.ARM.Collect$$libinit$$00000032)
    .ARM.Collect$$libinit$$00000033          0x00000136   Section        2  libinit2.o(.ARM.Collect$$libinit$$00000033)
    .ARM.Collect$$libshutdown$$00000000      0x00000138   Section        2  libshutdown.o(.ARM.Collect$$libshutdown$$00000000)
    .ARM.Collect$$libshutdown$$00000002      0x0000013a   Section        0  libshutdown2.o(.ARM.Collect$$libshutdown$$00000002)
    .ARM.Collect$$libshutdown$$00000004      0x0000013a   Section        0  libshutdown2.o(.ARM.Collect$$libshutdown$$00000004)
    .ARM.Collect$$libshutdown$$00000007      0x0000013a   Section        0  libshutdown2.o(.ARM.Collect$$libshutdown$$00000007)
    .ARM.Collect$$libshutdown$$0000000A      0x0000013a   Section        0  libshutdown2.o(.ARM.Collect$$libshutdown$$0000000A)
    .ARM.Collect$$libshutdown$$0000000C      0x0000013a   Section        0  libshutdown2.o(.ARM.Collect$$libshutdown$$0000000C)
    .ARM.Collect$$libshutdown$$0000000F      0x0000013a   Section        0  libshutdown2.o(.ARM.Collect$$libshutdown$$0000000F)
    .ARM.Collect$$libshutdown$$00000010      0x0000013a   Section        2  libshutdown2.o(.ARM.Collect$$libshutdown$$00000010)
    .ARM.Collect$$rtentry$$00000000          0x0000013c   Section        0  __rtentry.o(.ARM.Collect$$rtentry$$00000000)
    .ARM.Collect$$rtentry$$00000002          0x0000013c   Section        0  __rtentry2.o(.ARM.Collect$$rtentry$$00000002)
    .ARM.Collect$$rtentry$$00000004          0x0000013c   Section        6  __rtentry4.o(.ARM.Collect$$rtentry$$00000004)
    .ARM.Collect$$rtentry$$00000009          0x00000142   Section        0  __rtentry2.o(.ARM.Collect$$rtentry$$00000009)
    .ARM.Collect$$rtentry$$0000000A          0x00000142   Section        4  __rtentry2.o(.ARM.Collect$$rtentry$$0000000A)
    .ARM.Collect$$rtentry$$0000000C          0x00000146   Section        0  __rtentry2.o(.ARM.Collect$$rtentry$$0000000C)
    .ARM.Collect$$rtentry$$0000000D          0x00000146   Section        8  __rtentry2.o(.ARM.Collect$$rtentry$$0000000D)
    .ARM.Collect$$rtexit$$00000000           0x0000014e   Section        2  rtexit.o(.ARM.Collect$$rtexit$$00000000)
    .ARM.Collect$$rtexit$$00000002           0x00000150   Section        0  rtexit2.o(.ARM.Collect$$rtexit$$00000002)
    .ARM.Collect$$rtexit$$00000003           0x00000150   Section        4  rtexit2.o(.ARM.Collect$$rtexit$$00000003)
    .ARM.Collect$$rtexit$$00000004           0x00000154   Section        6  rtexit2.o(.ARM.Collect$$rtexit$$00000004)
    .emb_text                                0x0000015c   Section       48  switch.o(.emb_text)
    .text                                    0x0000018c   Section       64  startup_armcm3.o(.text)
    .text                                    0x000001cc   Section        0  assert.o(.text)
    .text                                    0x0000024c   Section        0  heapauxi.o(.text)
    .text                                    0x00000252   Section        0  abort.o(.text)
    .text                                    0x00000268   Section        0  assert_puts.o(.text)
    .text                                    0x0000027c   Section        0  sys_wrch.o(.text)
    .text                                    0x0000028c   Section        0  sys_exit.o(.text)
    .text                                    0x00000298   Section        0  defsig_abrt_outer.o(.text)
    .text                                    0x000002a6   Section        2  use_no_semi.o(.text)
    .text                                    0x000002a8   Section       74  sys_stackheap_outer.o(.text)
    .text                                    0x000002a8   Section        0  indicate_semi.o(.text)
    .text                                    0x000002f2   Section        0  exit.o(.text)
    .text                                    0x00000304   Section        0  defsig_exit.o(.text)
    .text                                    0x00000310   Section        0  defsig_abrt_inner.o(.text)
    .text                                    0x00000340   Section        8  libspace.o(.text)
    .text                                    0x00000348   Section        0  defsig_general.o(.text)
    i.SysTick_Handler                        0x0000037a   Section        0  rt_task.o(i.SysTick_Handler)
    i.SystemInit                             0x00000384   Section        0  system_armcm3.o(i.SystemInit)
    i.bitmapClear                            0x00000394   Section        0  bitmap.o(i.bitmapClear)
    i.bitmapGetFirstSet                      0x000003d4   Section        0  bitmap.o(i.bitmapGetFirstSet)
    i.bitmapInit                             0x00000430   Section        0  bitmap.o(i.bitmapInit)
    i.bitmapPosCount                         0x00000436   Section        0  bitmap.o(i.bitmapPosCount)
    i.bitmapSet                              0x0000043c   Section        0  bitmap.o(i.bitmapSet)
    i.delay                                  0x0000047c   Section        0  main.o(i.delay)
    i.enterCritical                          0x00000488   Section        0  lock.o(i.enterCritical)
    i.getFirstListNode                       0x00000494   Section        0  rt_list.o(i.getFirstListNode)
    i.getHighestReadyTask                    0x000004a4   Section        0  rt_task.o(i.getHighestReadyTask)
    i.getListNodeNum                         0x000004cc   Section        0  rt_list.o(i.getListNodeNum)
    i.idleTaskEntry                          0x000004d2   Section        0  rt_task.o(i.idleTaskEntry)
    i.leaveCritical                          0x000004d6   Section        0  lock.o(i.leaveCritical)
    i.listHeadInit                           0x000004e0   Section        0  rt_list.o(i.listHeadInit)
    i.listNodeInit                           0x000004ea   Section        0  rt_list.o(i.listNodeInit)
    i.listNodeInsert2Head                    0x000004f2   Section        0  rt_list.o(i.listNodeInsert2Head)
    i.listNodeInsert2Tail                    0x0000050a   Section        0  rt_list.o(i.listNodeInsert2Tail)
    i.listRemove                             0x00000522   Section        0  rt_list.o(i.listRemove)
    i.listRemoveFirst                        0x00000536   Section        0  rt_list.o(i.listRemoveFirst)
    i.main                                   0x0000055c   Section        0  main.o(i.main)
    i.rtosInit                               0x000005d0   Section        0  main.o(i.rtosInit)
    i.runFirstTask2                          0x00000628   Section        0  switch.o(i.runFirstTask2)
    i.schedLockInit                          0x00000650   Section        0  lock.o(i.schedLockInit)
    i.setSysTick                             0x0000065c   Section        0  rt_task.o(i.setSysTick)
    i.task1Entry                             0x000006b4   Section        0  main.o(i.task1Entry)
    i.task2Entry                             0x000006dc   Section        0  main.o(i.task2Entry)
    i.task3Entry                             0x000006f8   Section        0  main.o(i.task3Entry)
    i.taskDelay                              0x00000714   Section        0  rt_task.o(i.taskDelay)
    i.taskDelayedListInit                    0x00000754   Section        0  rt_task.o(i.taskDelayedListInit)
    i.taskInit                               0x00000764   Section        0  rt_task.o(i.taskInit)
    i.taskSched                              0x00000838   Section        0  rt_task.o(i.taskSched)
    i.taskSched2Ready                        0x0000087c   Section        0  rt_task.o(i.taskSched2Ready)
    i.taskSched2Unready                      0x000008a8   Section        0  rt_task.o(i.taskSched2Unready)
    i.taskSwitch                             0x000008e4   Section        0  switch.o(i.taskSwitch)
    i.taskTimeSliceHandler                   0x000008f4   Section        0  rt_task.o(i.taskTimeSliceHandler)
    i.taskWait                               0x0000098c   Section        0  rt_task.o(i.taskWait)
    i.taskWakeUp                             0x000009a8   Section        0  rt_task.o(i.taskWakeUp)
    .constdata                               0x000009c4   Section      256  bitmap.o(.constdata)
    quickFindTable                           0x000009c4   Data         256  bitmap.o(.constdata)
    .data                                    0x20000000   Section       12  main.o(.data)
    .data                                    0x2000000c   Section        1  lock.o(.data)
    .data                                    0x20000010   Section       16  rt_task.o(.data)
    .data                                    0x20000020   Section        4  system_armcm3.o(.data)
    .bss                                     0x20000024   Section    12472  main.o(.bss)
    .bss                                     0x200030dc   Section     2480  rt_task.o(.bss)
    .bss                                     0x20003a8c   Section       96  libspace.o(.bss)
    HEAP                                     0x20003af0   Section     3072  startup_armcm3.o(HEAP)
    Heap_Mem                                 0x20003af0   Data        3072  startup_armcm3.o(HEAP)
    STACK                                    0x200046f0   Section     1024  startup_armcm3.o(STACK)
    Stack_Mem                                0x200046f0   Data        1024  startup_armcm3.o(STACK)
    __initial_sp                             0x20004af0   Data           0  startup_armcm3.o(STACK)

    Global Symbols

    Symbol Name                              Value     Ov Type        Size  Object(Section)

    BuildAttributes$$THM_ISAv4$P$D$K$B$S$PE$A:L22UL41UL21$X:L11$S22US41US21$IEEE1$IW$USESV6$~STKCKD$USESV7$~SHL$OSPACE$ROPI$EBA8$UX$STANDARDLIB$REQ8$PRES8$EABIv2 0x00000000   Number         0  anon$$obj.o ABSOLUTE
    __ARM_use_no_argv                        0x00000000   Number         0  main.o ABSOLUTE
    __Vectors                                0x00000000   Data           4  startup_armcm3.o(RESET)
    __ARM_exceptions_init                     - Undefined Weak Reference
    __alloca_initialize                       - Undefined Weak Reference
    __arm_preinit_                            - Undefined Weak Reference
    __cpp_initialize__aeabi_                  - Undefined Weak Reference
    __cxa_finalize                            - Undefined Weak Reference
    __rt_locale                               - Undefined Weak Reference
    __sigvec_lookup                           - Undefined Weak Reference
    _atexit_init                              - Undefined Weak Reference
    _call_atexit_fns                          - Undefined Weak Reference
    _clock_init                               - Undefined Weak Reference
    _fp_trap_init                             - Undefined Weak Reference
    _fp_trap_shutdown                         - Undefined Weak Reference
    _get_lc_collate                           - Undefined Weak Reference
    _get_lc_ctype                             - Undefined Weak Reference
    _get_lc_monetary                          - Undefined Weak Reference
    _get_lc_numeric                           - Undefined Weak Reference
    _get_lc_time                              - Undefined Weak Reference
    _getenv_init                              - Undefined Weak Reference
    _handle_redirection                       - Undefined Weak Reference
    _init_alloc                               - Undefined Weak Reference
    _init_user_alloc                          - Undefined Weak Reference
    _initio                                   - Undefined Weak Reference
    _rand_init                                - Undefined Weak Reference
    _signal_finish                            - Undefined Weak Reference
    _signal_init                              - Undefined Weak Reference
    _terminate_alloc                          - Undefined Weak Reference
    _terminate_user_alloc                     - Undefined Weak Reference
    _terminateio                              - Undefined Weak Reference
    __Vectors_End                            0x000000c0   Data           0  startup_armcm3.o(RESET)
    __Vectors_Size                           0x000000c0   Number         0  startup_armcm3.o ABSOLUTE
    __main                                   0x000000c1   Thumb Code     8  __main.o(!!!main)
    __scatterload                            0x000000c9   Thumb Code     0  __scatter.o(!!!scatter)
    __scatterload_rt2                        0x000000c9   Thumb Code    44  __scatter.o(!!!scatter)
    __scatterload_rt2_thumb_only             0x000000c9   Thumb Code     0  __scatter.o(!!!scatter)
    __scatterload_null                       0x000000d7   Thumb Code     0  __scatter.o(!!!scatter)
    __scatterload_copy                       0x000000fd   Thumb Code    26  __scatter_copy.o(!!handler_copy)
    __scatterload_zeroinit                   0x00000119   Thumb Code    28  __scatter_zi.o(!!handler_zi)
    __rt_lib_init                            0x00000135   Thumb Code     0  libinit.o(.ARM.Collect$$libinit$$00000000)
    __rt_lib_init_alloca_1                   0x00000137   Thumb Code     0  libinit2.o(.ARM.Collect$$libinit$$0000002E)
    __rt_lib_init_argv_1                     0x00000137   Thumb Code     0  libinit2.o(.ARM.Collect$$libinit$$0000002C)
    __rt_lib_init_atexit_1                   0x00000137   Thumb Code     0  libinit2.o(.ARM.Collect$$libinit$$0000001B)
    __rt_lib_init_clock_1                    0x00000137   Thumb Code     0  libinit2.o(.ARM.Collect$$libinit$$00000021)
    __rt_lib_init_cpp_1                      0x00000137   Thumb Code     0  libinit2.o(.ARM.Collect$$libinit$$00000032)
    __rt_lib_init_exceptions_1               0x00000137   Thumb Code     0  libinit2.o(.ARM.Collect$$libinit$$00000030)
    __rt_lib_init_fp_1                       0x00000137   Thumb Code     0  libinit2.o(.ARM.Collect$$libinit$$00000002)
    __rt_lib_init_fp_trap_1                  0x00000137   Thumb Code     0  libinit2.o(.ARM.Collect$$libinit$$0000001F)
    __rt_lib_init_getenv_1                   0x00000137   Thumb Code     0  libinit2.o(.ARM.Collect$$libinit$$00000023)
    __rt_lib_init_heap_1                     0x00000137   Thumb Code     0  libinit2.o(.ARM.Collect$$libinit$$0000000A)
    __rt_lib_init_lc_collate_1               0x00000137   Thumb Code     0  libinit2.o(.ARM.Collect$$libinit$$00000011)
    __rt_lib_init_lc_ctype_1                 0x00000137   Thumb Code     0  libinit2.o(.ARM.Collect$$libinit$$00000013)
    __rt_lib_init_lc_monetary_1              0x00000137   Thumb Code     0  libinit2.o(.ARM.Collect$$libinit$$00000015)
    __rt_lib_init_lc_numeric_1               0x00000137   Thumb Code     0  libinit2.o(.ARM.Collect$$libinit$$00000017)
    __rt_lib_init_lc_time_1                  0x00000137   Thumb Code     0  libinit2.o(.ARM.Collect$$libinit$$00000019)
    __rt_lib_init_preinit_1                  0x00000137   Thumb Code     0  libinit2.o(.ARM.Collect$$libinit$$00000004)
    __rt_lib_init_rand_1                     0x00000137   Thumb Code     0  libinit2.o(.ARM.Collect$$libinit$$0000000E)
    __rt_lib_init_return                     0x00000137   Thumb Code     0  libinit2.o(.ARM.Collect$$libinit$$00000033)
    __rt_lib_init_signal_1                   0x00000137   Thumb Code     0  libinit2.o(.ARM.Collect$$libinit$$0000001D)
    __rt_lib_init_stdio_1                    0x00000137   Thumb Code     0  libinit2.o(.ARM.Collect$$libinit$$00000025)
    __rt_lib_init_user_alloc_1               0x00000137   Thumb Code     0  libinit2.o(.ARM.Collect$$libinit$$0000000C)
    __rt_lib_shutdown                        0x00000139   Thumb Code     0  libshutdown.o(.ARM.Collect$$libshutdown$$00000000)
    __rt_lib_shutdown_cpp_1                  0x0000013b   Thumb Code     0  libshutdown2.o(.ARM.Collect$$libshutdown$$00000002)
    __rt_lib_shutdown_fp_trap_1              0x0000013b   Thumb Code     0  libshutdown2.o(.ARM.Collect$$libshutdown$$00000007)
    __rt_lib_shutdown_heap_1                 0x0000013b   Thumb Code     0  libshutdown2.o(.ARM.Collect$$libshutdown$$0000000F)
    __rt_lib_shutdown_return                 0x0000013b   Thumb Code     0  libshutdown2.o(.ARM.Collect$$libshutdown$$00000010)
    __rt_lib_shutdown_signal_1               0x0000013b   Thumb Code     0  libshutdown2.o(.ARM.Collect$$libshutdown$$0000000A)
    __rt_lib_shutdown_stdio_1                0x0000013b   Thumb Code     0  libshutdown2.o(.ARM.Collect$$libshutdown$$00000004)
    __rt_lib_shutdown_user_alloc_1           0x0000013b   Thumb Code     0  libshutdown2.o(.ARM.Collect$$libshutdown$$0000000C)
    __rt_entry                               0x0000013d   Thumb Code     0  __rtentry.o(.ARM.Collect$$rtentry$$00000000)
    __rt_entry_presh_1                       0x0000013d   Thumb Code     0  __rtentry2.o(.ARM.Collect$$rtentry$$00000002)
    __rt_entry_sh                            0x0000013d   Thumb Code     0  __rtentry4.o(.ARM.Collect$$rtentry$$00000004)
    __rt_entry_li                            0x00000143   Thumb Code     0  __rtentry2.o(.ARM.Collect$$rtentry$$0000000A)
    __rt_entry_postsh_1                      0x00000143   Thumb Code     0  __rtentry2.o(.ARM.Collect$$rtentry$$00000009)
    __rt_entry_main                          0x00000147   Thumb Code     0  __rtentry2.o(.ARM.Collect$$rtentry$$0000000D)
    __rt_entry_postli_1                      0x00000147   Thumb Code     0  __rtentry2.o(.ARM.Collect$$rtentry$$0000000C)
    __rt_exit                                0x0000014f   Thumb Code     0  rtexit.o(.ARM.Collect$$rtexit$$00000000)
    __rt_exit_ls                             0x00000151   Thumb Code     0  rtexit2.o(.ARM.Collect$$rtexit$$00000003)
    __rt_exit_prels_1                        0x00000151   Thumb Code     0  rtexit2.o(.ARM.Collect$$rtexit$$00000002)
    __rt_exit_exit                           0x00000155   Thumb Code     0  rtexit2.o(.ARM.Collect$$rtexit$$00000004)
    PendSV_Handler                           0x0000015d   Thumb Code    40  switch.o(.emb_text)
    Reset_Handler                            0x0000018d   Thumb Code     8  startup_armcm3.o(.text)
    NMI_Handler                              0x00000195   Thumb Code     2  startup_armcm3.o(.text)
    HardFault_Handler                        0x00000197   Thumb Code     2  startup_armcm3.o(.text)
    MemManage_Handler                        0x00000199   Thumb Code     2  startup_armcm3.o(.text)
    BusFault_Handler                         0x0000019b   Thumb Code     2  startup_armcm3.o(.text)
    UsageFault_Handler                       0x0000019d   Thumb Code     2  startup_armcm3.o(.text)
    SVC_Handler                              0x0000019f   Thumb Code     2  startup_armcm3.o(.text)
    DebugMon_Handler                         0x000001a1   Thumb Code     2  startup_armcm3.o(.text)
    AACI_IRQHandler                          0x000001a7   Thumb Code     0  startup_armcm3.o(.text)
    CAN_IRQHandler                           0x000001a7   Thumb Code     0  startup_armcm3.o(.text)
    CHLCD_IRQHandler                         0x000001a7   Thumb Code     0  startup_armcm3.o(.text)
    CLCD_IRQHandler                          0x000001a7   Thumb Code     0  startup_armcm3.o(.text)
    CPU_CLCD_IRQHandler                      0x000001a7   Thumb Code     0  startup_armcm3.o(.text)
    ENET_IRQHandler                          0x000001a7   Thumb Code     0  startup_armcm3.o(.text)
    FLEXRAY_IRQHandler                       0x000001a7   Thumb Code     0  startup_armcm3.o(.text)
    I2C_IRQHandler                           0x000001a7   Thumb Code     0  startup_armcm3.o(.text)
    LIN_IRQHandler                           0x000001a7   Thumb Code     0  startup_armcm3.o(.text)
    MCIA_IRQHandler                          0x000001a7   Thumb Code     0  startup_armcm3.o(.text)
    MCIB_IRQHandler                          0x000001a7   Thumb Code     0  startup_armcm3.o(.text)
    RTC_IRQHandler                           0x000001a7   Thumb Code     0  startup_armcm3.o(.text)
    SPI_IRQHandler                           0x000001a7   Thumb Code     0  startup_armcm3.o(.text)
    TIM0_IRQHandler                          0x000001a7   Thumb Code     0  startup_armcm3.o(.text)
    TIM2_IRQHandler                          0x000001a7   Thumb Code     0  startup_armcm3.o(.text)
    UART0_IRQHandler                         0x000001a7   Thumb Code     0  startup_armcm3.o(.text)
    UART1_IRQHandler                         0x000001a7   Thumb Code     0  startup_armcm3.o(.text)
    UART2_IRQHandler                         0x000001a7   Thumb Code     0  startup_armcm3.o(.text)
    UART3_IRQHandler                         0x000001a7   Thumb Code     0  startup_armcm3.o(.text)
    UART4_IRQHandler                         0x000001a7   Thumb Code     0  startup_armcm3.o(.text)
    USBDC_IRQHandler                         0x000001a7   Thumb Code     0  startup_armcm3.o(.text)
    USBHC_IRQHandler                         0x000001a7   Thumb Code     0  startup_armcm3.o(.text)
    WDT_IRQHandler                           0x000001a7   Thumb Code     0  startup_armcm3.o(.text)
    __user_initial_stackheap                 0x000001a9   Thumb Code    10  startup_armcm3.o(.text)
    __aeabi_assert                           0x000001cd   Thumb Code    86  assert.o(.text)
    __assert                                 0x000001cd   Thumb Code     0  assert.o(.text)
    __use_two_region_memory                  0x0000024d   Thumb Code     2  heapauxi.o(.text)
    __rt_heap_escrow$2region                 0x0000024f   Thumb Code     2  heapauxi.o(.text)
    __rt_heap_expand$2region                 0x00000251   Thumb Code     2  heapauxi.o(.text)
    abort                                    0x00000253   Thumb Code    22  abort.o(.text)
    __assert_puts                            0x00000269   Thumb Code    20  assert_puts.o(.text)
    _ttywrch                                 0x0000027d   Thumb Code    14  sys_wrch.o(.text)
    _sys_exit                                0x0000028d   Thumb Code     8  sys_exit.o(.text)
    __rt_SIGABRT                             0x00000299   Thumb Code    14  defsig_abrt_outer.o(.text)
    __I$use$semihosting                      0x000002a7   Thumb Code     0  use_no_semi.o(.text)
    __use_no_semihosting_swi                 0x000002a7   Thumb Code     2  use_no_semi.o(.text)
    __semihosting_library_function           0x000002a9   Thumb Code     0  indicate_semi.o(.text)
    __user_setup_stackheap                   0x000002a9   Thumb Code    74  sys_stackheap_outer.o(.text)
    exit                                     0x000002f3   Thumb Code    18  exit.o(.text)
    __sig_exit                               0x00000305   Thumb Code    10  defsig_exit.o(.text)
    __rt_SIGABRT_inner                       0x00000311   Thumb Code    14  defsig_abrt_inner.o(.text)
    __user_libspace                          0x00000341   Thumb Code     8  libspace.o(.text)
    __user_perproc_libspace                  0x00000341   Thumb Code     0  libspace.o(.text)
    __user_perthread_libspace                0x00000341   Thumb Code     0  libspace.o(.text)
    __default_signal_display                 0x00000349   Thumb Code    50  defsig_general.o(.text)
    SysTick_Handler                          0x0000037b   Thumb Code     8  rt_task.o(i.SysTick_Handler)
    SystemInit                               0x00000385   Thumb Code     8  system_armcm3.o(i.SystemInit)
    bitmapClear                              0x00000395   Thumb Code    34  bitmap.o(i.bitmapClear)
    bitmapGetFirstSet                        0x000003d5   Thumb Code    86  bitmap.o(i.bitmapGetFirstSet)
    bitmapInit                               0x00000431   Thumb Code     6  bitmap.o(i.bitmapInit)
    bitmapPosCount                           0x00000437   Thumb Code     4  bitmap.o(i.bitmapPosCount)
    bitmapSet                                0x0000043d   Thumb Code    34  bitmap.o(i.bitmapSet)
    delay                                    0x0000047d   Thumb Code    12  main.o(i.delay)
    enterCritical                            0x00000489   Thumb Code    12  lock.o(i.enterCritical)
    getFirstListNode                         0x00000495   Thumb Code    14  rt_list.o(i.getFirstListNode)
    getHighestReadyTask                      0x000004a5   Thumb Code    32  rt_task.o(i.getHighestReadyTask)
    getListNodeNum                           0x000004cd   Thumb Code     6  rt_list.o(i.getListNodeNum)
    idleTaskEntry                            0x000004d3   Thumb Code     4  rt_task.o(i.idleTaskEntry)
    leaveCritical                            0x000004d7   Thumb Code    10  lock.o(i.leaveCritical)
    listHeadInit                             0x000004e1   Thumb Code    10  rt_list.o(i.listHeadInit)
    listNodeInit                             0x000004eb   Thumb Code     8  rt_list.o(i.listNodeInit)
    listNodeInsert2Head                      0x000004f3   Thumb Code    24  rt_list.o(i.listNodeInsert2Head)
    listNodeInsert2Tail                      0x0000050b   Thumb Code    24  rt_list.o(i.listNodeInsert2Tail)
    listRemove                               0x00000523   Thumb Code    20  rt_list.o(i.listRemove)
    listRemoveFirst                          0x00000537   Thumb Code    38  rt_list.o(i.listRemoveFirst)
    main                                     0x0000055d   Thumb Code    76  main.o(i.main)
    rtosInit                                 0x000005d1   Thumb Code    64  main.o(i.rtosInit)
    runFirstTask2                            0x00000629   Thumb Code    28  switch.o(i.runFirstTask2)
    schedLockInit                            0x00000651   Thumb Code     8  lock.o(i.schedLockInit)
    setSysTick                               0x0000065d   Thumb Code    74  rt_task.o(i.setSysTick)
    task1Entry                               0x000006b5   Thumb Code    34  main.o(i.task1Entry)
    task2Entry                               0x000006dd   Thumb Code    24  main.o(i.task2Entry)
    task3Entry                               0x000006f9   Thumb Code    24  main.o(i.task3Entry)
    taskDelay                                0x00000715   Thumb Code    58  rt_task.o(i.taskDelay)
    taskDelayedListInit                      0x00000755   Thumb Code    10  rt_task.o(i.taskDelayedListInit)
    taskInit                                 0x00000765   Thumb Code   202  rt_task.o(i.taskInit)
    taskSched                                0x00000839   Thumb Code    56  rt_task.o(i.taskSched)
    taskSched2Ready                          0x0000087d   Thumb Code    34  rt_task.o(i.taskSched2Ready)
    taskSched2Unready                        0x000008a9   Thumb Code    52  rt_task.o(i.taskSched2Unready)
    taskSwitch                               0x000008e5   Thumb Code    10  switch.o(i.taskSwitch)
    taskTimeSliceHandler                     0x000008f5   Thumb Code   140  rt_task.o(i.taskTimeSliceHandler)
    taskWait                                 0x0000098d   Thumb Code    24  rt_task.o(i.taskWait)
    taskWakeUp                               0x000009a9   Thumb Code    24  rt_task.o(i.taskWakeUp)
    Region$$Table$$Base                      0x00000ac4   Number         0  anon$$obj.o(Region$$Table)
    Region$$Table$$Limit                     0x00000ae4   Number         0  anon$$obj.o(Region$$Table)
    task1Flag                                0x20000000   Data           4  main.o(.data)
    task2Flag                                0x20000004   Data           4  main.o(.data)
    task3Flag                                0x20000008   Data           4  main.o(.data)
    schedLockCount                           0x2000000c   Data           1  lock.o(.data)
    taskPriorityBitmap                       0x20000010   Data           4  rt_task.o(.data)
    currentTask                              0x20000014   Data           4  rt_task.o(.data)
    nextTask                                 0x20000018   Data           4  rt_task.o(.data)
    idleTask                                 0x2000001c   Data           4  rt_task.o(.data)
    SystemCoreClock                          0x20000020   Data           4  system_armcm3.o(.data)
    listhead                                 0x20000024   Data          12  main.o(.bss)
    listnode                                 0x20000030   Data          64  main.o(.bss)
    ttask1                                   0x20000070   Data          36  main.o(.bss)
    ttask2                                   0x20000094   Data          36  main.o(.bss)
    ttask3                                   0x200000b8   Data          36  main.o(.bss)
    task1Env                                 0x200000dc   Data        4096  main.o(.bss)
    task2Env                                 0x200010dc   Data        4096  main.o(.bss)
    task3Env                                 0x200020dc   Data        4096  main.o(.bss)
    _idleTask                                0x200030dc   Data          36  rt_task.o(.bss)
    taskTable                                0x20003100   Data         384  rt_task.o(.bss)
    idleTaskEnv                              0x20003280   Data        2048  rt_task.o(.bss)
    taskDelayedList                          0x20003a80   Data          12  rt_task.o(.bss)
    __libspace_start                         0x20003a8c   Data          96  libspace.o(.bss)
    __temporary_stack_top$libspace           0x20003aec   Data           0  libspace.o(.bss)



==============================================================================

Memory Map of the image

  Image Entry point : 0x0000018d

  Load Region LR_1 (Base: 0x00000000, Size: 0x00000b08, Max: 0xffffffff, ABSOLUTE)

    Execution Region ER_RO (Base: 0x00000000, Size: 0x00000ae4, Max: 0xffffffff, ABSOLUTE)

    Base Addr    Size         Type   Attr      Idx    E Section Name        Object

    0x00000000   0x000000c0   Data   RO          433    RESET               startup_armcm3.o
    0x000000c0   0x00000008   Code   RO          480  * !!!main             c_w.l(__main.o)
    0x000000c8   0x00000034   Code   RO          645    !!!scatter          c_w.l(__scatter.o)
    0x000000fc   0x0000001a   Code   RO          647    !!handler_copy      c_w.l(__scatter_copy.o)
    0x00000116   0x00000002   PAD
    0x00000118   0x0000001c   Code   RO          649    !!handler_zi        c_w.l(__scatter_zi.o)
    0x00000134   0x00000002   Code   RO          528    .ARM.Collect$$libinit$$00000000  c_w.l(libinit.o)
    0x00000136   0x00000000   Code   RO          539    .ARM.Collect$$libinit$$00000002  c_w.l(libinit2.o)
    0x00000136   0x00000000   Code   RO          541    .ARM.Collect$$libinit$$00000004  c_w.l(libinit2.o)
    0x00000136   0x00000000   Code   RO          544    .ARM.Collect$$libinit$$0000000A  c_w.l(libinit2.o)
    0x00000136   0x00000000   Code   RO          546    .ARM.Collect$$libinit$$0000000C  c_w.l(libinit2.o)
    0x00000136   0x00000000   Code   RO          548    .ARM.Collect$$libinit$$0000000E  c_w.l(libinit2.o)
    0x00000136   0x00000000   Code   RO          551    .ARM.Collect$$libinit$$00000011  c_w.l(libinit2.o)
    0x00000136   0x00000000   Code   RO          553    .ARM.Collect$$libinit$$00000013  c_w.l(libinit2.o)
    0x00000136   0x00000000   Code   RO          555    .ARM.Collect$$libinit$$00000015  c_w.l(libinit2.o)
    0x00000136   0x00000000   Code   RO          557    .ARM.Collect$$libinit$$00000017  c_w.l(libinit2.o)
    0x00000136   0x00000000   Code   RO          559    .ARM.Collect$$libinit$$00000019  c_w.l(libinit2.o)
    0x00000136   0x00000000   Code   RO          561    .ARM.Collect$$libinit$$0000001B  c_w.l(libinit2.o)
    0x00000136   0x00000000   Code   RO          563    .ARM.Collect$$libinit$$0000001D  c_w.l(libinit2.o)
    0x00000136   0x00000000   Code   RO          565    .ARM.Collect$$libinit$$0000001F  c_w.l(libinit2.o)
    0x00000136   0x00000000   Code   RO          567    .ARM.Collect$$libinit$$00000021  c_w.l(libinit2.o)
    0x00000136   0x00000000   Code   RO          569    .ARM.Collect$$libinit$$00000023  c_w.l(libinit2.o)
    0x00000136   0x00000000   Code   RO          571    .ARM.Collect$$libinit$$00000025  c_w.l(libinit2.o)
    0x00000136   0x00000000   Code   RO          575    .ARM.Collect$$libinit$$0000002C  c_w.l(libinit2.o)
    0x00000136   0x00000000   Code   RO          577    .ARM.Collect$$libinit$$0000002E  c_w.l(libinit2.o)
    0x00000136   0x00000000   Code   RO          579    .ARM.Collect$$libinit$$00000030  c_w.l(libinit2.o)
    0x00000136   0x00000000   Code   RO          581    .ARM.Collect$$libinit$$00000032  c_w.l(libinit2.o)
    0x00000136   0x00000002   Code   RO          582    .ARM.Collect$$libinit$$00000033  c_w.l(libinit2.o)
    0x00000138   0x00000002   Code   RO          618    .ARM.Collect$$libshutdown$$00000000  c_w.l(libshutdown.o)
    0x0000013a   0x00000000   Code   RO          628    .ARM.Collect$$libshutdown$$00000002  c_w.l(libshutdown2.o)
    0x0000013a   0x00000000   Code   RO          630    .ARM.Collect$$libshutdown$$00000004  c_w.l(libshutdown2.o)
    0x0000013a   0x00000000   Code   RO          633    .ARM.Collect$$libshutdown$$00000007  c_w.l(libshutdown2.o)
    0x0000013a   0x00000000   Code   RO          636    .ARM.Collect$$libshutdown$$0000000A  c_w.l(libshutdown2.o)
    0x0000013a   0x00000000   Code   RO          638    .ARM.Collect$$libshutdown$$0000000C  c_w.l(libshutdown2.o)
    0x0000013a   0x00000000   Code   RO          641    .ARM.Collect$$libshutdown$$0000000F  c_w.l(libshutdown2.o)
    0x0000013a   0x00000002   Code   RO          642    .ARM.Collect$$libshutdown$$00000010  c_w.l(libshutdown2.o)
    0x0000013c   0x00000000   Code   RO          482    .ARM.Collect$$rtentry$$00000000  c_w.l(__rtentry.o)
    0x0000013c   0x00000000   Code   RO          492    .ARM.Collect$$rtentry$$00000002  c_w.l(__rtentry2.o)
    0x0000013c   0x00000006   Code   RO          504    .ARM.Collect$$rtentry$$00000004  c_w.l(__rtentry4.o)
    0x00000142   0x00000000   Code   RO          494    .ARM.Collect$$rtentry$$00000009  c_w.l(__rtentry2.o)
    0x00000142   0x00000004   Code   RO          495    .ARM.Collect$$rtentry$$0000000A  c_w.l(__rtentry2.o)
    0x00000146   0x00000000   Code   RO          497    .ARM.Collect$$rtentry$$0000000C  c_w.l(__rtentry2.o)
    0x00000146   0x00000008   Code   RO          498    .ARM.Collect$$rtentry$$0000000D  c_w.l(__rtentry2.o)
    0x0000014e   0x00000002   Code   RO          532    .ARM.Collect$$rtexit$$00000000  c_w.l(rtexit.o)
    0x00000150   0x00000000   Code   RO          584    .ARM.Collect$$rtexit$$00000002  c_w.l(rtexit2.o)
    0x00000150   0x00000004   Code   RO          585    .ARM.Collect$$rtexit$$00000003  c_w.l(rtexit2.o)
    0x00000154   0x00000006   Code   RO          586    .ARM.Collect$$rtexit$$00000004  c_w.l(rtexit2.o)
    0x0000015a   0x00000002   PAD
    0x0000015c   0x00000030   Code   RO          105    .emb_text           switch.o
    0x0000018c   0x00000040   Code   RO          434  * .text               startup_armcm3.o
    0x000001cc   0x00000080   Code   RO          476    .text               c_w.l(assert.o)
    0x0000024c   0x00000006   Code   RO          478    .text               c_w.l(heapauxi.o)
    0x00000252   0x00000016   Code   RO          483    .text               c_w.l(abort.o)
    0x00000268   0x00000014   Code   RO          485    .text               c_w.l(assert_puts.o)
    0x0000027c   0x0000000e   Code   RO          487    .text               c_w.l(sys_wrch.o)
    0x0000028a   0x00000002   PAD
    0x0000028c   0x0000000c   Code   RO          489    .text               c_w.l(sys_exit.o)
    0x00000298   0x0000000e   Code   RO          506    .text               c_w.l(defsig_abrt_outer.o)
    0x000002a6   0x00000002   Code   RO          510    .text               c_w.l(use_no_semi.o)
    0x000002a8   0x00000000   Code   RO          512    .text               c_w.l(indicate_semi.o)
    0x000002a8   0x0000004a   Code   RO          513    .text               c_w.l(sys_stackheap_outer.o)
    0x000002f2   0x00000012   Code   RO          517    .text               c_w.l(exit.o)
    0x00000304   0x0000000a   Code   RO          519    .text               c_w.l(defsig_exit.o)
    0x0000030e   0x00000002   PAD
    0x00000310   0x00000030   Code   RO          521    .text               c_w.l(defsig_abrt_inner.o)
    0x00000340   0x00000008   Code   RO          529    .text               c_w.l(libspace.o)
    0x00000348   0x00000032   Code   RO          536    .text               c_w.l(defsig_general.o)
    0x0000037a   0x00000008   Code   RO          242    i.SysTick_Handler   rt_task.o
    0x00000382   0x00000002   PAD
    0x00000384   0x00000010   Code   RO          442    i.SystemInit        system_armcm3.o
    0x00000394   0x00000040   Code   RO          199    i.bitmapClear       bitmap.o
    0x000003d4   0x0000005c   Code   RO          200    i.bitmapGetFirstSet  bitmap.o
    0x00000430   0x00000006   Code   RO          201    i.bitmapInit        bitmap.o
    0x00000436   0x00000004   Code   RO          202    i.bitmapPosCount    bitmap.o
    0x0000043a   0x00000002   PAD
    0x0000043c   0x00000040   Code   RO          203    i.bitmapSet         bitmap.o
    0x0000047c   0x0000000c   Code   RO            4    i.delay             main.o
    0x00000488   0x0000000c   Code   RO          148    i.enterCritical     lock.o
    0x00000494   0x0000000e   Code   RO          347    i.getFirstListNode  rt_list.o
    0x000004a2   0x00000002   PAD
    0x000004a4   0x00000028   Code   RO          243    i.getHighestReadyTask  rt_task.o
    0x000004cc   0x00000006   Code   RO          349    i.getListNodeNum    rt_list.o
    0x000004d2   0x00000004   Code   RO          244    i.idleTaskEntry     rt_task.o
    0x000004d6   0x0000000a   Code   RO          149    i.leaveCritical     lock.o
    0x000004e0   0x0000000a   Code   RO          353    i.listHeadInit      rt_list.o
    0x000004ea   0x00000008   Code   RO          355    i.listNodeInit      rt_list.o
    0x000004f2   0x00000018   Code   RO          356    i.listNodeInsert2Head  rt_list.o
    0x0000050a   0x00000018   Code   RO          357    i.listNodeInsert2Tail  rt_list.o
    0x00000522   0x00000014   Code   RO          358    i.listRemove        rt_list.o
    0x00000536   0x00000026   Code   RO          359    i.listRemoveFirst   rt_list.o
    0x0000055c   0x00000074   Code   RO            5    i.main              main.o
    0x000005d0   0x00000058   Code   RO            6    i.rtosInit          main.o
    0x00000628   0x00000028   Code   RO          107    i.runFirstTask2     switch.o
    0x00000650   0x0000000c   Code   RO          151    i.schedLockInit     lock.o
    0x0000065c   0x00000058   Code   RO          245    i.setSysTick        rt_task.o
    0x000006b4   0x00000028   Code   RO            7    i.task1Entry        main.o
    0x000006dc   0x0000001c   Code   RO            8    i.task2Entry        main.o
    0x000006f8   0x0000001c   Code   RO            9    i.task3Entry        main.o
    0x00000714   0x00000040   Code   RO          246    i.taskDelay         rt_task.o
    0x00000754   0x00000010   Code   RO          247    i.taskDelayedListInit  rt_task.o
    0x00000764   0x000000d4   Code   RO          248    i.taskInit          rt_task.o
    0x00000838   0x00000044   Code   RO          249    i.taskSched         rt_task.o
    0x0000087c   0x0000002c   Code   RO          250    i.taskSched2Ready   rt_task.o
    0x000008a8   0x0000003c   Code   RO          251    i.taskSched2Unready  rt_task.o
    0x000008e4   0x00000010   Code   RO          108    i.taskSwitch        switch.o
    0x000008f4   0x00000098   Code   RO          252    i.taskTimeSliceHandler  rt_task.o
    0x0000098c   0x0000001c   Code   RO          253    i.taskWait          rt_task.o
    0x000009a8   0x0000001c   Code   RO          254    i.taskWakeUp        rt_task.o
    0x000009c4   0x00000100   Data   RO          204    .constdata          bitmap.o
    0x00000ac4   0x00000020   Data   RO          643    Region$$Table       anon$$obj.o


    Execution Region ER_RW (Base: 0x20000000, Size: 0x00000024, Max: 0xffffffff, ABSOLUTE)

    Base Addr    Size         Type   Attr      Idx    E Section Name        Object

    0x20000000   0x0000000c   Data   RW           11    .data               main.o
    0x2000000c   0x00000001   Data   RW          153    .data               lock.o
    0x2000000d   0x00000003   PAD
    0x20000010   0x00000010   Data   RW          256    .data               rt_task.o
    0x20000020   0x00000004   Data   RW          443    .data               system_armcm3.o


    Execution Region ER_ZI (Base: 0x20000024, Size: 0x00004acc, Max: 0xffffffff, ABSOLUTE)

    Base Addr    Size         Type   Attr      Idx    E Section Name        Object

    0x20000024   0x000030b8   Zero   RW           10    .bss                main.o
    0x200030dc   0x000009b0   Zero   RW          255    .bss                rt_task.o
    0x20003a8c   0x00000060   Zero   RW          530    .bss                c_w.l(libspace.o)
    0x20003aec   0x00000004   PAD
    0x20003af0   0x00000c00   Zero   RW          432    HEAP                startup_armcm3.o
    0x200046f0   0x00000400   Zero   RW          431    STACK               startup_armcm3.o


==============================================================================

Image component sizes


      Code (inc. data)   RO Data    RW Data    ZI Data      Debug   Object Name

       230         66        256          0          0       2744   bitmap.o
        34          4          0          1          0       4401   lock.o
       312         78          0         12      12472      12638   main.o
       144          0          0          0          0       4085   rt_list.o
       812         94          0         16       2480      31771   rt_task.o
        64         26        192          0       4096        840   startup_armcm3.o
       104         26          0          0          0       3969   switch.o
        16          8          0          4          0        659   system_armcm3.o

    ----------------------------------------------------------------------
      1722        302        480         36      19048      61107   Object Totals
         0          0         32          0          0          0   (incl. Generated)
         6          0          0          3          0          0   (incl. Padding)

    ----------------------------------------------------------------------

      Code (inc. data)   RO Data    RW Data    ZI Data      Debug   Library Member Name

         8          0          0          0          0         68   __main.o
         0          0          0          0          0          0   __rtentry.o
        12          0          0          0          0          0   __rtentry2.o
         6          0          0          0          0          0   __rtentry4.o
        52          8          0          0          0          0   __scatter.o
        26          0          0          0          0          0   __scatter_copy.o
        28          0          0          0          0          0   __scatter_zi.o
        22          0          0          0          0         80   abort.o
       128         42          0          0          0         76   assert.o
        20          0          0          0          0         76   assert_puts.o
        48         34          0          0          0         76   defsig_abrt_inner.o
        14          0          0          0          0         80   defsig_abrt_outer.o
        10          0          0          0          0         68   defsig_exit.o
        50          0          0          0          0         88   defsig_general.o
        18          0          0          0          0         80   exit.o
         6          0          0          0          0        152   heapauxi.o
         0          0          0          0          0          0   indicate_semi.o
         2          0          0          0          0          0   libinit.o
         2          0          0          0          0          0   libinit2.o
         2          0          0          0          0          0   libshutdown.o
         2          0          0          0          0          0   libshutdown2.o
         8          4          0          0         96         68   libspace.o
         2          0          0          0          0          0   rtexit.o
        10          0          0          0          0          0   rtexit2.o
        12          4          0          0          0         68   sys_exit.o
        74          0          0          0          0         80   sys_stackheap_outer.o
        14          0          0          0          0         76   sys_wrch.o
         2          0          0          0          0         68   use_no_semi.o

    ----------------------------------------------------------------------
       586         92          0          0        100       1204   Library Totals
         8          0          0          0          4          0   (incl. Padding)

    ----------------------------------------------------------------------

      Code (inc. data)   RO Data    RW Data    ZI Data      Debug   Library Name

       578         92          0          0         96       1204   c_w.l

    ----------------------------------------------------------------------
       586         92          0          0        100       1204   Library Totals

    ----------------------------------------------------------------------

==============================================================================


      Code (inc. data)   RO Data    RW Data    ZI Data      Debug   

      2308        394        480         36      19148      59915   Grand Totals
      2308        394        480         36      19148      59915   ELF Image Totals
      2308        394        480         36          0          0   ROM Totals

==============================================================================

    Total RO  Size (Code + RO Data)                 2788 (   2.72kB)
    Total RW  Size (RW Data + ZI Data)             19184 (  18.73kB)
    Total ROM Size (Code + RO Data + RW Data)       2824 (   2.76kB)

==============================================================================

